[2024-01-29T14:25:54.116+0000][gc,heap] Heap region size: 1M
[2024-01-29T14:25:54.129+0000][gc     ] Using G1
[2024-01-29T14:25:54.129+0000][gc,heap,coops] Heap address: 0x00000000c0000000, size: 1024 MB, Compressed Oops mode: 32-bit
[2024-01-29T14:25:54.129+0000][gc,cds       ] Mark closed archive regions in map: [0x00000000fff00000, 0x00000000fff6aff8]
[2024-01-29T14:25:54.129+0000][gc,cds       ] Mark open archive regions in map: [0x00000000ffe00000, 0x00000000ffe46ff8]
[2024-01-29T14:25:54.817+0000][gc,start     ] GC(0) Pause Young (Normal) (G1 Evacuation Pause)
[2024-01-29T14:25:54.818+0000][gc,task      ] GC(0) Using 8 workers of 8 for evacuation
[2024-01-29T14:25:54.824+0000][gc,phases    ] GC(0)   Pre Evacuate Collection Set: 0.0ms
[2024-01-29T14:25:54.824+0000][gc,phases    ] GC(0)   Evacuate Collection Set: 5.7ms
[2024-01-29T14:25:54.824+0000][gc,phases    ] GC(0)   Post Evacuate Collection Set: 0.4ms
[2024-01-29T14:25:54.824+0000][gc,phases    ] GC(0)   Other: 0.8ms
[2024-01-29T14:25:54.824+0000][gc,heap      ] GC(0) Eden regions: 51->0(44)
[2024-01-29T14:25:54.824+0000][gc,heap      ] GC(0) Survivor regions: 0->7(7)
[2024-01-29T14:25:54.824+0000][gc,heap      ] GC(0) Old regions: 2->2
[2024-01-29T14:25:54.824+0000][gc,heap      ] GC(0) Humongous regions: 0->0
[2024-01-29T14:25:54.824+0000][gc,metaspace ] GC(0) Metaspace: 14141K(14848K)->14141K(14848K) NonClass: 12376K(12800K)->12376K(12800K) Class: 1765K(2048K)->1765K(2048K)
[2024-01-29T14:25:54.824+0000][gc           ] GC(0) Pause Young (Normal) (G1 Evacuation Pause) 51M->7M(1024M) 7.034ms
[2024-01-29T14:25:54.824+0000][gc,cpu       ] GC(0) User=0.04s Sys=0.00s Real=0.00s
[2024-01-29T14:25:55.139+0000][gc,start     ] GC(1) Pause Young (Concurrent Start) (Metadata GC Threshold)
[2024-01-29T14:25:55.139+0000][gc,task      ] GC(1) Using 8 workers of 8 for evacuation
[2024-01-29T14:25:55.149+0000][gc,phases    ] GC(1)   Pre Evacuate Collection Set: 0.1ms
[2024-01-29T14:25:55.149+0000][gc,phases    ] GC(1)   Evacuate Collection Set: 9.5ms
[2024-01-29T14:25:55.149+0000][gc,phases    ] GC(1)   Post Evacuate Collection Set: 0.4ms
[2024-01-29T14:25:55.149+0000][gc,phases    ] GC(1)   Other: 0.2ms
[2024-01-29T14:25:55.149+0000][gc,heap      ] GC(1) Eden regions: 30->0(49)
[2024-01-29T14:25:55.149+0000][gc,heap      ] GC(1) Survivor regions: 7->2(7)
[2024-01-29T14:25:55.149+0000][gc,heap      ] GC(1) Old regions: 2->9
[2024-01-29T14:25:55.149+0000][gc,heap      ] GC(1) Humongous regions: 0->0
[2024-01-29T14:25:55.149+0000][gc,metaspace ] GC(1) Metaspace: 20591K(21248K)->20591K(21248K) NonClass: 18068K(18432K)->18068K(18432K) Class: 2523K(2816K)->2523K(2816K)
[2024-01-29T14:25:55.149+0000][gc           ] GC(1) Pause Young (Concurrent Start) (Metadata GC Threshold) 37M->8M(1024M) 10.189ms
[2024-01-29T14:25:55.149+0000][gc,cpu       ] GC(1) User=0.04s Sys=0.00s Real=0.01s
[2024-01-29T14:25:55.149+0000][gc           ] GC(2) Concurrent Cycle
[2024-01-29T14:25:55.149+0000][gc,marking   ] GC(2) Concurrent Clear Claimed Marks
[2024-01-29T14:25:55.149+0000][gc,marking   ] GC(2) Concurrent Clear Claimed Marks 0.020ms
[2024-01-29T14:25:55.149+0000][gc,marking   ] GC(2) Concurrent Scan Root Regions
[2024-01-29T14:25:55.150+0000][gc,marking   ] GC(2) Concurrent Scan Root Regions 0.708ms
[2024-01-29T14:25:55.150+0000][gc,marking   ] GC(2) Concurrent Mark (1.037s)
[2024-01-29T14:25:55.150+0000][gc,marking   ] GC(2) Concurrent Mark From Roots
[2024-01-29T14:25:55.150+0000][gc,task      ] GC(2) Using 2 workers of 2 for marking
[2024-01-29T14:25:55.154+0000][gc,marking   ] GC(2) Concurrent Mark From Roots 4.597ms
[2024-01-29T14:25:55.154+0000][gc,marking   ] GC(2) Concurrent Preclean
[2024-01-29T14:25:55.154+0000][gc,marking   ] GC(2) Concurrent Preclean 0.120ms
[2024-01-29T14:25:55.154+0000][gc,marking   ] GC(2) Concurrent Mark (1.037s, 1.042s) 4.745ms
[2024-01-29T14:25:55.155+0000][gc,start     ] GC(2) Pause Remark
[2024-01-29T14:25:55.165+0000][gc,stringtable] GC(2) Cleaned string and symbol table, strings: 5126 processed, 0 removed, symbols: 52283 processed, 42 removed
[2024-01-29T14:25:55.165+0000][gc            ] GC(2) Pause Remark 8M->8M(1024M) 10.446ms
[2024-01-29T14:25:55.165+0000][gc,cpu        ] GC(2) User=0.05s Sys=0.00s Real=0.02s
[2024-01-29T14:25:55.165+0000][gc,marking    ] GC(2) Concurrent Rebuild Remembered Sets
[2024-01-29T14:25:55.167+0000][gc,marking    ] GC(2) Concurrent Rebuild Remembered Sets 2.344ms
[2024-01-29T14:25:55.168+0000][gc,start      ] GC(2) Pause Cleanup
[2024-01-29T14:25:55.168+0000][gc            ] GC(2) Pause Cleanup 9M->9M(1024M) 0.254ms
[2024-01-29T14:25:55.168+0000][gc,cpu        ] GC(2) User=0.00s Sys=0.00s Real=0.00s
[2024-01-29T14:25:55.168+0000][gc,marking    ] GC(2) Concurrent Cleanup for Next Mark
[2024-01-29T14:25:55.175+0000][gc,marking    ] GC(2) Concurrent Cleanup for Next Mark 6.479ms
[2024-01-29T14:25:55.175+0000][gc            ] GC(2) Concurrent Cycle 25.805ms
[2024-01-29T14:25:55.745+0000][gc,start      ] GC(3) Pause Young (Normal) (G1 Evacuation Pause)
[2024-01-29T14:25:55.745+0000][gc,task       ] GC(3) Using 8 workers of 8 for evacuation
[2024-01-29T14:25:55.747+0000][gc,phases     ] GC(3)   Pre Evacuate Collection Set: 0.0ms
[2024-01-29T14:25:55.747+0000][gc,phases     ] GC(3)   Evacuate Collection Set: 2.0ms
[2024-01-29T14:25:55.747+0000][gc,phases     ] GC(3)   Post Evacuate Collection Set: 0.4ms
[2024-01-29T14:25:55.747+0000][gc,phases     ] GC(3)   Other: 0.1ms
[2024-01-29T14:25:55.747+0000][gc,heap       ] GC(3) Eden regions: 49->0(47)
[2024-01-29T14:25:55.747+0000][gc,heap       ] GC(3) Survivor regions: 2->4(7)
[2024-01-29T14:25:55.747+0000][gc,heap       ] GC(3) Old regions: 9->9
[2024-01-29T14:25:55.747+0000][gc,heap       ] GC(3) Humongous regions: 129->129
[2024-01-29T14:25:55.747+0000][gc,metaspace  ] GC(3) Metaspace: 28935K(30208K)->28935K(30208K) NonClass: 25548K(26368K)->25548K(26368K) Class: 3386K(3840K)->3386K(3840K)
[2024-01-29T14:25:55.747+0000][gc            ] GC(3) Pause Young (Normal) (G1 Evacuation Pause) 186M->139M(1024M) 2.531ms
[2024-01-29T14:25:55.747+0000][gc,cpu        ] GC(3) User=0.01s Sys=0.00s Real=0.00s
[2024-01-29T14:25:56.034+0000][gc,start      ] GC(4) Pause Young (Concurrent Start) (Metadata GC Threshold)
[2024-01-29T14:25:56.034+0000][gc,task       ] GC(4) Using 8 workers of 8 for evacuation
[2024-01-29T14:25:56.048+0000][gc,phases     ] GC(4)   Pre Evacuate Collection Set: 0.1ms
[2024-01-29T14:25:56.048+0000][gc,phases     ] GC(4)   Evacuate Collection Set: 13.1ms
[2024-01-29T14:25:56.048+0000][gc,phases     ] GC(4)   Post Evacuate Collection Set: 0.4ms
[2024-01-29T14:25:56.048+0000][gc,phases     ] GC(4)   Other: 0.2ms
[2024-01-29T14:25:56.048+0000][gc,heap       ] GC(4) Eden regions: 36->0(44)
[2024-01-29T14:25:56.048+0000][gc,heap       ] GC(4) Survivor regions: 4->7(7)
[2024-01-29T14:25:56.048+0000][gc,heap       ] GC(4) Old regions: 9->9
[2024-01-29T14:25:56.048+0000][gc,heap       ] GC(4) Humongous regions: 129->129
[2024-01-29T14:25:56.048+0000][gc,metaspace  ] GC(4) Metaspace: 34472K(35840K)->34472K(35840K) NonClass: 30391K(31104K)->30391K(31104K) Class: 4081K(4736K)->4081K(4736K)
[2024-01-29T14:25:56.048+0000][gc            ] GC(4) Pause Young (Concurrent Start) (Metadata GC Threshold) 174M->142M(1024M) 13.877ms
[2024-01-29T14:25:56.048+0000][gc,cpu        ] GC(4) User=0.06s Sys=0.00s Real=0.02s
[2024-01-29T14:25:56.048+0000][gc            ] GC(5) Concurrent Cycle
[2024-01-29T14:25:56.048+0000][gc,marking    ] GC(5) Concurrent Clear Claimed Marks
[2024-01-29T14:25:56.048+0000][gc,marking    ] GC(5) Concurrent Clear Claimed Marks 0.035ms
[2024-01-29T14:25:56.048+0000][gc,marking    ] GC(5) Concurrent Scan Root Regions
[2024-01-29T14:25:56.050+0000][gc,marking    ] GC(5) Concurrent Scan Root Regions 1.942ms
[2024-01-29T14:25:56.050+0000][gc,marking    ] GC(5) Concurrent Mark (1.938s)
[2024-01-29T14:25:56.050+0000][gc,marking    ] GC(5) Concurrent Mark From Roots
[2024-01-29T14:25:56.050+0000][gc,task       ] GC(5) Using 2 workers of 2 for marking
[2024-01-29T14:25:56.055+0000][gc,marking    ] GC(5) Concurrent Mark From Roots 4.948ms
[2024-01-29T14:25:56.055+0000][gc,marking    ] GC(5) Concurrent Preclean
[2024-01-29T14:25:56.055+0000][gc,marking    ] GC(5) Concurrent Preclean 0.130ms
[2024-01-29T14:25:56.055+0000][gc,marking    ] GC(5) Concurrent Mark (1.938s, 1.943s) 5.122ms
[2024-01-29T14:25:56.055+0000][gc,start      ] GC(5) Pause Remark
[2024-01-29T14:25:56.060+0000][gc,stringtable] GC(5) Cleaned string and symbol table, strings: 10476 processed, 11 removed, symbols: 82422 processed, 15 removed
[2024-01-29T14:25:56.060+0000][gc            ] GC(5) Pause Remark 143M->143M(1024M) 4.574ms
[2024-01-29T14:25:56.060+0000][gc,cpu        ] GC(5) User=0.03s Sys=0.00s Real=0.01s
[2024-01-29T14:25:56.060+0000][gc,marking    ] GC(5) Concurrent Rebuild Remembered Sets
[2024-01-29T14:25:56.063+0000][gc,marking    ] GC(5) Concurrent Rebuild Remembered Sets 3.171ms
[2024-01-29T14:25:56.063+0000][gc,start      ] GC(5) Pause Cleanup
[2024-01-29T14:25:56.064+0000][gc            ] GC(5) Pause Cleanup 143M->143M(1024M) 0.239ms
[2024-01-29T14:25:56.064+0000][gc,cpu        ] GC(5) User=0.00s Sys=0.00s Real=0.00s
[2024-01-29T14:25:56.064+0000][gc,marking    ] GC(5) Concurrent Cleanup for Next Mark
[2024-01-29T14:25:56.073+0000][gc,marking    ] GC(5) Concurrent Cleanup for Next Mark 9.878ms
[2024-01-29T14:25:56.074+0000][gc            ] GC(5) Concurrent Cycle 25.366ms
[2024-01-29T14:27:16.281+0000][gc,start      ] GC(6) Pause Young (Normal) (G1 Evacuation Pause)
[2024-01-29T14:27:16.281+0000][gc,task       ] GC(6) Using 8 workers of 8 for evacuation
[2024-01-29T14:27:16.289+0000][gc,phases     ] GC(6)   Pre Evacuate Collection Set: 0.0ms
[2024-01-29T14:27:16.289+0000][gc,phases     ] GC(6)   Evacuate Collection Set: 6.4ms
[2024-01-29T14:27:16.289+0000][gc,phases     ] GC(6)   Post Evacuate Collection Set: 1.0ms
[2024-01-29T14:27:16.289+0000][gc,phases     ] GC(6)   Other: 0.2ms
[2024-01-29T14:27:16.289+0000][gc,heap       ] GC(6) Eden regions: 44->0(45)
[2024-01-29T14:27:16.289+0000][gc,heap       ] GC(6) Survivor regions: 7->6(7)
[2024-01-29T14:27:16.289+0000][gc,heap       ] GC(6) Old regions: 9->12
[2024-01-29T14:27:16.289+0000][gc,heap       ] GC(6) Humongous regions: 201->129
[2024-01-29T14:27:16.289+0000][gc,metaspace  ] GC(6) Metaspace: 41397K(43904K)->41397K(43904K) NonClass: 35936K(37120K)->35936K(37120K) Class: 5460K(6784K)->5460K(6784K)
[2024-01-29T14:27:16.289+0000][gc            ] GC(6) Pause Young (Normal) (G1 Evacuation Pause) 258M->144M(1024M) 7.764ms
[2024-01-29T14:27:16.289+0000][gc,cpu        ] GC(6) User=0.03s Sys=0.01s Real=0.01s
[2024-01-29T14:48:25.456+0000][gc,start      ] GC(7) Pause Young (Normal) (G1 Evacuation Pause)
[2024-01-29T14:48:25.456+0000][gc,task       ] GC(7) Using 8 workers of 8 for evacuation
[2024-01-29T14:48:25.466+0000][gc,phases     ] GC(7)   Pre Evacuate Collection Set: 0.0ms
[2024-01-29T14:48:25.466+0000][gc,phases     ] GC(7)   Evacuate Collection Set: 9.3ms
[2024-01-29T14:48:25.466+0000][gc,phases     ] GC(7)   Post Evacuate Collection Set: 0.6ms
[2024-01-29T14:48:25.466+0000][gc,phases     ] GC(7)   Other: 0.2ms
[2024-01-29T14:48:25.466+0000][gc,heap       ] GC(7) Eden regions: 45->0(47)
[2024-01-29T14:48:25.467+0000][gc,heap       ] GC(7) Survivor regions: 6->4(7)
[2024-01-29T14:48:25.467+0000][gc,heap       ] GC(7) Old regions: 12->15
[2024-01-29T14:48:25.467+0000][gc,heap       ] GC(7) Humongous regions: 129->129
[2024-01-29T14:48:25.467+0000][gc,metaspace  ] GC(7) Metaspace: 44144K(47360K)->44144K(47360K) NonClass: 38101K(39680K)->38101K(39680K) Class: 6042K(7680K)->6042K(7680K)
[2024-01-29T14:48:25.467+0000][gc            ] GC(7) Pause Young (Normal) (G1 Evacuation Pause) 189M->145M(1024M) 10.318ms
[2024-01-29T14:48:25.467+0000][gc,cpu        ] GC(7) User=0.02s Sys=0.00s Real=0.02s
[2024-01-29T15:03:04.963+0000][gc,heap,exit  ] Heap
[2024-01-29T15:03:04.963+0000][gc,heap,exit  ]  garbage-first heap   total 1048576K, used 178752K [0x00000000c0000000, 0x0000000100000000)
[2024-01-29T15:03:04.963+0000][gc,heap,exit  ]   region size 1024K, 35 young (35840K), 4 survivors (4096K)
[2024-01-29T15:03:04.963+0000][gc,heap,exit  ]  Metaspace       used 44915K, capacity 48071K, committed 48384K, reserved 1089536K
[2024-01-29T15:03:04.963+0000][gc,heap,exit  ]   class space    used 6228K, capacity 7838K, committed 7936K, reserved 1048576K
