[2024-01-29T15:04:05.253+0000][gc,heap] Heap region size: 1M
[2024-01-29T15:04:05.263+0000][gc     ] Using G1
[2024-01-29T15:04:05.263+0000][gc,heap,coops] Heap address: 0x00000000c0000000, size: 1024 MB, Compressed Oops mode: 32-bit
[2024-01-29T15:04:05.263+0000][gc,cds       ] Mark closed archive regions in map: [0x00000000fff00000, 0x00000000fff6aff8]
[2024-01-29T15:04:05.263+0000][gc,cds       ] Mark open archive regions in map: [0x00000000ffe00000, 0x00000000ffe46ff8]
[2024-01-29T15:04:05.955+0000][gc,start     ] GC(0) Pause Young (Normal) (G1 Evacuation Pause)
[2024-01-29T15:04:05.955+0000][gc,task      ] GC(0) Using 8 workers of 8 for evacuation
[2024-01-29T15:04:05.962+0000][gc,phases    ] GC(0)   Pre Evacuate Collection Set: 0.0ms
[2024-01-29T15:04:05.962+0000][gc,phases    ] GC(0)   Evacuate Collection Set: 5.7ms
[2024-01-29T15:04:05.962+0000][gc,phases    ] GC(0)   Post Evacuate Collection Set: 0.4ms
[2024-01-29T15:04:05.962+0000][gc,phases    ] GC(0)   Other: 0.7ms
[2024-01-29T15:04:05.962+0000][gc,heap      ] GC(0) Eden regions: 51->0(44)
[2024-01-29T15:04:05.962+0000][gc,heap      ] GC(0) Survivor regions: 0->7(7)
[2024-01-29T15:04:05.962+0000][gc,heap      ] GC(0) Old regions: 2->2
[2024-01-29T15:04:05.962+0000][gc,heap      ] GC(0) Humongous regions: 0->0
[2024-01-29T15:04:05.962+0000][gc,metaspace ] GC(0) Metaspace: 14310K(15104K)->14310K(15104K) NonClass: 12522K(13056K)->12522K(13056K) Class: 1788K(2048K)->1788K(2048K)
[2024-01-29T15:04:05.962+0000][gc           ] GC(0) Pause Young (Normal) (G1 Evacuation Pause) 51M->7M(1024M) 6.958ms
[2024-01-29T15:04:05.962+0000][gc,cpu       ] GC(0) User=0.03s Sys=0.01s Real=0.01s
[2024-01-29T15:04:06.237+0000][gc,start     ] GC(1) Pause Young (Concurrent Start) (Metadata GC Threshold)
[2024-01-29T15:04:06.237+0000][gc,task      ] GC(1) Using 8 workers of 8 for evacuation
[2024-01-29T15:04:06.246+0000][gc,phases    ] GC(1)   Pre Evacuate Collection Set: 0.1ms
[2024-01-29T15:04:06.246+0000][gc,phases    ] GC(1)   Evacuate Collection Set: 8.3ms
[2024-01-29T15:04:06.246+0000][gc,phases    ] GC(1)   Post Evacuate Collection Set: 0.4ms
[2024-01-29T15:04:06.246+0000][gc,phases    ] GC(1)   Other: 0.3ms
[2024-01-29T15:04:06.246+0000][gc,heap      ] GC(1) Eden regions: 29->0(49)
[2024-01-29T15:04:06.246+0000][gc,heap      ] GC(1) Survivor regions: 7->2(7)
[2024-01-29T15:04:06.246+0000][gc,heap      ] GC(1) Old regions: 2->9
[2024-01-29T15:04:06.246+0000][gc,heap      ] GC(1) Humongous regions: 0->0
[2024-01-29T15:04:06.246+0000][gc,metaspace ] GC(1) Metaspace: 20576K(21248K)->20576K(21248K) NonClass: 18055K(18432K)->18055K(18432K) Class: 2520K(2816K)->2520K(2816K)
[2024-01-29T15:04:06.246+0000][gc           ] GC(1) Pause Young (Concurrent Start) (Metadata GC Threshold) 36M->8M(1024M) 9.072ms
[2024-01-29T15:04:06.246+0000][gc,cpu       ] GC(1) User=0.03s Sys=0.00s Real=0.01s
[2024-01-29T15:04:06.246+0000][gc           ] GC(2) Concurrent Cycle
[2024-01-29T15:04:06.246+0000][gc,marking   ] GC(2) Concurrent Clear Claimed Marks
[2024-01-29T15:04:06.246+0000][gc,marking   ] GC(2) Concurrent Clear Claimed Marks 0.023ms
[2024-01-29T15:04:06.246+0000][gc,marking   ] GC(2) Concurrent Scan Root Regions
[2024-01-29T15:04:06.247+0000][gc,marking   ] GC(2) Concurrent Scan Root Regions 0.816ms
[2024-01-29T15:04:06.247+0000][gc,marking   ] GC(2) Concurrent Mark (0.997s)
[2024-01-29T15:04:06.247+0000][gc,marking   ] GC(2) Concurrent Mark From Roots
[2024-01-29T15:04:06.247+0000][gc,task      ] GC(2) Using 2 workers of 2 for marking
[2024-01-29T15:04:06.252+0000][gc,marking   ] GC(2) Concurrent Mark From Roots 4.426ms
[2024-01-29T15:04:06.252+0000][gc,marking   ] GC(2) Concurrent Preclean
[2024-01-29T15:04:06.252+0000][gc,marking   ] GC(2) Concurrent Preclean 0.152ms
[2024-01-29T15:04:06.252+0000][gc,marking   ] GC(2) Concurrent Mark (0.997s, 1.002s) 4.631ms
[2024-01-29T15:04:06.252+0000][gc,start     ] GC(2) Pause Remark
[2024-01-29T15:04:06.254+0000][gc,stringtable] GC(2) Cleaned string and symbol table, strings: 5127 processed, 0 removed, symbols: 52306 processed, 42 removed
[2024-01-29T15:04:06.254+0000][gc            ] GC(2) Pause Remark 8M->8M(1024M) 1.851ms
[2024-01-29T15:04:06.254+0000][gc,cpu        ] GC(2) User=0.01s Sys=0.00s Real=0.00s
[2024-01-29T15:04:06.254+0000][gc,marking    ] GC(2) Concurrent Rebuild Remembered Sets
[2024-01-29T15:04:06.256+0000][gc,marking    ] GC(2) Concurrent Rebuild Remembered Sets 2.383ms
[2024-01-29T15:04:06.257+0000][gc,start      ] GC(2) Pause Cleanup
[2024-01-29T15:04:06.257+0000][gc            ] GC(2) Pause Cleanup 9M->9M(1024M) 0.297ms
[2024-01-29T15:04:06.257+0000][gc,cpu        ] GC(2) User=0.00s Sys=0.00s Real=0.00s
[2024-01-29T15:04:06.257+0000][gc,marking    ] GC(2) Concurrent Cleanup for Next Mark
[2024-01-29T15:04:06.262+0000][gc,marking    ] GC(2) Concurrent Cleanup for Next Mark 5.064ms
[2024-01-29T15:04:06.262+0000][gc            ] GC(2) Concurrent Cycle 15.705ms
[2024-01-29T15:04:06.843+0000][gc,start      ] GC(3) Pause Young (Normal) (G1 Evacuation Pause)
[2024-01-29T15:04:06.843+0000][gc,task       ] GC(3) Using 8 workers of 8 for evacuation
[2024-01-29T15:04:06.846+0000][gc,phases     ] GC(3)   Pre Evacuate Collection Set: 0.0ms
[2024-01-29T15:04:06.846+0000][gc,phases     ] GC(3)   Evacuate Collection Set: 2.4ms
[2024-01-29T15:04:06.846+0000][gc,phases     ] GC(3)   Post Evacuate Collection Set: 0.4ms
[2024-01-29T15:04:06.846+0000][gc,phases     ] GC(3)   Other: 0.1ms
[2024-01-29T15:04:06.846+0000][gc,heap       ] GC(3) Eden regions: 49->0(47)
[2024-01-29T15:04:06.846+0000][gc,heap       ] GC(3) Survivor regions: 2->4(7)
[2024-01-29T15:04:06.846+0000][gc,heap       ] GC(3) Old regions: 9->9
[2024-01-29T15:04:06.846+0000][gc,heap       ] GC(3) Humongous regions: 129->129
[2024-01-29T15:04:06.846+0000][gc,metaspace  ] GC(3) Metaspace: 28684K(29952K)->28684K(29952K) NonClass: 25314K(26112K)->25314K(26112K) Class: 3369K(3840K)->3369K(3840K)
[2024-01-29T15:04:06.846+0000][gc            ] GC(3) Pause Young (Normal) (G1 Evacuation Pause) 186M->139M(1024M) 3.014ms
[2024-01-29T15:04:06.846+0000][gc,cpu        ] GC(3) User=0.02s Sys=0.00s Real=0.01s
[2024-01-29T15:04:07.152+0000][gc,start      ] GC(4) Pause Young (Concurrent Start) (Metadata GC Threshold)
[2024-01-29T15:04:07.152+0000][gc,task       ] GC(4) Using 8 workers of 8 for evacuation
[2024-01-29T15:04:07.164+0000][gc,phases     ] GC(4)   Pre Evacuate Collection Set: 0.1ms
[2024-01-29T15:04:07.164+0000][gc,phases     ] GC(4)   Evacuate Collection Set: 11.3ms
[2024-01-29T15:04:07.164+0000][gc,phases     ] GC(4)   Post Evacuate Collection Set: 0.4ms
[2024-01-29T15:04:07.164+0000][gc,phases     ] GC(4)   Other: 0.2ms
[2024-01-29T15:04:07.164+0000][gc,heap       ] GC(4) Eden regions: 37->0(44)
[2024-01-29T15:04:07.164+0000][gc,heap       ] GC(4) Survivor regions: 4->7(7)
[2024-01-29T15:04:07.164+0000][gc,heap       ] GC(4) Old regions: 9->9
[2024-01-29T15:04:07.164+0000][gc,heap       ] GC(4) Humongous regions: 129->129
[2024-01-29T15:04:07.164+0000][gc,metaspace  ] GC(4) Metaspace: 34445K(35840K)->34445K(35840K) NonClass: 30353K(31104K)->30353K(31104K) Class: 4091K(4736K)->4091K(4736K)
[2024-01-29T15:04:07.164+0000][gc            ] GC(4) Pause Young (Concurrent Start) (Metadata GC Threshold) 175M->142M(1024M) 12.132ms
[2024-01-29T15:04:07.164+0000][gc,cpu        ] GC(4) User=0.04s Sys=0.00s Real=0.01s
[2024-01-29T15:04:07.165+0000][gc            ] GC(5) Concurrent Cycle
[2024-01-29T15:04:07.165+0000][gc,marking    ] GC(5) Concurrent Clear Claimed Marks
[2024-01-29T15:04:07.165+0000][gc,marking    ] GC(5) Concurrent Clear Claimed Marks 0.037ms
[2024-01-29T15:04:07.165+0000][gc,marking    ] GC(5) Concurrent Scan Root Regions
[2024-01-29T15:04:07.167+0000][gc,marking    ] GC(5) Concurrent Scan Root Regions 2.110ms
[2024-01-29T15:04:07.167+0000][gc,marking    ] GC(5) Concurrent Mark (1.917s)
[2024-01-29T15:04:07.167+0000][gc,marking    ] GC(5) Concurrent Mark From Roots
[2024-01-29T15:04:07.167+0000][gc,task       ] GC(5) Using 2 workers of 2 for marking
[2024-01-29T15:04:07.173+0000][gc,marking    ] GC(5) Concurrent Mark From Roots 6.245ms
[2024-01-29T15:04:07.173+0000][gc,marking    ] GC(5) Concurrent Preclean
[2024-01-29T15:04:07.173+0000][gc,marking    ] GC(5) Concurrent Preclean 0.166ms
[2024-01-29T15:04:07.173+0000][gc,marking    ] GC(5) Concurrent Mark (1.917s, 1.923s) 6.471ms
[2024-01-29T15:04:07.173+0000][gc,start      ] GC(5) Pause Remark
[2024-01-29T15:04:07.176+0000][gc,stringtable] GC(5) Cleaned string and symbol table, strings: 10454 processed, 13 removed, symbols: 82097 processed, 15 removed
[2024-01-29T15:04:07.176+0000][gc            ] GC(5) Pause Remark 143M->143M(1024M) 2.774ms
[2024-01-29T15:04:07.176+0000][gc,cpu        ] GC(5) User=0.01s Sys=0.00s Real=0.00s
[2024-01-29T15:04:07.176+0000][gc,marking    ] GC(5) Concurrent Rebuild Remembered Sets
[2024-01-29T15:04:07.180+0000][gc,marking    ] GC(5) Concurrent Rebuild Remembered Sets 3.751ms
[2024-01-29T15:04:07.181+0000][gc,start      ] GC(5) Pause Cleanup
[2024-01-29T15:04:07.181+0000][gc            ] GC(5) Pause Cleanup 143M->143M(1024M) 0.275ms
[2024-01-29T15:04:07.181+0000][gc,cpu        ] GC(5) User=0.00s Sys=0.00s Real=0.00s
[2024-01-29T15:04:07.181+0000][gc,marking    ] GC(5) Concurrent Cleanup for Next Mark
[2024-01-29T15:04:07.187+0000][gc,marking    ] GC(5) Concurrent Cleanup for Next Mark 5.746ms
[2024-01-29T15:04:07.187+0000][gc            ] GC(5) Concurrent Cycle 22.561ms
[2024-01-29T15:04:10.616+0000][gc,heap,exit  ] Heap
[2024-01-29T15:04:10.616+0000][gc,heap,exit  ]  garbage-first heap   total 1048576K, used 280159K [0x00000000c0000000, 0x0000000100000000)
[2024-01-29T15:04:10.616+0000][gc,heap,exit  ]   region size 1024K, 50 young (51200K), 7 survivors (7168K)
[2024-01-29T15:04:10.616+0000][gc,heap,exit  ]  Metaspace       used 40254K, capacity 42418K, committed 42624K, reserved 1085440K
[2024-01-29T15:04:10.616+0000][gc,heap,exit  ]   class space    used 5173K, capacity 6250K, committed 6272K, reserved 1048576K
