[2024-01-29T15:48:42.163+0000][gc,heap] Heap region size: 1M
[2024-01-29T15:48:42.173+0000][gc     ] Using G1
[2024-01-29T15:48:42.173+0000][gc,heap,coops] Heap address: 0x00000000c0000000, size: 1024 MB, Compressed Oops mode: 32-bit
[2024-01-29T15:48:42.173+0000][gc,cds       ] Mark closed archive regions in map: [0x00000000fff00000, 0x00000000fff6aff8]
[2024-01-29T15:48:42.173+0000][gc,cds       ] Mark open archive regions in map: [0x00000000ffe00000, 0x00000000ffe46ff8]
[2024-01-29T15:48:42.918+0000][gc,start     ] GC(0) Pause Young (Normal) (G1 Evacuation Pause)
[2024-01-29T15:48:42.919+0000][gc,task      ] GC(0) Using 8 workers of 8 for evacuation
[2024-01-29T15:48:42.925+0000][gc,phases    ] GC(0)   Pre Evacuate Collection Set: 0.0ms
[2024-01-29T15:48:42.925+0000][gc,phases    ] GC(0)   Evacuate Collection Set: 5.4ms
[2024-01-29T15:48:42.925+0000][gc,phases    ] GC(0)   Post Evacuate Collection Set: 0.5ms
[2024-01-29T15:48:42.925+0000][gc,phases    ] GC(0)   Other: 0.8ms
[2024-01-29T15:48:42.925+0000][gc,heap      ] GC(0) Eden regions: 51->0(44)
[2024-01-29T15:48:42.925+0000][gc,heap      ] GC(0) Survivor regions: 0->7(7)
[2024-01-29T15:48:42.925+0000][gc,heap      ] GC(0) Old regions: 2->2
[2024-01-29T15:48:42.925+0000][gc,heap      ] GC(0) Humongous regions: 0->0
[2024-01-29T15:48:42.925+0000][gc,metaspace ] GC(0) Metaspace: 14165K(14848K)->14165K(14848K) NonClass: 12399K(12800K)->12399K(12800K) Class: 1766K(2048K)->1766K(2048K)
[2024-01-29T15:48:42.925+0000][gc           ] GC(0) Pause Young (Normal) (G1 Evacuation Pause) 51M->7M(1024M) 6.765ms
[2024-01-29T15:48:42.925+0000][gc,cpu       ] GC(0) User=0.03s Sys=0.01s Real=0.01s
[2024-01-29T15:48:43.234+0000][gc,start     ] GC(1) Pause Young (Concurrent Start) (Metadata GC Threshold)
[2024-01-29T15:48:43.234+0000][gc,task      ] GC(1) Using 8 workers of 8 for evacuation
[2024-01-29T15:48:43.243+0000][gc,phases    ] GC(1)   Pre Evacuate Collection Set: 0.1ms
[2024-01-29T15:48:43.243+0000][gc,phases    ] GC(1)   Evacuate Collection Set: 8.4ms
[2024-01-29T15:48:43.243+0000][gc,phases    ] GC(1)   Post Evacuate Collection Set: 0.4ms
[2024-01-29T15:48:43.243+0000][gc,phases    ] GC(1)   Other: 0.2ms
[2024-01-29T15:48:43.243+0000][gc,heap      ] GC(1) Eden regions: 29->0(49)
[2024-01-29T15:48:43.243+0000][gc,heap      ] GC(1) Survivor regions: 7->2(7)
[2024-01-29T15:48:43.243+0000][gc,heap      ] GC(1) Old regions: 2->9
[2024-01-29T15:48:43.243+0000][gc,heap      ] GC(1) Humongous regions: 0->0
[2024-01-29T15:48:43.243+0000][gc,metaspace ] GC(1) Metaspace: 20592K(21248K)->20592K(21248K) NonClass: 18070K(18432K)->18070K(18432K) Class: 2521K(2816K)->2521K(2816K)
[2024-01-29T15:48:43.243+0000][gc           ] GC(1) Pause Young (Concurrent Start) (Metadata GC Threshold) 35M->8M(1024M) 9.176ms
[2024-01-29T15:48:43.243+0000][gc,cpu       ] GC(1) User=0.04s Sys=0.01s Real=0.01s
[2024-01-29T15:48:43.243+0000][gc           ] GC(2) Concurrent Cycle
[2024-01-29T15:48:43.243+0000][gc,marking   ] GC(2) Concurrent Clear Claimed Marks
[2024-01-29T15:48:43.243+0000][gc,marking   ] GC(2) Concurrent Clear Claimed Marks 0.021ms
[2024-01-29T15:48:43.243+0000][gc,marking   ] GC(2) Concurrent Scan Root Regions
[2024-01-29T15:48:43.245+0000][gc,marking   ] GC(2) Concurrent Scan Root Regions 1.350ms
[2024-01-29T15:48:43.245+0000][gc,marking   ] GC(2) Concurrent Mark (1.085s)
[2024-01-29T15:48:43.245+0000][gc,marking   ] GC(2) Concurrent Mark From Roots
[2024-01-29T15:48:43.245+0000][gc,task      ] GC(2) Using 2 workers of 2 for marking
[2024-01-29T15:48:43.249+0000][gc,marking   ] GC(2) Concurrent Mark From Roots 4.618ms
[2024-01-29T15:48:43.249+0000][gc,marking   ] GC(2) Concurrent Preclean
[2024-01-29T15:48:43.249+0000][gc,marking   ] GC(2) Concurrent Preclean 0.115ms
[2024-01-29T15:48:43.249+0000][gc,marking   ] GC(2) Concurrent Mark (1.085s, 1.090s) 4.776ms
[2024-01-29T15:48:43.249+0000][gc,start     ] GC(2) Pause Remark
[2024-01-29T15:48:43.251+0000][gc,stringtable] GC(2) Cleaned string and symbol table, strings: 5126 processed, 0 removed, symbols: 52284 processed, 42 removed
[2024-01-29T15:48:43.252+0000][gc            ] GC(2) Pause Remark 8M->8M(1024M) 2.037ms
[2024-01-29T15:48:43.252+0000][gc,cpu        ] GC(2) User=0.01s Sys=0.00s Real=0.00s
[2024-01-29T15:48:43.252+0000][gc,marking    ] GC(2) Concurrent Rebuild Remembered Sets
[2024-01-29T15:48:43.254+0000][gc,marking    ] GC(2) Concurrent Rebuild Remembered Sets 2.294ms
[2024-01-29T15:48:43.254+0000][gc,start      ] GC(2) Pause Cleanup
[2024-01-29T15:48:43.254+0000][gc            ] GC(2) Pause Cleanup 9M->9M(1024M) 0.218ms
[2024-01-29T15:48:43.254+0000][gc,cpu        ] GC(2) User=0.00s Sys=0.00s Real=0.00s
[2024-01-29T15:48:43.254+0000][gc,marking    ] GC(2) Concurrent Cleanup for Next Mark
[2024-01-29T15:48:43.259+0000][gc,marking    ] GC(2) Concurrent Cleanup for Next Mark 4.901ms
[2024-01-29T15:48:43.259+0000][gc            ] GC(2) Concurrent Cycle 16.011ms
[2024-01-29T15:48:43.881+0000][gc,start      ] GC(3) Pause Young (Normal) (G1 Evacuation Pause)
[2024-01-29T15:48:43.881+0000][gc,task       ] GC(3) Using 8 workers of 8 for evacuation
[2024-01-29T15:48:43.884+0000][gc,phases     ] GC(3)   Pre Evacuate Collection Set: 0.0ms
[2024-01-29T15:48:43.884+0000][gc,phases     ] GC(3)   Evacuate Collection Set: 2.5ms
[2024-01-29T15:48:43.884+0000][gc,phases     ] GC(3)   Post Evacuate Collection Set: 0.5ms
[2024-01-29T15:48:43.884+0000][gc,phases     ] GC(3)   Other: 0.2ms
[2024-01-29T15:48:43.884+0000][gc,heap       ] GC(3) Eden regions: 49->0(47)
[2024-01-29T15:48:43.884+0000][gc,heap       ] GC(3) Survivor regions: 2->4(7)
[2024-01-29T15:48:43.884+0000][gc,heap       ] GC(3) Old regions: 9->9
[2024-01-29T15:48:43.884+0000][gc,heap       ] GC(3) Humongous regions: 129->129
[2024-01-29T15:48:43.884+0000][gc,metaspace  ] GC(3) Metaspace: 28647K(29696K)->28647K(29696K) NonClass: 25281K(25856K)->25281K(25856K) Class: 3366K(3840K)->3366K(3840K)
[2024-01-29T15:48:43.885+0000][gc            ] GC(3) Pause Young (Normal) (G1 Evacuation Pause) 186M->139M(1024M) 3.246ms
[2024-01-29T15:48:43.885+0000][gc,cpu        ] GC(3) User=0.01s Sys=0.00s Real=0.00s
[2024-01-29T15:48:44.171+0000][gc,start      ] GC(4) Pause Young (Concurrent Start) (Metadata GC Threshold)
[2024-01-29T15:48:44.171+0000][gc,task       ] GC(4) Using 8 workers of 8 for evacuation
[2024-01-29T15:48:44.176+0000][gc,phases     ] GC(4)   Pre Evacuate Collection Set: 0.1ms
[2024-01-29T15:48:44.176+0000][gc,phases     ] GC(4)   Evacuate Collection Set: 3.6ms
[2024-01-29T15:48:44.176+0000][gc,phases     ] GC(4)   Post Evacuate Collection Set: 0.4ms
[2024-01-29T15:48:44.176+0000][gc,phases     ] GC(4)   Other: 0.2ms
[2024-01-29T15:48:44.176+0000][gc,heap       ] GC(4) Eden regions: 37->0(44)
[2024-01-29T15:48:44.176+0000][gc,heap       ] GC(4) Survivor regions: 4->7(7)
[2024-01-29T15:48:44.176+0000][gc,heap       ] GC(4) Old regions: 9->9
[2024-01-29T15:48:44.176+0000][gc,heap       ] GC(4) Humongous regions: 129->129
[2024-01-29T15:48:44.176+0000][gc,metaspace  ] GC(4) Metaspace: 34479K(35840K)->34479K(35840K) NonClass: 30391K(31104K)->30391K(31104K) Class: 4087K(4736K)->4087K(4736K)
[2024-01-29T15:48:44.176+0000][gc            ] GC(4) Pause Young (Concurrent Start) (Metadata GC Threshold) 176M->142M(1024M) 4.383ms
[2024-01-29T15:48:44.176+0000][gc,cpu        ] GC(4) User=0.02s Sys=0.00s Real=0.00s
[2024-01-29T15:48:44.176+0000][gc            ] GC(5) Concurrent Cycle
[2024-01-29T15:48:44.176+0000][gc,marking    ] GC(5) Concurrent Clear Claimed Marks
[2024-01-29T15:48:44.176+0000][gc,marking    ] GC(5) Concurrent Clear Claimed Marks 0.038ms
[2024-01-29T15:48:44.176+0000][gc,marking    ] GC(5) Concurrent Scan Root Regions
[2024-01-29T15:48:44.178+0000][gc,marking    ] GC(5) Concurrent Scan Root Regions 2.100ms
[2024-01-29T15:48:44.178+0000][gc,marking    ] GC(5) Concurrent Mark (2.018s)
[2024-01-29T15:48:44.178+0000][gc,marking    ] GC(5) Concurrent Mark From Roots
[2024-01-29T15:48:44.178+0000][gc,task       ] GC(5) Using 2 workers of 2 for marking
[2024-01-29T15:48:44.183+0000][gc,marking    ] GC(5) Concurrent Mark From Roots 4.964ms
[2024-01-29T15:48:44.183+0000][gc,marking    ] GC(5) Concurrent Preclean
[2024-01-29T15:48:44.183+0000][gc,marking    ] GC(5) Concurrent Preclean 0.129ms
[2024-01-29T15:48:44.183+0000][gc,marking    ] GC(5) Concurrent Mark (2.018s, 2.023s) 5.145ms
[2024-01-29T15:48:44.183+0000][gc,start      ] GC(5) Pause Remark
[2024-01-29T15:48:44.185+0000][gc,stringtable] GC(5) Cleaned string and symbol table, strings: 10466 processed, 10 removed, symbols: 82427 processed, 15 removed
[2024-01-29T15:48:44.185+0000][gc            ] GC(5) Pause Remark 143M->143M(1024M) 1.815ms
[2024-01-29T15:48:44.185+0000][gc,cpu        ] GC(5) User=0.01s Sys=0.01s Real=0.01s
[2024-01-29T15:48:44.185+0000][gc,marking    ] GC(5) Concurrent Rebuild Remembered Sets
[2024-01-29T15:48:44.188+0000][gc,marking    ] GC(5) Concurrent Rebuild Remembered Sets 3.330ms
[2024-01-29T15:48:44.189+0000][gc,start      ] GC(5) Pause Cleanup
[2024-01-29T15:48:44.190+0000][gc            ] GC(5) Pause Cleanup 144M->144M(1024M) 0.298ms
[2024-01-29T15:48:44.190+0000][gc,cpu        ] GC(5) User=0.00s Sys=0.00s Real=0.00s
[2024-01-29T15:48:44.190+0000][gc,marking    ] GC(5) Concurrent Cleanup for Next Mark
[2024-01-29T15:48:44.200+0000][gc,marking    ] GC(5) Concurrent Cleanup for Next Mark 9.800ms
[2024-01-29T15:48:44.200+0000][gc            ] GC(5) Concurrent Cycle 23.971ms
[2024-01-29T15:49:05.723+0000][gc,start      ] GC(6) Pause Young (Normal) (G1 Evacuation Pause)
[2024-01-29T15:49:05.723+0000][gc,task       ] GC(6) Using 8 workers of 8 for evacuation
[2024-01-29T15:49:05.730+0000][gc,phases     ] GC(6)   Pre Evacuate Collection Set: 0.0ms
[2024-01-29T15:49:05.730+0000][gc,phases     ] GC(6)   Evacuate Collection Set: 5.5ms
[2024-01-29T15:49:05.730+0000][gc,phases     ] GC(6)   Post Evacuate Collection Set: 0.7ms
[2024-01-29T15:49:05.730+0000][gc,phases     ] GC(6)   Other: 0.2ms
[2024-01-29T15:49:05.730+0000][gc,heap       ] GC(6) Eden regions: 44->0(45)
[2024-01-29T15:49:05.730+0000][gc,heap       ] GC(6) Survivor regions: 7->6(7)
[2024-01-29T15:49:05.730+0000][gc,heap       ] GC(6) Old regions: 9->12
[2024-01-29T15:49:05.730+0000][gc,heap       ] GC(6) Humongous regions: 219->129
[2024-01-29T15:49:05.730+0000][gc,metaspace  ] GC(6) Metaspace: 41508K(44160K)->41508K(44160K) NonClass: 36019K(37376K)->36019K(37376K) Class: 5489K(6784K)->5489K(6784K)
[2024-01-29T15:49:05.730+0000][gc            ] GC(6) Pause Young (Normal) (G1 Evacuation Pause) 276M->144M(1024M) 6.433ms
[2024-01-29T15:49:05.730+0000][gc,cpu        ] GC(6) User=0.02s Sys=0.00s Real=0.01s
[2024-01-29T16:00:49.124+0000][gc,start      ] GC(7) Pause Young (Normal) (G1 Evacuation Pause)
[2024-01-29T16:00:49.124+0000][gc,task       ] GC(7) Using 8 workers of 8 for evacuation
[2024-01-29T16:00:49.146+0000][gc,mmu        ] GC(7) MMU target violated: 21.0ms (20.0ms/21.0ms)
[2024-01-29T16:00:49.146+0000][gc,phases     ] GC(7)   Pre Evacuate Collection Set: 0.1ms
[2024-01-29T16:00:49.146+0000][gc,phases     ] GC(7)   Evacuate Collection Set: 20.9ms
[2024-01-29T16:00:49.146+0000][gc,phases     ] GC(7)   Post Evacuate Collection Set: 0.8ms
[2024-01-29T16:00:49.146+0000][gc,phases     ] GC(7)   Other: 0.3ms
[2024-01-29T16:00:49.146+0000][gc,heap       ] GC(7) Eden regions: 45->0(47)
[2024-01-29T16:00:49.146+0000][gc,heap       ] GC(7) Survivor regions: 6->4(7)
[2024-01-29T16:00:49.146+0000][gc,heap       ] GC(7) Old regions: 12->15
[2024-01-29T16:00:49.146+0000][gc,heap       ] GC(7) Humongous regions: 129->129
[2024-01-29T16:00:49.146+0000][gc,metaspace  ] GC(7) Metaspace: 44994K(48256K)->44994K(48256K) NonClass: 38793K(40448K)->38793K(40448K) Class: 6201K(7808K)->6201K(7808K)
[2024-01-29T16:00:49.146+0000][gc            ] GC(7) Pause Young (Normal) (G1 Evacuation Pause) 189M->145M(1024M) 22.153ms
[2024-01-29T16:00:49.146+0000][gc,cpu        ] GC(7) User=0.06s Sys=0.01s Real=0.03s
[2024-01-29T16:00:49.180+0000][gc,heap,exit  ] Heap
[2024-01-29T16:00:49.180+0000][gc,heap,exit  ]  garbage-first heap   total 1048576K, used 151805K [0x00000000c0000000, 0x0000000100000000)
[2024-01-29T16:00:49.180+0000][gc,heap,exit  ]   region size 1024K, 8 young (8192K), 4 survivors (4096K)
[2024-01-29T16:00:49.180+0000][gc,heap,exit  ]  Metaspace       used 45077K, capacity 48241K, committed 48384K, reserved 1089536K
[2024-01-29T16:00:49.180+0000][gc,heap,exit  ]   class space    used 6224K, capacity 7834K, committed 7936K, reserved 1048576K
