[2024-01-29T12:32:59.541+0000][gc,heap] Heap region size: 1M
[2024-01-29T12:32:59.551+0000][gc     ] Using G1
[2024-01-29T12:32:59.551+0000][gc,heap,coops] Heap address: 0x00000000c0000000, size: 1024 MB, Compressed Oops mode: 32-bit
[2024-01-29T12:32:59.552+0000][gc,cds       ] Mark closed archive regions in map: [0x00000000fff00000, 0x00000000fff6aff8]
[2024-01-29T12:32:59.552+0000][gc,cds       ] Mark open archive regions in map: [0x00000000ffe00000, 0x00000000ffe46ff8]
[2024-01-29T12:33:00.267+0000][gc,start     ] GC(0) Pause Young (Normal) (G1 Evacuation Pause)
[2024-01-29T12:33:00.267+0000][gc,task      ] GC(0) Using 8 workers of 8 for evacuation
[2024-01-29T12:33:00.276+0000][gc,phases    ] GC(0)   Pre Evacuate Collection Set: 0.0ms
[2024-01-29T12:33:00.276+0000][gc,phases    ] GC(0)   Evacuate Collection Set: 8.1ms
[2024-01-29T12:33:00.276+0000][gc,phases    ] GC(0)   Post Evacuate Collection Set: 0.4ms
[2024-01-29T12:33:00.276+0000][gc,phases    ] GC(0)   Other: 0.7ms
[2024-01-29T12:33:00.276+0000][gc,heap      ] GC(0) Eden regions: 51->0(44)
[2024-01-29T12:33:00.276+0000][gc,heap      ] GC(0) Survivor regions: 0->7(7)
[2024-01-29T12:33:00.276+0000][gc,heap      ] GC(0) Old regions: 2->2
[2024-01-29T12:33:00.276+0000][gc,heap      ] GC(0) Humongous regions: 0->0
[2024-01-29T12:33:00.276+0000][gc,metaspace ] GC(0) Metaspace: 14253K(14848K)->14253K(14848K) NonClass: 12469K(12800K)->12469K(12800K) Class: 1784K(2048K)->1784K(2048K)
[2024-01-29T12:33:00.276+0000][gc           ] GC(0) Pause Young (Normal) (G1 Evacuation Pause) 51M->7M(1024M) 9.369ms
[2024-01-29T12:33:00.276+0000][gc,cpu       ] GC(0) User=0.05s Sys=0.00s Real=0.00s
[2024-01-29T12:33:00.555+0000][gc,start     ] GC(1) Pause Young (Concurrent Start) (Metadata GC Threshold)
[2024-01-29T12:33:00.555+0000][gc,task      ] GC(1) Using 8 workers of 8 for evacuation
[2024-01-29T12:33:00.564+0000][gc,phases    ] GC(1)   Pre Evacuate Collection Set: 0.1ms
[2024-01-29T12:33:00.564+0000][gc,phases    ] GC(1)   Evacuate Collection Set: 7.7ms
[2024-01-29T12:33:00.564+0000][gc,phases    ] GC(1)   Post Evacuate Collection Set: 0.3ms
[2024-01-29T12:33:00.564+0000][gc,phases    ] GC(1)   Other: 0.2ms
[2024-01-29T12:33:00.564+0000][gc,heap      ] GC(1) Eden regions: 30->0(49)
[2024-01-29T12:33:00.564+0000][gc,heap      ] GC(1) Survivor regions: 7->2(7)
[2024-01-29T12:33:00.564+0000][gc,heap      ] GC(1) Old regions: 2->9
[2024-01-29T12:33:00.564+0000][gc,heap      ] GC(1) Humongous regions: 0->0
[2024-01-29T12:33:00.564+0000][gc,metaspace ] GC(1) Metaspace: 20567K(21248K)->20567K(21248K) NonClass: 18044K(18432K)->18044K(18432K) Class: 2523K(2816K)->2523K(2816K)
[2024-01-29T12:33:00.564+0000][gc           ] GC(1) Pause Young (Concurrent Start) (Metadata GC Threshold) 37M->8M(1024M) 8.416ms
[2024-01-29T12:33:00.564+0000][gc,cpu       ] GC(1) User=0.02s Sys=0.00s Real=0.01s
[2024-01-29T12:33:00.564+0000][gc           ] GC(2) Concurrent Cycle
[2024-01-29T12:33:00.564+0000][gc,marking   ] GC(2) Concurrent Clear Claimed Marks
[2024-01-29T12:33:00.564+0000][gc,marking   ] GC(2) Concurrent Clear Claimed Marks 0.020ms
[2024-01-29T12:33:00.564+0000][gc,marking   ] GC(2) Concurrent Scan Root Regions
[2024-01-29T12:33:00.565+0000][gc,marking   ] GC(2) Concurrent Scan Root Regions 0.709ms
[2024-01-29T12:33:00.565+0000][gc,marking   ] GC(2) Concurrent Mark (1.027s)
[2024-01-29T12:33:00.565+0000][gc,marking   ] GC(2) Concurrent Mark From Roots
[2024-01-29T12:33:00.565+0000][gc,task      ] GC(2) Using 2 workers of 2 for marking
[2024-01-29T12:33:00.569+0000][gc,marking   ] GC(2) Concurrent Mark From Roots 4.154ms
[2024-01-29T12:33:00.569+0000][gc,marking   ] GC(2) Concurrent Preclean
[2024-01-29T12:33:00.569+0000][gc,marking   ] GC(2) Concurrent Preclean 0.115ms
[2024-01-29T12:33:00.569+0000][gc,marking   ] GC(2) Concurrent Mark (1.027s, 1.031s) 4.312ms
[2024-01-29T12:33:00.569+0000][gc,start     ] GC(2) Pause Remark
[2024-01-29T12:33:00.570+0000][gc,stringtable] GC(2) Cleaned string and symbol table, strings: 5126 processed, 0 removed, symbols: 52270 processed, 42 removed
[2024-01-29T12:33:00.571+0000][gc            ] GC(2) Pause Remark 8M->8M(1024M) 1.494ms
[2024-01-29T12:33:00.571+0000][gc,cpu        ] GC(2) User=0.00s Sys=0.00s Real=0.00s
[2024-01-29T12:33:00.571+0000][gc,marking    ] GC(2) Concurrent Rebuild Remembered Sets
[2024-01-29T12:33:00.573+0000][gc,marking    ] GC(2) Concurrent Rebuild Remembered Sets 2.262ms
[2024-01-29T12:33:00.573+0000][gc,start      ] GC(2) Pause Cleanup
[2024-01-29T12:33:00.573+0000][gc            ] GC(2) Pause Cleanup 9M->9M(1024M) 0.221ms
[2024-01-29T12:33:00.573+0000][gc,cpu        ] GC(2) User=0.00s Sys=0.00s Real=0.00s
[2024-01-29T12:33:00.573+0000][gc,marking    ] GC(2) Concurrent Cleanup for Next Mark
[2024-01-29T12:33:00.578+0000][gc,marking    ] GC(2) Concurrent Cleanup for Next Mark 4.835ms
[2024-01-29T12:33:00.578+0000][gc            ] GC(2) Concurrent Cycle 14.270ms
[2024-01-29T12:33:01.163+0000][gc,start      ] GC(3) Pause Young (Normal) (G1 Evacuation Pause)
[2024-01-29T12:33:01.163+0000][gc,task       ] GC(3) Using 8 workers of 8 for evacuation
[2024-01-29T12:33:01.167+0000][gc,phases     ] GC(3)   Pre Evacuate Collection Set: 0.0ms
[2024-01-29T12:33:01.167+0000][gc,phases     ] GC(3)   Evacuate Collection Set: 3.4ms
[2024-01-29T12:33:01.167+0000][gc,phases     ] GC(3)   Post Evacuate Collection Set: 0.4ms
[2024-01-29T12:33:01.167+0000][gc,phases     ] GC(3)   Other: 0.2ms
[2024-01-29T12:33:01.167+0000][gc,heap       ] GC(3) Eden regions: 49->0(46)
[2024-01-29T12:33:01.167+0000][gc,heap       ] GC(3) Survivor regions: 2->5(7)
[2024-01-29T12:33:01.167+0000][gc,heap       ] GC(3) Old regions: 9->9
[2024-01-29T12:33:01.167+0000][gc,heap       ] GC(3) Humongous regions: 129->129
[2024-01-29T12:33:01.167+0000][gc,metaspace  ] GC(3) Metaspace: 28659K(29696K)->28659K(29696K) NonClass: 25285K(25856K)->25285K(25856K) Class: 3373K(3840K)->3373K(3840K)
[2024-01-29T12:33:01.167+0000][gc            ] GC(3) Pause Young (Normal) (G1 Evacuation Pause) 186M->140M(1024M) 4.054ms
[2024-01-29T12:33:01.167+0000][gc,cpu        ] GC(3) User=0.02s Sys=0.00s Real=0.01s
[2024-01-29T12:33:01.371+0000][gc,start      ] GC(4) Pause Young (Concurrent Start) (Metadata GC Threshold)
[2024-01-29T12:33:01.371+0000][gc,task       ] GC(4) Using 8 workers of 8 for evacuation
[2024-01-29T12:33:01.381+0000][gc,phases     ] GC(4)   Pre Evacuate Collection Set: 0.1ms
[2024-01-29T12:33:01.381+0000][gc,phases     ] GC(4)   Evacuate Collection Set: 8.8ms
[2024-01-29T12:33:01.381+0000][gc,phases     ] GC(4)   Post Evacuate Collection Set: 0.4ms
[2024-01-29T12:33:01.381+0000][gc,phases     ] GC(4)   Other: 0.2ms
[2024-01-29T12:33:01.381+0000][gc,heap       ] GC(4) Eden regions: 32->0(49)
[2024-01-29T12:33:01.381+0000][gc,heap       ] GC(4) Survivor regions: 5->2(7)
[2024-01-29T12:33:01.381+0000][gc,heap       ] GC(4) Old regions: 9->14
[2024-01-29T12:33:01.381+0000][gc,heap       ] GC(4) Humongous regions: 129->129
[2024-01-29T12:33:01.381+0000][gc,metaspace  ] GC(4) Metaspace: 34459K(35840K)->34459K(35840K) NonClass: 30385K(31104K)->30385K(31104K) Class: 4073K(4736K)->4073K(4736K)
[2024-01-29T12:33:01.381+0000][gc            ] GC(4) Pause Young (Concurrent Start) (Metadata GC Threshold) 171M->142M(1024M) 9.581ms
[2024-01-29T12:33:01.381+0000][gc,cpu        ] GC(4) User=0.03s Sys=0.01s Real=0.01s
[2024-01-29T12:33:01.381+0000][gc            ] GC(5) Concurrent Cycle
[2024-01-29T12:33:01.381+0000][gc,marking    ] GC(5) Concurrent Clear Claimed Marks
[2024-01-29T12:33:01.381+0000][gc,marking    ] GC(5) Concurrent Clear Claimed Marks 0.039ms
[2024-01-29T12:33:01.381+0000][gc,marking    ] GC(5) Concurrent Scan Root Regions
[2024-01-29T12:33:01.382+0000][gc,marking    ] GC(5) Concurrent Scan Root Regions 0.681ms
[2024-01-29T12:33:01.382+0000][gc,marking    ] GC(5) Concurrent Mark (1.844s)
[2024-01-29T12:33:01.382+0000][gc,marking    ] GC(5) Concurrent Mark From Roots
[2024-01-29T12:33:01.382+0000][gc,task       ] GC(5) Using 2 workers of 2 for marking
[2024-01-29T12:33:01.391+0000][gc,marking    ] GC(5) Concurrent Mark From Roots 8.964ms
[2024-01-29T12:33:01.391+0000][gc,marking    ] GC(5) Concurrent Preclean
[2024-01-29T12:33:01.391+0000][gc,marking    ] GC(5) Concurrent Preclean 0.124ms
[2024-01-29T12:33:01.391+0000][gc,marking    ] GC(5) Concurrent Mark (1.844s, 1.853s) 9.126ms
[2024-01-29T12:33:01.394+0000][gc,start      ] GC(5) Pause Remark
[2024-01-29T12:33:01.396+0000][gc,stringtable] GC(5) Cleaned string and symbol table, strings: 10296 processed, 12 removed, symbols: 83691 processed, 13 removed
[2024-01-29T12:33:01.397+0000][gc            ] GC(5) Pause Remark 143M->143M(1024M) 2.392ms
[2024-01-29T12:33:01.397+0000][gc,cpu        ] GC(5) User=0.01s Sys=0.00s Real=0.00s
[2024-01-29T12:33:01.397+0000][gc,marking    ] GC(5) Concurrent Rebuild Remembered Sets
[2024-01-29T12:33:01.402+0000][gc,marking    ] GC(5) Concurrent Rebuild Remembered Sets 4.987ms
[2024-01-29T12:33:01.402+0000][gc,start      ] GC(5) Pause Cleanup
[2024-01-29T12:33:01.402+0000][gc            ] GC(5) Pause Cleanup 143M->143M(1024M) 0.203ms
[2024-01-29T12:33:01.402+0000][gc,cpu        ] GC(5) User=0.00s Sys=0.00s Real=0.00s
[2024-01-29T12:33:01.402+0000][gc,marking    ] GC(5) Concurrent Cleanup for Next Mark
[2024-01-29T12:33:01.410+0000][gc,marking    ] GC(5) Concurrent Cleanup for Next Mark 8.329ms
[2024-01-29T12:33:01.410+0000][gc            ] GC(5) Concurrent Cycle 29.642ms
[2024-01-29T12:45:15.788+0000][gc,start      ] GC(6) Pause Young (Normal) (G1 Evacuation Pause)
[2024-01-29T12:45:15.788+0000][gc,task       ] GC(6) Using 8 workers of 8 for evacuation
[2024-01-29T12:45:15.805+0000][gc,phases     ] GC(6)   Pre Evacuate Collection Set: 0.0ms
[2024-01-29T12:45:15.805+0000][gc,phases     ] GC(6)   Evacuate Collection Set: 17.0ms
[2024-01-29T12:45:15.805+0000][gc,phases     ] GC(6)   Post Evacuate Collection Set: 0.6ms
[2024-01-29T12:45:15.805+0000][gc,phases     ] GC(6)   Other: 0.2ms
[2024-01-29T12:45:15.805+0000][gc,heap       ] GC(6) Eden regions: 49->0(47)
[2024-01-29T12:45:15.805+0000][gc,heap       ] GC(6) Survivor regions: 2->4(7)
[2024-01-29T12:45:15.805+0000][gc,heap       ] GC(6) Old regions: 14->14
[2024-01-29T12:45:15.805+0000][gc,heap       ] GC(6) Humongous regions: 129->129
[2024-01-29T12:45:15.805+0000][gc,metaspace  ] GC(6) Metaspace: 40791K(43392K)->40791K(43392K) NonClass: 35494K(36864K)->35494K(36864K) Class: 5297K(6528K)->5297K(6528K)
[2024-01-29T12:45:15.805+0000][gc            ] GC(6) Pause Young (Normal) (G1 Evacuation Pause) 191M->144M(1024M) 17.813ms
[2024-01-29T12:45:15.805+0000][gc,cpu        ] GC(6) User=0.04s Sys=0.01s Real=0.02s
[2024-01-29T13:05:45.844+0000][gc,start      ] GC(7) Pause Young (Normal) (G1 Evacuation Pause)
[2024-01-29T13:05:45.844+0000][gc,task       ] GC(7) Using 8 workers of 8 for evacuation
[2024-01-29T13:05:45.873+0000][gc,mmu        ] GC(7) MMU target violated: 21.0ms (20.0ms/21.0ms)
[2024-01-29T13:05:45.873+0000][gc,phases     ] GC(7)   Pre Evacuate Collection Set: 0.0ms
[2024-01-29T13:05:45.873+0000][gc,phases     ] GC(7)   Evacuate Collection Set: 28.3ms
[2024-01-29T13:05:45.873+0000][gc,phases     ] GC(7)   Post Evacuate Collection Set: 0.5ms
[2024-01-29T13:05:45.873+0000][gc,phases     ] GC(7)   Other: 0.3ms
[2024-01-29T13:05:45.873+0000][gc,heap       ] GC(7) Eden regions: 47->0(46)
[2024-01-29T13:05:45.874+0000][gc,heap       ] GC(7) Survivor regions: 4->5(7)
[2024-01-29T13:05:45.874+0000][gc,heap       ] GC(7) Old regions: 14->14
[2024-01-29T13:05:45.874+0000][gc,heap       ] GC(7) Humongous regions: 129->129
[2024-01-29T13:05:45.874+0000][gc,metaspace  ] GC(7) Metaspace: 43020K(45696K)->43020K(45696K) NonClass: 37318K(38656K)->37318K(38656K) Class: 5701K(7040K)->5701K(7040K)
[2024-01-29T13:05:45.874+0000][gc            ] GC(7) Pause Young (Normal) (G1 Evacuation Pause) 191M->145M(1024M) 29.143ms
[2024-01-29T13:05:45.874+0000][gc,cpu        ] GC(7) User=0.04s Sys=0.00s Real=0.03s
[2024-01-29T13:32:57.171+0000][gc,start      ] GC(8) Pause Young (Normal) (G1 Evacuation Pause)
[2024-01-29T13:32:57.172+0000][gc,task       ] GC(8) Using 8 workers of 8 for evacuation
[2024-01-29T13:32:57.187+0000][gc,phases     ] GC(8)   Pre Evacuate Collection Set: 0.0ms
[2024-01-29T13:32:57.187+0000][gc,phases     ] GC(8)   Evacuate Collection Set: 7.5ms
[2024-01-29T13:32:57.187+0000][gc,phases     ] GC(8)   Post Evacuate Collection Set: 7.9ms
[2024-01-29T13:32:57.187+0000][gc,phases     ] GC(8)   Other: 0.2ms
[2024-01-29T13:32:57.187+0000][gc,heap       ] GC(8) Eden regions: 46->0(47)
[2024-01-29T13:32:57.187+0000][gc,heap       ] GC(8) Survivor regions: 5->4(7)
[2024-01-29T13:32:57.187+0000][gc,heap       ] GC(8) Old regions: 14->15
[2024-01-29T13:32:57.187+0000][gc,heap       ] GC(8) Humongous regions: 129->129
[2024-01-29T13:32:57.187+0000][gc,metaspace  ] GC(8) Metaspace: 43903K(46720K)->43903K(46720K) NonClass: 38193K(39680K)->38193K(39680K) Class: 5710K(7040K)->5710K(7040K)
[2024-01-29T13:32:57.187+0000][gc            ] GC(8) Pause Young (Normal) (G1 Evacuation Pause) 191M->145M(1024M) 15.653ms
[2024-01-29T13:32:57.187+0000][gc,cpu        ] GC(8) User=0.04s Sys=0.00s Real=0.02s
[2024-01-29T14:03:42.172+0000][gc,start      ] GC(9) Pause Young (Normal) (G1 Evacuation Pause)
[2024-01-29T14:03:42.172+0000][gc,task       ] GC(9) Using 8 workers of 8 for evacuation
[2024-01-29T14:03:42.194+0000][gc,mmu        ] GC(9) MMU target violated: 21.0ms (20.0ms/21.0ms)
[2024-01-29T14:03:42.194+0000][gc,phases     ] GC(9)   Pre Evacuate Collection Set: 0.0ms
[2024-01-29T14:03:42.194+0000][gc,phases     ] GC(9)   Evacuate Collection Set: 14.1ms
[2024-01-29T14:03:42.194+0000][gc,phases     ] GC(9)   Post Evacuate Collection Set: 7.4ms
[2024-01-29T14:03:42.194+0000][gc,phases     ] GC(9)   Other: 0.4ms
[2024-01-29T14:03:42.194+0000][gc,heap       ] GC(9) Eden regions: 47->0(47)
[2024-01-29T14:03:42.194+0000][gc,heap       ] GC(9) Survivor regions: 4->4(7)
[2024-01-29T14:03:42.194+0000][gc,heap       ] GC(9) Old regions: 15->15
[2024-01-29T14:03:42.194+0000][gc,heap       ] GC(9) Humongous regions: 129->129
[2024-01-29T14:03:42.194+0000][gc,metaspace  ] GC(9) Metaspace: 44332K(47232K)->44332K(47232K) NonClass: 38616K(40192K)->38616K(40192K) Class: 5715K(7040K)->5715K(7040K)
[2024-01-29T14:03:42.194+0000][gc            ] GC(9) Pause Young (Normal) (G1 Evacuation Pause) 192M->146M(1024M) 22.100ms
[2024-01-29T14:03:42.194+0000][gc,cpu        ] GC(9) User=0.05s Sys=0.00s Real=0.02s
[2024-01-29T14:21:52.117+0000][gc,start      ] GC(10) Pause Young (Normal) (G1 Evacuation Pause)
[2024-01-29T14:21:52.117+0000][gc,task       ] GC(10) Using 8 workers of 8 for evacuation
[2024-01-29T14:21:52.137+0000][gc,phases     ] GC(10)   Pre Evacuate Collection Set: 0.0ms
[2024-01-29T14:21:52.137+0000][gc,phases     ] GC(10)   Evacuate Collection Set: 18.6ms
[2024-01-29T14:21:52.137+0000][gc,phases     ] GC(10)   Post Evacuate Collection Set: 1.0ms
[2024-01-29T14:21:52.137+0000][gc,phases     ] GC(10)   Other: 0.2ms
[2024-01-29T14:21:52.137+0000][gc,heap       ] GC(10) Eden regions: 47->0(49)
[2024-01-29T14:21:52.137+0000][gc,heap       ] GC(10) Survivor regions: 4->3(7)
[2024-01-29T14:21:52.137+0000][gc,heap       ] GC(10) Old regions: 15->17
[2024-01-29T14:21:52.137+0000][gc,heap       ] GC(10) Humongous regions: 129->129
[2024-01-29T14:21:52.137+0000][gc,metaspace  ] GC(10) Metaspace: 45296K(48384K)->45296K(48384K) NonClass: 39380K(40960K)->39380K(40960K) Class: 5915K(7424K)->5915K(7424K)
[2024-01-29T14:21:52.137+0000][gc            ] GC(10) Pause Young (Normal) (G1 Evacuation Pause) 193M->146M(1024M) 19.900ms
[2024-01-29T14:21:52.137+0000][gc,cpu        ] GC(10) User=0.06s Sys=0.00s Real=0.02s
[2024-01-29T14:21:52.140+0000][gc,heap,exit  ] Heap
[2024-01-29T14:21:52.140+0000][gc,heap,exit  ]  garbage-first heap   total 1048576K, used 150225K [0x00000000c0000000, 0x0000000100000000)
[2024-01-29T14:21:52.140+0000][gc,heap,exit  ]   region size 1024K, 4 young (4096K), 3 survivors (3072K)
[2024-01-29T14:21:52.140+0000][gc,heap,exit  ]  Metaspace       used 45305K, capacity 48225K, committed 48384K, reserved 1089536K
[2024-01-29T14:21:52.140+0000][gc,heap,exit  ]   class space    used 5917K, capacity 7354K, committed 7424K, reserved 1048576K
