[2024-01-29T12:24:30.514+0000][gc,heap] Heap region size: 1M
[2024-01-29T12:24:30.523+0000][gc     ] Using G1
[2024-01-29T12:24:30.523+0000][gc,heap,coops] Heap address: 0x00000000c0000000, size: 1024 MB, Compressed Oops mode: 32-bit
[2024-01-29T12:24:30.523+0000][gc,cds       ] Mark closed archive regions in map: [0x00000000fff00000, 0x00000000fff6aff8]
[2024-01-29T12:24:30.523+0000][gc,cds       ] Mark open archive regions in map: [0x00000000ffe00000, 0x00000000ffe46ff8]
[2024-01-29T12:24:31.268+0000][gc,start     ] GC(0) Pause Young (Normal) (G1 Evacuation Pause)
[2024-01-29T12:24:31.269+0000][gc,task      ] GC(0) Using 8 workers of 8 for evacuation
[2024-01-29T12:24:31.278+0000][gc,phases    ] GC(0)   Pre Evacuate Collection Set: 0.0ms
[2024-01-29T12:24:31.278+0000][gc,phases    ] GC(0)   Evacuate Collection Set: 8.9ms
[2024-01-29T12:24:31.278+0000][gc,phases    ] GC(0)   Post Evacuate Collection Set: 0.4ms
[2024-01-29T12:24:31.278+0000][gc,phases    ] GC(0)   Other: 0.9ms
[2024-01-29T12:24:31.278+0000][gc,heap      ] GC(0) Eden regions: 51->0(44)
[2024-01-29T12:24:31.278+0000][gc,heap      ] GC(0) Survivor regions: 0->7(7)
[2024-01-29T12:24:31.278+0000][gc,heap      ] GC(0) Old regions: 2->2
[2024-01-29T12:24:31.278+0000][gc,heap      ] GC(0) Humongous regions: 0->0
[2024-01-29T12:24:31.278+0000][gc,metaspace ] GC(0) Metaspace: 14158K(14848K)->14158K(14848K) NonClass: 12391K(12800K)->12391K(12800K) Class: 1766K(2048K)->1766K(2048K)
[2024-01-29T12:24:31.278+0000][gc           ] GC(0) Pause Young (Normal) (G1 Evacuation Pause) 51M->7M(1024M) 10.330ms
[2024-01-29T12:24:31.278+0000][gc,cpu       ] GC(0) User=0.06s Sys=0.00s Real=0.01s
[2024-01-29T12:24:31.596+0000][gc,start     ] GC(1) Pause Young (Concurrent Start) (Metadata GC Threshold)
[2024-01-29T12:24:31.596+0000][gc,task      ] GC(1) Using 8 workers of 8 for evacuation
[2024-01-29T12:24:31.606+0000][gc,phases    ] GC(1)   Pre Evacuate Collection Set: 0.1ms
[2024-01-29T12:24:31.607+0000][gc,phases    ] GC(1)   Evacuate Collection Set: 9.0ms
[2024-01-29T12:24:31.607+0000][gc,phases    ] GC(1)   Post Evacuate Collection Set: 0.5ms
[2024-01-29T12:24:31.607+0000][gc,phases    ] GC(1)   Other: 0.9ms
[2024-01-29T12:24:31.607+0000][gc,heap      ] GC(1) Eden regions: 29->0(49)
[2024-01-29T12:24:31.607+0000][gc,heap      ] GC(1) Survivor regions: 7->2(7)
[2024-01-29T12:24:31.607+0000][gc,heap      ] GC(1) Old regions: 2->9
[2024-01-29T12:24:31.608+0000][gc,heap      ] GC(1) Humongous regions: 0->0
[2024-01-29T12:24:31.608+0000][gc,metaspace ] GC(1) Metaspace: 20579K(21248K)->20579K(21248K) NonClass: 18053K(18432K)->18053K(18432K) Class: 2525K(2816K)->2525K(2816K)
[2024-01-29T12:24:31.608+0000][gc           ] GC(1) Pause Young (Concurrent Start) (Metadata GC Threshold) 36M->8M(1024M) 12.250ms
[2024-01-29T12:24:31.608+0000][gc,cpu       ] GC(1) User=0.04s Sys=0.01s Real=0.02s
[2024-01-29T12:24:31.608+0000][gc           ] GC(2) Concurrent Cycle
[2024-01-29T12:24:31.609+0000][gc,marking   ] GC(2) Concurrent Clear Claimed Marks
[2024-01-29T12:24:31.609+0000][gc,marking   ] GC(2) Concurrent Clear Claimed Marks 0.015ms
[2024-01-29T12:24:31.609+0000][gc,marking   ] GC(2) Concurrent Scan Root Regions
[2024-01-29T12:24:31.610+0000][gc,marking   ] GC(2) Concurrent Scan Root Regions 1.299ms
[2024-01-29T12:24:31.610+0000][gc,marking   ] GC(2) Concurrent Mark (1.099s)
[2024-01-29T12:24:31.610+0000][gc,marking   ] GC(2) Concurrent Mark From Roots
[2024-01-29T12:24:31.610+0000][gc,task      ] GC(2) Using 2 workers of 2 for marking
[2024-01-29T12:24:31.616+0000][gc,marking   ] GC(2) Concurrent Mark From Roots 6.360ms
[2024-01-29T12:24:31.616+0000][gc,marking   ] GC(2) Concurrent Preclean
[2024-01-29T12:24:31.616+0000][gc,marking   ] GC(2) Concurrent Preclean 0.116ms
[2024-01-29T12:24:31.616+0000][gc,marking   ] GC(2) Concurrent Mark (1.099s, 1.106s) 6.502ms
[2024-01-29T12:24:31.617+0000][gc,start     ] GC(2) Pause Remark
[2024-01-29T12:24:31.640+0000][gc,stringtable] GC(2) Cleaned string and symbol table, strings: 5133 processed, 0 removed, symbols: 52364 processed, 42 removed
[2024-01-29T12:24:31.641+0000][gc,mmu        ] GC(2) MMU target violated: 21.0ms (20.0ms/21.0ms)
[2024-01-29T12:24:31.641+0000][gc            ] GC(2) Pause Remark 9M->9M(1024M) 24.225ms
[2024-01-29T12:24:31.641+0000][gc,cpu        ] GC(2) User=0.06s Sys=0.00s Real=0.03s
[2024-01-29T12:24:31.641+0000][gc,marking    ] GC(2) Concurrent Rebuild Remembered Sets
[2024-01-29T12:24:31.644+0000][gc,marking    ] GC(2) Concurrent Rebuild Remembered Sets 2.794ms
[2024-01-29T12:24:31.644+0000][gc,start      ] GC(2) Pause Cleanup
[2024-01-29T12:24:31.645+0000][gc            ] GC(2) Pause Cleanup 9M->9M(1024M) 0.683ms
[2024-01-29T12:24:31.645+0000][gc,cpu        ] GC(2) User=0.00s Sys=0.00s Real=0.01s
[2024-01-29T12:24:31.646+0000][gc,marking    ] GC(2) Concurrent Cleanup for Next Mark
[2024-01-29T12:24:31.652+0000][gc,marking    ] GC(2) Concurrent Cleanup for Next Mark 6.187ms
[2024-01-29T12:24:31.652+0000][gc            ] GC(2) Concurrent Cycle 43.300ms
[2024-01-29T12:24:32.162+0000][gc,start      ] GC(3) Pause Young (Concurrent Start) (G1 Evacuation Pause)
[2024-01-29T12:24:32.162+0000][gc,task       ] GC(3) Using 8 workers of 8 for evacuation
[2024-01-29T12:24:32.167+0000][gc,phases     ] GC(3)   Pre Evacuate Collection Set: 0.1ms
[2024-01-29T12:24:32.167+0000][gc,phases     ] GC(3)   Evacuate Collection Set: 4.2ms
[2024-01-29T12:24:32.167+0000][gc,phases     ] GC(3)   Post Evacuate Collection Set: 0.3ms
[2024-01-29T12:24:32.167+0000][gc,phases     ] GC(3)   Other: 0.2ms
[2024-01-29T12:24:32.167+0000][gc,heap       ] GC(3) Eden regions: 49->0(46)
[2024-01-29T12:24:32.167+0000][gc,heap       ] GC(3) Survivor regions: 2->5(7)
[2024-01-29T12:24:32.167+0000][gc,heap       ] GC(3) Old regions: 9->9
[2024-01-29T12:24:32.167+0000][gc,heap       ] GC(3) Humongous regions: 129->129
[2024-01-29T12:24:32.167+0000][gc,metaspace  ] GC(3) Metaspace: 28676K(29948K)->28676K(29948K) NonClass: 25321K(26112K)->25321K(26112K) Class: 3354K(3836K)->3354K(3836K)
[2024-01-29T12:24:32.167+0000][gc            ] GC(3) Pause Young (Concurrent Start) (G1 Evacuation Pause) 186M->140M(1024M) 4.951ms
[2024-01-29T12:24:32.167+0000][gc,cpu        ] GC(3) User=0.02s Sys=0.00s Real=0.01s
[2024-01-29T12:24:32.167+0000][gc            ] GC(4) Concurrent Cycle
[2024-01-29T12:24:32.167+0000][gc,marking    ] GC(4) Concurrent Clear Claimed Marks
[2024-01-29T12:24:32.167+0000][gc,marking    ] GC(4) Concurrent Clear Claimed Marks 0.029ms
[2024-01-29T12:24:32.167+0000][gc,marking    ] GC(4) Concurrent Scan Root Regions
[2024-01-29T12:24:32.168+0000][gc,marking    ] GC(4) Concurrent Scan Root Regions 1.381ms
[2024-01-29T12:24:32.168+0000][gc,marking    ] GC(4) Concurrent Mark (1.658s)
[2024-01-29T12:24:32.168+0000][gc,marking    ] GC(4) Concurrent Mark From Roots
[2024-01-29T12:24:32.168+0000][gc,task       ] GC(4) Using 2 workers of 2 for marking
[2024-01-29T12:24:32.173+0000][gc,marking    ] GC(4) Concurrent Mark From Roots 4.759ms
[2024-01-29T12:24:32.173+0000][gc,marking    ] GC(4) Concurrent Preclean
[2024-01-29T12:24:32.173+0000][gc,marking    ] GC(4) Concurrent Preclean 0.135ms
[2024-01-29T12:24:32.173+0000][gc,marking    ] GC(4) Concurrent Mark (1.658s, 1.663s) 4.943ms
[2024-01-29T12:24:32.173+0000][gc,start      ] GC(4) Pause Remark
[2024-01-29T12:24:32.175+0000][gc,stringtable] GC(4) Cleaned string and symbol table, strings: 7970 processed, 11 removed, symbols: 67575 processed, 12 removed
[2024-01-29T12:24:32.175+0000][gc            ] GC(4) Pause Remark 141M->141M(1024M) 1.869ms
[2024-01-29T12:24:32.175+0000][gc,cpu        ] GC(4) User=0.01s Sys=0.00s Real=0.00s
[2024-01-29T12:24:32.175+0000][gc,marking    ] GC(4) Concurrent Rebuild Remembered Sets
[2024-01-29T12:24:32.178+0000][gc,marking    ] GC(4) Concurrent Rebuild Remembered Sets 3.206ms
[2024-01-29T12:24:32.178+0000][gc,start      ] GC(4) Pause Cleanup
[2024-01-29T12:24:32.179+0000][gc            ] GC(4) Pause Cleanup 142M->142M(1024M) 0.261ms
[2024-01-29T12:24:32.179+0000][gc,cpu        ] GC(4) User=0.00s Sys=0.00s Real=0.00s
[2024-01-29T12:24:32.179+0000][gc,marking    ] GC(4) Concurrent Cleanup for Next Mark
[2024-01-29T12:24:32.185+0000][gc,marking    ] GC(4) Concurrent Cleanup for Next Mark 6.368ms
[2024-01-29T12:24:32.185+0000][gc            ] GC(4) Concurrent Cycle 18.482ms
[2024-01-29T12:24:32.392+0000][gc,heap,exit  ] Heap
[2024-01-29T12:24:32.392+0000][gc,heap,exit  ]  garbage-first heap   total 1048576K, used 153153K [0x00000000c0000000, 0x0000000100000000)
[2024-01-29T12:24:32.392+0000][gc,heap,exit  ]   region size 1024K, 15 young (15360K), 5 survivors (5120K)
[2024-01-29T12:24:32.392+0000][gc,heap,exit  ]  Metaspace       used 29712K, capacity 30819K, committed 30972K, reserved 1077248K
[2024-01-29T12:24:32.392+0000][gc,heap,exit  ]   class space    used 3558K, capacity 4070K, committed 4092K, reserved 1048576K
