[2024-01-29T12:31:54.121+0000][gc,heap] Heap region size: 1M
[2024-01-29T12:31:54.130+0000][gc     ] Using G1
[2024-01-29T12:31:54.130+0000][gc,heap,coops] Heap address: 0x00000000c0000000, size: 1024 MB, Compressed Oops mode: 32-bit
[2024-01-29T12:31:54.131+0000][gc,cds       ] Mark closed archive regions in map: [0x00000000fff00000, 0x00000000fff6aff8]
[2024-01-29T12:31:54.131+0000][gc,cds       ] Mark open archive regions in map: [0x00000000ffe00000, 0x00000000ffe46ff8]
[2024-01-29T12:31:54.864+0000][gc,start     ] GC(0) Pause Young (Normal) (G1 Evacuation Pause)
[2024-01-29T12:31:54.865+0000][gc,task      ] GC(0) Using 8 workers of 8 for evacuation
[2024-01-29T12:31:54.873+0000][gc,phases    ] GC(0)   Pre Evacuate Collection Set: 0.0ms
[2024-01-29T12:31:54.873+0000][gc,phases    ] GC(0)   Evacuate Collection Set: 8.3ms
[2024-01-29T12:31:54.873+0000][gc,phases    ] GC(0)   Post Evacuate Collection Set: 0.4ms
[2024-01-29T12:31:54.873+0000][gc,phases    ] GC(0)   Other: 0.9ms
[2024-01-29T12:31:54.873+0000][gc,heap      ] GC(0) Eden regions: 51->0(44)
[2024-01-29T12:31:54.873+0000][gc,heap      ] GC(0) Survivor regions: 0->7(7)
[2024-01-29T12:31:54.874+0000][gc,heap      ] GC(0) Old regions: 2->2
[2024-01-29T12:31:54.874+0000][gc,heap      ] GC(0) Humongous regions: 0->0
[2024-01-29T12:31:54.874+0000][gc,metaspace ] GC(0) Metaspace: 14170K(14848K)->14170K(14848K) NonClass: 12390K(12800K)->12390K(12800K) Class: 1780K(2048K)->1780K(2048K)
[2024-01-29T12:31:54.874+0000][gc           ] GC(0) Pause Young (Normal) (G1 Evacuation Pause) 51M->7M(1024M) 9.709ms
[2024-01-29T12:31:54.874+0000][gc,cpu       ] GC(0) User=0.05s Sys=0.01s Real=0.01s
[2024-01-29T12:31:55.198+0000][gc,start     ] GC(1) Pause Young (Concurrent Start) (Metadata GC Threshold)
[2024-01-29T12:31:55.198+0000][gc,task      ] GC(1) Using 8 workers of 8 for evacuation
[2024-01-29T12:31:55.207+0000][gc,phases    ] GC(1)   Pre Evacuate Collection Set: 0.1ms
[2024-01-29T12:31:55.207+0000][gc,phases    ] GC(1)   Evacuate Collection Set: 8.6ms
[2024-01-29T12:31:55.207+0000][gc,phases    ] GC(1)   Post Evacuate Collection Set: 0.4ms
[2024-01-29T12:31:55.207+0000][gc,phases    ] GC(1)   Other: 0.3ms
[2024-01-29T12:31:55.207+0000][gc,heap      ] GC(1) Eden regions: 30->0(49)
[2024-01-29T12:31:55.207+0000][gc,heap      ] GC(1) Survivor regions: 7->2(7)
[2024-01-29T12:31:55.207+0000][gc,heap      ] GC(1) Old regions: 2->9
[2024-01-29T12:31:55.207+0000][gc,heap      ] GC(1) Humongous regions: 0->0
[2024-01-29T12:31:55.207+0000][gc,metaspace ] GC(1) Metaspace: 20560K(21248K)->20560K(21248K) NonClass: 18036K(18432K)->18036K(18432K) Class: 2524K(2816K)->2524K(2816K)
[2024-01-29T12:31:55.207+0000][gc           ] GC(1) Pause Young (Concurrent Start) (Metadata GC Threshold) 37M->8M(1024M) 9.321ms
[2024-01-29T12:31:55.207+0000][gc,cpu       ] GC(1) User=0.02s Sys=0.01s Real=0.01s
[2024-01-29T12:31:55.208+0000][gc           ] GC(2) Concurrent Cycle
[2024-01-29T12:31:55.208+0000][gc,marking   ] GC(2) Concurrent Clear Claimed Marks
[2024-01-29T12:31:55.208+0000][gc,marking   ] GC(2) Concurrent Clear Claimed Marks 0.020ms
[2024-01-29T12:31:55.208+0000][gc,marking   ] GC(2) Concurrent Scan Root Regions
[2024-01-29T12:31:55.208+0000][gc,marking   ] GC(2) Concurrent Scan Root Regions 0.784ms
[2024-01-29T12:31:55.208+0000][gc,marking   ] GC(2) Concurrent Mark (1.091s)
[2024-01-29T12:31:55.208+0000][gc,marking   ] GC(2) Concurrent Mark From Roots
[2024-01-29T12:31:55.208+0000][gc,task      ] GC(2) Using 2 workers of 2 for marking
[2024-01-29T12:31:55.213+0000][gc,marking   ] GC(2) Concurrent Mark From Roots 4.284ms
[2024-01-29T12:31:55.213+0000][gc,marking   ] GC(2) Concurrent Preclean
[2024-01-29T12:31:55.213+0000][gc,marking   ] GC(2) Concurrent Preclean 0.117ms
[2024-01-29T12:31:55.213+0000][gc,marking   ] GC(2) Concurrent Mark (1.091s, 1.095s) 4.428ms
[2024-01-29T12:31:55.213+0000][gc,start     ] GC(2) Pause Remark
[2024-01-29T12:31:55.217+0000][gc,stringtable] GC(2) Cleaned string and symbol table, strings: 5125 processed, 0 removed, symbols: 52270 processed, 42 removed
[2024-01-29T12:31:55.217+0000][gc            ] GC(2) Pause Remark 8M->8M(1024M) 3.851ms
[2024-01-29T12:31:55.217+0000][gc,cpu        ] GC(2) User=0.02s Sys=0.00s Real=0.01s
[2024-01-29T12:31:55.217+0000][gc,marking    ] GC(2) Concurrent Rebuild Remembered Sets
[2024-01-29T12:31:55.219+0000][gc,marking    ] GC(2) Concurrent Rebuild Remembered Sets 2.303ms
[2024-01-29T12:31:55.219+0000][gc,start      ] GC(2) Pause Cleanup
[2024-01-29T12:31:55.219+0000][gc            ] GC(2) Pause Cleanup 9M->9M(1024M) 0.213ms
[2024-01-29T12:31:55.220+0000][gc,cpu        ] GC(2) User=0.00s Sys=0.00s Real=0.00s
[2024-01-29T12:31:55.220+0000][gc,marking    ] GC(2) Concurrent Cleanup for Next Mark
[2024-01-29T12:31:55.224+0000][gc,marking    ] GC(2) Concurrent Cleanup for Next Mark 4.834ms
[2024-01-29T12:31:55.224+0000][gc            ] GC(2) Concurrent Cycle 16.890ms
[2024-01-29T12:31:55.741+0000][gc,start      ] GC(3) Pause Young (Normal) (G1 Evacuation Pause)
[2024-01-29T12:31:55.741+0000][gc,task       ] GC(3) Using 8 workers of 8 for evacuation
[2024-01-29T12:31:55.746+0000][gc,phases     ] GC(3)   Pre Evacuate Collection Set: 0.0ms
[2024-01-29T12:31:55.746+0000][gc,phases     ] GC(3)   Evacuate Collection Set: 4.8ms
[2024-01-29T12:31:55.746+0000][gc,phases     ] GC(3)   Post Evacuate Collection Set: 0.4ms
[2024-01-29T12:31:55.746+0000][gc,phases     ] GC(3)   Other: 0.1ms
[2024-01-29T12:31:55.746+0000][gc,heap       ] GC(3) Eden regions: 49->0(46)
[2024-01-29T12:31:55.746+0000][gc,heap       ] GC(3) Survivor regions: 2->5(7)
[2024-01-29T12:31:55.746+0000][gc,heap       ] GC(3) Old regions: 9->9
[2024-01-29T12:31:55.746+0000][gc,heap       ] GC(3) Humongous regions: 129->129
[2024-01-29T12:31:55.746+0000][gc,metaspace  ] GC(3) Metaspace: 28659K(29696K)->28659K(29696K) NonClass: 25304K(25856K)->25304K(25856K) Class: 3354K(3840K)->3354K(3840K)
[2024-01-29T12:31:55.746+0000][gc            ] GC(3) Pause Young (Normal) (G1 Evacuation Pause) 186M->140M(1024M) 5.336ms
[2024-01-29T12:31:55.746+0000][gc,cpu        ] GC(3) User=0.01s Sys=0.00s Real=0.01s
[2024-01-29T12:31:55.965+0000][gc,heap,exit  ] Heap
[2024-01-29T12:31:55.965+0000][gc,heap,exit  ]  garbage-first heap   total 1048576K, used 153272K [0x00000000c0000000, 0x0000000100000000)
[2024-01-29T12:31:55.965+0000][gc,heap,exit  ]   region size 1024K, 15 young (15360K), 5 survivors (5120K)
[2024-01-29T12:31:55.965+0000][gc,heap,exit  ]  Metaspace       used 29675K, capacity 30828K, committed 30976K, reserved 1077248K
[2024-01-29T12:31:55.965+0000][gc,heap,exit  ]   class space    used 3557K, capacity 4068K, committed 4096K, reserved 1048576K
