[2024-01-29T12:22:19.615+0000][gc,heap] Heap region size: 1M
[2024-01-29T12:22:19.628+0000][gc     ] Using G1
[2024-01-29T12:22:19.628+0000][gc,heap,coops] Heap address: 0x00000000c0000000, size: 1024 MB, Compressed Oops mode: 32-bit
[2024-01-29T12:22:19.628+0000][gc,cds       ] Mark closed archive regions in map: [0x00000000fff00000, 0x00000000fff6aff8]
[2024-01-29T12:22:19.628+0000][gc,cds       ] Mark open archive regions in map: [0x00000000ffe00000, 0x00000000ffe46ff8]
[2024-01-29T12:22:20.468+0000][gc,start     ] GC(0) Pause Young (Normal) (G1 Evacuation Pause)
[2024-01-29T12:22:20.469+0000][gc,task      ] GC(0) Using 8 workers of 8 for evacuation
[2024-01-29T12:22:20.478+0000][gc,phases    ] GC(0)   Pre Evacuate Collection Set: 0.0ms
[2024-01-29T12:22:20.478+0000][gc,phases    ] GC(0)   Evacuate Collection Set: 8.1ms
[2024-01-29T12:22:20.478+0000][gc,phases    ] GC(0)   Post Evacuate Collection Set: 0.6ms
[2024-01-29T12:22:20.478+0000][gc,phases    ] GC(0)   Other: 1.1ms
[2024-01-29T12:22:20.478+0000][gc,heap      ] GC(0) Eden regions: 51->0(44)
[2024-01-29T12:22:20.478+0000][gc,heap      ] GC(0) Survivor regions: 0->7(7)
[2024-01-29T12:22:20.478+0000][gc,heap      ] GC(0) Old regions: 2->2
[2024-01-29T12:22:20.478+0000][gc,heap      ] GC(0) Humongous regions: 0->0
[2024-01-29T12:22:20.478+0000][gc,metaspace ] GC(0) Metaspace: 14250K(14848K)->14250K(14848K) NonClass: 12466K(12800K)->12466K(12800K) Class: 1784K(2048K)->1784K(2048K)
[2024-01-29T12:22:20.478+0000][gc           ] GC(0) Pause Young (Normal) (G1 Evacuation Pause) 51M->7M(1024M) 9.918ms
[2024-01-29T12:22:20.478+0000][gc,cpu       ] GC(0) User=0.06s Sys=0.01s Real=0.01s
[2024-01-29T12:22:20.887+0000][gc,start     ] GC(1) Pause Young (Concurrent Start) (Metadata GC Threshold)
[2024-01-29T12:22:20.887+0000][gc,task      ] GC(1) Using 8 workers of 8 for evacuation
[2024-01-29T12:22:20.898+0000][gc,phases    ] GC(1)   Pre Evacuate Collection Set: 0.1ms
[2024-01-29T12:22:20.898+0000][gc,phases    ] GC(1)   Evacuate Collection Set: 10.2ms
[2024-01-29T12:22:20.898+0000][gc,phases    ] GC(1)   Post Evacuate Collection Set: 0.4ms
[2024-01-29T12:22:20.898+0000][gc,phases    ] GC(1)   Other: 0.3ms
[2024-01-29T12:22:20.898+0000][gc,heap      ] GC(1) Eden regions: 30->0(49)
[2024-01-29T12:22:20.898+0000][gc,heap      ] GC(1) Survivor regions: 7->2(7)
[2024-01-29T12:22:20.898+0000][gc,heap      ] GC(1) Old regions: 2->9
[2024-01-29T12:22:20.898+0000][gc,heap      ] GC(1) Humongous regions: 0->0
[2024-01-29T12:22:20.898+0000][gc,metaspace ] GC(1) Metaspace: 20545K(21248K)->20545K(21248K) NonClass: 18016K(18432K)->18016K(18432K) Class: 2529K(2816K)->2529K(2816K)
[2024-01-29T12:22:20.898+0000][gc           ] GC(1) Pause Young (Concurrent Start) (Metadata GC Threshold) 36M->8M(1024M) 11.007ms
[2024-01-29T12:22:20.898+0000][gc,cpu       ] GC(1) User=0.02s Sys=0.00s Real=0.01s
[2024-01-29T12:22:20.898+0000][gc           ] GC(2) Concurrent Cycle
[2024-01-29T12:22:20.898+0000][gc,marking   ] GC(2) Concurrent Clear Claimed Marks
[2024-01-29T12:22:20.898+0000][gc,marking   ] GC(2) Concurrent Clear Claimed Marks 0.022ms
[2024-01-29T12:22:20.898+0000][gc,marking   ] GC(2) Concurrent Scan Root Regions
[2024-01-29T12:22:20.899+0000][gc,marking   ] GC(2) Concurrent Scan Root Regions 0.878ms
[2024-01-29T12:22:20.899+0000][gc,marking   ] GC(2) Concurrent Mark (1.287s)
[2024-01-29T12:22:20.899+0000][gc,marking   ] GC(2) Concurrent Mark From Roots
[2024-01-29T12:22:20.899+0000][gc,task      ] GC(2) Using 2 workers of 2 for marking
[2024-01-29T12:22:20.905+0000][gc,marking   ] GC(2) Concurrent Mark From Roots 6.538ms
[2024-01-29T12:22:20.905+0000][gc,marking   ] GC(2) Concurrent Preclean
[2024-01-29T12:22:20.905+0000][gc,marking   ] GC(2) Concurrent Preclean 0.117ms
[2024-01-29T12:22:20.905+0000][gc,marking   ] GC(2) Concurrent Mark (1.287s, 1.293s) 6.699ms
[2024-01-29T12:22:20.906+0000][gc,start     ] GC(2) Pause Remark
[2024-01-29T12:22:20.914+0000][gc,stringtable] GC(2) Cleaned string and symbol table, strings: 5182 processed, 0 removed, symbols: 52531 processed, 43 removed
[2024-01-29T12:22:20.914+0000][gc            ] GC(2) Pause Remark 9M->9M(1024M) 8.469ms
[2024-01-29T12:22:20.914+0000][gc,cpu        ] GC(2) User=0.04s Sys=0.00s Real=0.00s
[2024-01-29T12:22:20.914+0000][gc,marking    ] GC(2) Concurrent Rebuild Remembered Sets
[2024-01-29T12:22:20.917+0000][gc,marking    ] GC(2) Concurrent Rebuild Remembered Sets 3.242ms
[2024-01-29T12:22:20.918+0000][gc,start      ] GC(2) Pause Cleanup
[2024-01-29T12:22:20.918+0000][gc            ] GC(2) Pause Cleanup 9M->9M(1024M) 0.283ms
[2024-01-29T12:22:20.918+0000][gc,cpu        ] GC(2) User=0.00s Sys=0.00s Real=0.00s
[2024-01-29T12:22:20.918+0000][gc,marking    ] GC(2) Concurrent Cleanup for Next Mark
[2024-01-29T12:22:20.924+0000][gc,marking    ] GC(2) Concurrent Cleanup for Next Mark 5.669ms
[2024-01-29T12:22:20.924+0000][gc            ] GC(2) Concurrent Cycle 25.927ms
[2024-01-29T12:22:21.490+0000][gc,start      ] GC(3) Pause Young (Concurrent Start) (G1 Evacuation Pause)
[2024-01-29T12:22:21.490+0000][gc,task       ] GC(3) Using 8 workers of 8 for evacuation
[2024-01-29T12:22:21.495+0000][gc,phases     ] GC(3)   Pre Evacuate Collection Set: 0.1ms
[2024-01-29T12:22:21.495+0000][gc,phases     ] GC(3)   Evacuate Collection Set: 4.7ms
[2024-01-29T12:22:21.495+0000][gc,phases     ] GC(3)   Post Evacuate Collection Set: 0.4ms
[2024-01-29T12:22:21.495+0000][gc,phases     ] GC(3)   Other: 0.2ms
[2024-01-29T12:22:21.495+0000][gc,heap       ] GC(3) Eden regions: 49->0(46)
[2024-01-29T12:22:21.495+0000][gc,heap       ] GC(3) Survivor regions: 2->5(7)
[2024-01-29T12:22:21.495+0000][gc,heap       ] GC(3) Old regions: 9->9
[2024-01-29T12:22:21.495+0000][gc,heap       ] GC(3) Humongous regions: 129->129
[2024-01-29T12:22:21.495+0000][gc,metaspace  ] GC(3) Metaspace: 28637K(29696K)->28637K(29696K) NonClass: 25286K(25856K)->25286K(25856K) Class: 3351K(3840K)->3351K(3840K)
[2024-01-29T12:22:21.495+0000][gc            ] GC(3) Pause Young (Concurrent Start) (G1 Evacuation Pause) 186M->140M(1024M) 5.439ms
[2024-01-29T12:22:21.495+0000][gc,cpu        ] GC(3) User=0.03s Sys=0.00s Real=0.00s
[2024-01-29T12:22:21.495+0000][gc            ] GC(4) Concurrent Cycle
[2024-01-29T12:22:21.496+0000][gc,marking    ] GC(4) Concurrent Clear Claimed Marks
[2024-01-29T12:22:21.496+0000][gc,marking    ] GC(4) Concurrent Clear Claimed Marks 0.024ms
[2024-01-29T12:22:21.496+0000][gc,marking    ] GC(4) Concurrent Scan Root Regions
[2024-01-29T12:22:21.497+0000][gc,marking    ] GC(4) Concurrent Scan Root Regions 1.409ms
[2024-01-29T12:22:21.497+0000][gc,marking    ] GC(4) Concurrent Mark (1.885s)
[2024-01-29T12:22:21.497+0000][gc,marking    ] GC(4) Concurrent Mark From Roots
[2024-01-29T12:22:21.497+0000][gc,task       ] GC(4) Using 2 workers of 2 for marking
[2024-01-29T12:22:21.502+0000][gc,marking    ] GC(4) Concurrent Mark From Roots 4.822ms
[2024-01-29T12:22:21.502+0000][gc,marking    ] GC(4) Concurrent Preclean
[2024-01-29T12:22:21.502+0000][gc,marking    ] GC(4) Concurrent Preclean 0.133ms
[2024-01-29T12:22:21.502+0000][gc,marking    ] GC(4) Concurrent Mark (1.885s, 1.890s) 4.994ms
[2024-01-29T12:22:21.502+0000][gc,start      ] GC(4) Pause Remark
[2024-01-29T12:22:21.507+0000][gc,stringtable] GC(4) Cleaned string and symbol table, strings: 8008 processed, 12 removed, symbols: 67863 processed, 12 removed
[2024-01-29T12:22:21.507+0000][gc            ] GC(4) Pause Remark 142M->142M(1024M) 5.246ms
[2024-01-29T12:22:21.507+0000][gc,cpu        ] GC(4) User=0.03s Sys=0.00s Real=0.01s
[2024-01-29T12:22:21.507+0000][gc,marking    ] GC(4) Concurrent Rebuild Remembered Sets
[2024-01-29T12:22:21.510+0000][gc,marking    ] GC(4) Concurrent Rebuild Remembered Sets 2.682ms
[2024-01-29T12:22:21.510+0000][gc,start      ] GC(4) Pause Cleanup
[2024-01-29T12:22:21.510+0000][gc            ] GC(4) Pause Cleanup 142M->142M(1024M) 0.227ms
[2024-01-29T12:22:21.510+0000][gc,cpu        ] GC(4) User=0.01s Sys=0.00s Real=0.00s
[2024-01-29T12:22:21.510+0000][gc,marking    ] GC(4) Concurrent Cleanup for Next Mark
[2024-01-29T12:22:21.524+0000][gc,marking    ] GC(4) Concurrent Cleanup for Next Mark 13.772ms
[2024-01-29T12:22:21.524+0000][gc            ] GC(4) Concurrent Cycle 28.792ms
[2024-01-29T12:22:21.782+0000][gc,heap,exit  ] Heap
[2024-01-29T12:22:21.782+0000][gc,heap,exit  ]  garbage-first heap   total 1048576K, used 155384K [0x00000000c0000000, 0x0000000100000000)
[2024-01-29T12:22:21.782+0000][gc,heap,exit  ]   region size 1024K, 17 young (17408K), 5 survivors (5120K)
[2024-01-29T12:22:21.782+0000][gc,heap,exit  ]  Metaspace       used 29872K, capacity 30958K, committed 31232K, reserved 1077248K
[2024-01-29T12:22:21.782+0000][gc,heap,exit  ]   class space    used 3572K, capacity 4089K, committed 4096K, reserved 1048576K
