[2024-01-29T14:25:51.035+0000][gc,heap] Heap region size: 1M
[2024-01-29T14:25:51.041+0000][gc     ] Using G1
[2024-01-29T14:25:51.041+0000][gc,heap,coops] Heap address: 0x00000000e0000000, size: 512 MB, Compressed Oops mode: 32-bit
[2024-01-29T14:25:51.041+0000][gc,cds       ] Mark closed archive regions in map: [0x00000000fff00000, 0x00000000fff6aff8]
[2024-01-29T14:25:51.041+0000][gc,cds       ] Mark open archive regions in map: [0x00000000ffe00000, 0x00000000ffe46ff8]
[2024-01-29T14:25:51.395+0000][gc,start     ] GC(0) Pause Young (Normal) (G1 Evacuation Pause)
[2024-01-29T14:25:51.396+0000][gc,task      ] GC(0) Using 8 workers of 8 for evacuation
[2024-01-29T14:25:51.408+0000][gc,phases    ] GC(0)   Pre Evacuate Collection Set: 0.0ms
[2024-01-29T14:25:51.408+0000][gc,phases    ] GC(0)   Evacuate Collection Set: 11.5ms
[2024-01-29T14:25:51.408+0000][gc,phases    ] GC(0)   Post Evacuate Collection Set: 0.6ms
[2024-01-29T14:25:51.408+0000][gc,phases    ] GC(0)   Other: 1.3ms
[2024-01-29T14:25:51.408+0000][gc,heap      ] GC(0) Eden regions: 25->0(21)
[2024-01-29T14:25:51.408+0000][gc,heap      ] GC(0) Survivor regions: 0->4(4)
[2024-01-29T14:25:51.408+0000][gc,heap      ] GC(0) Old regions: 2->5
[2024-01-29T14:25:51.408+0000][gc,heap      ] GC(0) Humongous regions: 0->0
[2024-01-29T14:25:51.408+0000][gc,metaspace ] GC(0) Metaspace: 7292K(7936K)->7292K(7936K) NonClass: 6471K(6912K)->6471K(6912K) Class: 821K(1024K)->821K(1024K)
[2024-01-29T14:25:51.408+0000][gc           ] GC(0) Pause Young (Normal) (G1 Evacuation Pause) 25M->7M(512M) 13.544ms
[2024-01-29T14:25:51.408+0000][gc,cpu       ] GC(0) User=0.08s Sys=0.00s Real=0.02s
