[2024-01-29T14:22:32.392+0000][gc,heap] Heap region size: 1M
[2024-01-29T14:22:32.400+0000][gc     ] Using G1
[2024-01-29T14:22:32.400+0000][gc,heap,coops] Heap address: 0x00000000e0000000, size: 512 MB, Compressed Oops mode: 32-bit
[2024-01-29T14:22:32.401+0000][gc,cds       ] Mark closed archive regions in map: [0x00000000fff00000, 0x00000000fff6aff8]
[2024-01-29T14:22:32.401+0000][gc,cds       ] Mark open archive regions in map: [0x00000000ffe00000, 0x00000000ffe46ff8]
[2024-01-29T14:22:32.799+0000][gc,start     ] GC(0) Pause Young (Normal) (G1 Evacuation Pause)
[2024-01-29T14:22:32.799+0000][gc,task      ] GC(0) Using 8 workers of 8 for evacuation
[2024-01-29T14:22:32.805+0000][gc,phases    ] GC(0)   Pre Evacuate Collection Set: 0.0ms
[2024-01-29T14:22:32.805+0000][gc,phases    ] GC(0)   Evacuate Collection Set: 5.3ms
[2024-01-29T14:22:32.805+0000][gc,phases    ] GC(0)   Post Evacuate Collection Set: 0.3ms
[2024-01-29T14:22:32.805+0000][gc,phases    ] GC(0)   Other: 0.6ms
[2024-01-29T14:22:32.805+0000][gc,heap      ] GC(0) Eden regions: 25->0(21)
[2024-01-29T14:22:32.805+0000][gc,heap      ] GC(0) Survivor regions: 0->4(4)
[2024-01-29T14:22:32.805+0000][gc,heap      ] GC(0) Old regions: 2->5
[2024-01-29T14:22:32.805+0000][gc,heap      ] GC(0) Humongous regions: 0->0
[2024-01-29T14:22:32.805+0000][gc,metaspace ] GC(0) Metaspace: 7294K(7936K)->7294K(7936K) NonClass: 6474K(6912K)->6474K(6912K) Class: 819K(1024K)->819K(1024K)
[2024-01-29T14:22:32.805+0000][gc           ] GC(0) Pause Young (Normal) (G1 Evacuation Pause) 25M->7M(512M) 6.324ms
[2024-01-29T14:22:32.805+0000][gc,cpu       ] GC(0) User=0.02s Sys=0.01s Real=0.01s
[2024-01-29T14:24:05.257+0000][gc,heap,exit ] Heap
[2024-01-29T14:24:05.257+0000][gc,heap,exit ]  garbage-first heap   total 524288K, used 18998K [0x00000000e0000000, 0x0000000100000000)
[2024-01-29T14:24:05.257+0000][gc,heap,exit ]   region size 1024K, 16 young (16384K), 4 survivors (4096K)
[2024-01-29T14:24:05.257+0000][gc,heap,exit ]  Metaspace       used 8757K, capacity 9134K, committed 9344K, reserved 1056768K
[2024-01-29T14:24:05.257+0000][gc,heap,exit ]   class space    used 975K, capacity 1122K, committed 1152K, reserved 1048576K
