[2022-10-17T07:25:30.589+0000][gc,heap] Heap region size: 1M
[2022-10-17T07:25:30.599+0000][gc     ] Using G1
[2022-10-17T07:25:30.599+0000][gc,heap,coops] Heap address: 0x00000000c0000000, size: 1024 MB, Compressed Oops mode: 32-bit
[2022-10-17T07:25:30.600+0000][gc,cds       ] Mark closed archive regions in map: [0x00000000fff00000, 0x00000000fff6aff8]
[2022-10-17T07:25:30.600+0000][gc,cds       ] Mark open archive regions in map: [0x00000000ffe00000, 0x00000000ffe47ff8]
[2022-10-17T07:25:31.841+0000][gc,start     ] GC(0) Pause Young (Normal) (G1 Evacuation Pause)
[2022-10-17T07:25:31.842+0000][gc,task      ] GC(0) Using 8 workers of 8 for evacuation
[2022-10-17T07:25:31.851+0000][gc,phases    ] GC(0)   Pre Evacuate Collection Set: 0.0ms
[2022-10-17T07:25:31.851+0000][gc,phases    ] GC(0)   Evacuate Collection Set: 8.1ms
[2022-10-17T07:25:31.851+0000][gc,phases    ] GC(0)   Post Evacuate Collection Set: 0.5ms
[2022-10-17T07:25:31.851+0000][gc,phases    ] GC(0)   Other: 0.8ms
[2022-10-17T07:25:31.851+0000][gc,heap      ] GC(0) Eden regions: 51->0(44)
[2022-10-17T07:25:31.851+0000][gc,heap      ] GC(0) Survivor regions: 0->7(7)
[2022-10-17T07:25:31.851+0000][gc,heap      ] GC(0) Old regions: 2->2
[2022-10-17T07:25:31.851+0000][gc,heap      ] GC(0) Humongous regions: 0->0
[2022-10-17T07:25:31.851+0000][gc,metaspace ] GC(0) Metaspace: 14303K->14303K(1062912K)
[2022-10-17T07:25:31.851+0000][gc           ] GC(0) Pause Young (Normal) (G1 Evacuation Pause) 51M->7M(1024M) 9.445ms
[2022-10-17T07:25:31.851+0000][gc,cpu       ] GC(0) User=0.04s Sys=0.02s Real=0.01s
[2022-10-17T07:25:32.323+0000][gc,start     ] GC(1) Pause Young (Concurrent Start) (Metadata GC Threshold)
[2022-10-17T07:25:32.323+0000][gc,task      ] GC(1) Using 8 workers of 8 for evacuation
[2022-10-17T07:25:32.333+0000][gc,phases    ] GC(1)   Pre Evacuate Collection Set: 0.1ms
[2022-10-17T07:25:32.333+0000][gc,phases    ] GC(1)   Evacuate Collection Set: 6.9ms
[2022-10-17T07:25:32.333+0000][gc,phases    ] GC(1)   Post Evacuate Collection Set: 0.4ms
[2022-10-17T07:25:32.333+0000][gc,phases    ] GC(1)   Other: 1.9ms
[2022-10-17T07:25:32.333+0000][gc,heap      ] GC(1) Eden regions: 29->0(49)
[2022-10-17T07:25:32.333+0000][gc,heap      ] GC(1) Survivor regions: 7->2(7)
[2022-10-17T07:25:32.333+0000][gc,heap      ] GC(1) Old regions: 2->9
[2022-10-17T07:25:32.333+0000][gc,heap      ] GC(1) Humongous regions: 0->0
[2022-10-17T07:25:32.333+0000][gc,metaspace ] GC(1) Metaspace: 20609K->20609K(1067008K)
[2022-10-17T07:25:32.333+0000][gc           ] GC(1) Pause Young (Concurrent Start) (Metadata GC Threshold) 36M->8M(1024M) 9.314ms
[2022-10-17T07:25:32.333+0000][gc,cpu       ] GC(1) User=0.04s Sys=0.00s Real=0.01s
[2022-10-17T07:25:32.333+0000][gc           ] GC(2) Concurrent Cycle
[2022-10-17T07:25:32.333+0000][gc,marking   ] GC(2) Concurrent Clear Claimed Marks
[2022-10-17T07:25:32.333+0000][gc,marking   ] GC(2) Concurrent Clear Claimed Marks 0.025ms
[2022-10-17T07:25:32.333+0000][gc,marking   ] GC(2) Concurrent Scan Root Regions
[2022-10-17T07:25:32.333+0000][gc,marking   ] GC(2) Concurrent Scan Root Regions 0.760ms
[2022-10-17T07:25:32.333+0000][gc,marking   ] GC(2) Concurrent Mark (1.747s)
[2022-10-17T07:25:32.333+0000][gc,marking   ] GC(2) Concurrent Mark From Roots
[2022-10-17T07:25:32.334+0000][gc,task      ] GC(2) Using 2 workers of 2 for marking
[2022-10-17T07:25:32.338+0000][gc,marking   ] GC(2) Concurrent Mark From Roots 4.350ms
[2022-10-17T07:25:32.338+0000][gc,marking   ] GC(2) Concurrent Preclean
[2022-10-17T07:25:32.338+0000][gc,marking   ] GC(2) Concurrent Preclean 0.102ms
[2022-10-17T07:25:32.338+0000][gc,marking   ] GC(2) Concurrent Mark (1.747s, 1.752s) 4.475ms
[2022-10-17T07:25:32.338+0000][gc,start     ] GC(2) Pause Remark
[2022-10-17T07:25:32.340+0000][gc,stringtable] GC(2) Cleaned string and symbol table, strings: 5180 processed, 0 removed, symbols: 52504 processed, 43 removed
[2022-10-17T07:25:32.340+0000][gc            ] GC(2) Pause Remark 8M->8M(1024M) 1.914ms
[2022-10-17T07:25:32.340+0000][gc,cpu        ] GC(2) User=0.01s Sys=0.00s Real=0.00s
[2022-10-17T07:25:32.340+0000][gc,marking    ] GC(2) Concurrent Rebuild Remembered Sets
[2022-10-17T07:25:32.342+0000][gc,marking    ] GC(2) Concurrent Rebuild Remembered Sets 2.296ms
[2022-10-17T07:25:32.343+0000][gc,start      ] GC(2) Pause Cleanup
[2022-10-17T07:25:32.343+0000][gc            ] GC(2) Pause Cleanup 8M->8M(1024M) 0.248ms
[2022-10-17T07:25:32.343+0000][gc,cpu        ] GC(2) User=0.00s Sys=0.00s Real=0.00s
[2022-10-17T07:25:32.343+0000][gc,marking    ] GC(2) Concurrent Cleanup for Next Mark
[2022-10-17T07:25:32.353+0000][gc,marking    ] GC(2) Concurrent Cleanup for Next Mark 10.455ms
[2022-10-17T07:25:32.353+0000][gc            ] GC(2) Concurrent Cycle 20.646ms
[2022-10-17T07:25:33.112+0000][gc,start      ] GC(3) Pause Young (Normal) (G1 Evacuation Pause)
[2022-10-17T07:25:33.112+0000][gc,task       ] GC(3) Using 8 workers of 8 for evacuation
[2022-10-17T07:25:33.115+0000][gc,phases     ] GC(3)   Pre Evacuate Collection Set: 0.0ms
[2022-10-17T07:25:33.115+0000][gc,phases     ] GC(3)   Evacuate Collection Set: 2.3ms
[2022-10-17T07:25:33.115+0000][gc,phases     ] GC(3)   Post Evacuate Collection Set: 0.4ms
[2022-10-17T07:25:33.115+0000][gc,phases     ] GC(3)   Other: 0.1ms
[2022-10-17T07:25:33.115+0000][gc,heap       ] GC(3) Eden regions: 49->0(46)
[2022-10-17T07:25:33.115+0000][gc,heap       ] GC(3) Survivor regions: 2->5(7)
[2022-10-17T07:25:33.115+0000][gc,heap       ] GC(3) Old regions: 9->9
[2022-10-17T07:25:33.115+0000][gc,heap       ] GC(3) Humongous regions: 129->129
[2022-10-17T07:25:33.115+0000][gc,metaspace  ] GC(3) Metaspace: 28751K->28751K(1075200K)
[2022-10-17T07:25:33.115+0000][gc            ] GC(3) Pause Young (Normal) (G1 Evacuation Pause) 186M->140M(1024M) 2.968ms
[2022-10-17T07:25:33.115+0000][gc,cpu        ] GC(3) User=0.02s Sys=0.00s Real=0.00s
[2022-10-17T07:25:33.367+0000][gc,start      ] GC(4) Pause Young (Concurrent Start) (Metadata GC Threshold)
[2022-10-17T07:25:33.367+0000][gc,task       ] GC(4) Using 8 workers of 8 for evacuation
[2022-10-17T07:25:33.375+0000][gc,phases     ] GC(4)   Pre Evacuate Collection Set: 0.1ms
[2022-10-17T07:25:33.375+0000][gc,phases     ] GC(4)   Evacuate Collection Set: 6.9ms
[2022-10-17T07:25:33.375+0000][gc,phases     ] GC(4)   Post Evacuate Collection Set: 0.4ms
[2022-10-17T07:25:33.375+0000][gc,phases     ] GC(4)   Other: 0.2ms
[2022-10-17T07:25:33.375+0000][gc,heap       ] GC(4) Eden regions: 30->0(49)
[2022-10-17T07:25:33.375+0000][gc,heap       ] GC(4) Survivor regions: 5->2(7)
[2022-10-17T07:25:33.375+0000][gc,heap       ] GC(4) Old regions: 9->13
[2022-10-17T07:25:33.375+0000][gc,heap       ] GC(4) Humongous regions: 129->129
[2022-10-17T07:25:33.375+0000][gc,metaspace  ] GC(4) Metaspace: 34411K->34411K(1081344K)
[2022-10-17T07:25:33.375+0000][gc            ] GC(4) Pause Young (Concurrent Start) (Metadata GC Threshold) 170M->142M(1024M) 7.671ms
[2022-10-17T07:25:33.375+0000][gc,cpu        ] GC(4) User=0.02s Sys=0.02s Real=0.01s
[2022-10-17T07:25:33.375+0000][gc            ] GC(5) Concurrent Cycle
[2022-10-17T07:25:33.375+0000][gc,marking    ] GC(5) Concurrent Clear Claimed Marks
[2022-10-17T07:25:33.375+0000][gc,marking    ] GC(5) Concurrent Clear Claimed Marks 0.038ms
[2022-10-17T07:25:33.375+0000][gc,marking    ] GC(5) Concurrent Scan Root Regions
[2022-10-17T07:25:33.376+0000][gc,marking    ] GC(5) Concurrent Scan Root Regions 0.746ms
[2022-10-17T07:25:33.376+0000][gc,marking    ] GC(5) Concurrent Mark (2.790s)
[2022-10-17T07:25:33.376+0000][gc,marking    ] GC(5) Concurrent Mark From Roots
[2022-10-17T07:25:33.376+0000][gc,task       ] GC(5) Using 2 workers of 2 for marking
[2022-10-17T07:25:33.385+0000][gc,marking    ] GC(5) Concurrent Mark From Roots 9.274ms
[2022-10-17T07:25:33.385+0000][gc,marking    ] GC(5) Concurrent Preclean
[2022-10-17T07:25:33.385+0000][gc,marking    ] GC(5) Concurrent Preclean 0.093ms
[2022-10-17T07:25:33.385+0000][gc,marking    ] GC(5) Concurrent Mark (2.790s, 2.799s) 9.402ms
[2022-10-17T07:25:33.385+0000][gc,start      ] GC(5) Pause Remark
[2022-10-17T07:25:33.388+0000][gc,stringtable] GC(5) Cleaned string and symbol table, strings: 10329 processed, 10 removed, symbols: 83906 processed, 13 removed
[2022-10-17T07:25:33.388+0000][gc            ] GC(5) Pause Remark 144M->144M(1024M) 2.490ms
[2022-10-17T07:25:33.388+0000][gc,cpu        ] GC(5) User=0.01s Sys=0.00s Real=0.00s
[2022-10-17T07:25:33.388+0000][gc,marking    ] GC(5) Concurrent Rebuild Remembered Sets
[2022-10-17T07:25:33.394+0000][gc,marking    ] GC(5) Concurrent Rebuild Remembered Sets 5.689ms
[2022-10-17T07:25:33.394+0000][gc,start      ] GC(5) Pause Cleanup
[2022-10-17T07:25:33.394+0000][gc            ] GC(5) Pause Cleanup 145M->145M(1024M) 0.242ms
[2022-10-17T07:25:33.394+0000][gc,cpu        ] GC(5) User=0.00s Sys=0.00s Real=0.00s
[2022-10-17T07:25:33.394+0000][gc,marking    ] GC(5) Concurrent Cleanup for Next Mark
[2022-10-17T07:25:33.425+0000][gc,marking    ] GC(5) Concurrent Cleanup for Next Mark 31.013ms
[2022-10-17T07:25:33.425+0000][gc            ] GC(5) Concurrent Cycle 50.054ms
[2022-10-17T07:50:50.535+0000][gc,start      ] GC(6) Pause Young (Normal) (G1 Evacuation Pause)
[2022-10-17T07:50:50.535+0000][gc,task       ] GC(6) Using 8 workers of 8 for evacuation
[2022-10-17T07:50:50.561+0000][gc,mmu        ] GC(6) MMU target violated: 21.0ms (20.0ms/21.0ms)
[2022-10-17T07:50:50.561+0000][gc,phases     ] GC(6)   Pre Evacuate Collection Set: 2.0ms
[2022-10-17T07:50:50.561+0000][gc,phases     ] GC(6)   Evacuate Collection Set: 23.1ms
[2022-10-17T07:50:50.561+0000][gc,phases     ] GC(6)   Post Evacuate Collection Set: 0.7ms
[2022-10-17T07:50:50.561+0000][gc,phases     ] GC(6)   Other: 0.5ms
[2022-10-17T07:50:50.561+0000][gc,heap       ] GC(6) Eden regions: 49->0(48)
[2022-10-17T07:50:50.561+0000][gc,heap       ] GC(6) Survivor regions: 2->3(7)
[2022-10-17T07:50:50.561+0000][gc,heap       ] GC(6) Old regions: 13->13
[2022-10-17T07:50:50.562+0000][gc,heap       ] GC(6) Humongous regions: 129->129
[2022-10-17T07:50:50.562+0000][gc,metaspace  ] GC(6) Metaspace: 40378K->40378K(1085440K)
[2022-10-17T07:50:50.562+0000][gc            ] GC(6) Pause Young (Normal) (G1 Evacuation Pause) 191M->143M(1024M) 26.349ms
[2022-10-17T07:50:50.562+0000][gc,cpu        ] GC(6) User=0.06s Sys=0.00s Real=0.03s
[2022-10-17T08:52:06.080+0000][gc,start      ] GC(7) Pause Young (Normal) (G1 Evacuation Pause)
[2022-10-17T08:52:06.080+0000][gc,task       ] GC(7) Using 8 workers of 8 for evacuation
[2022-10-17T08:52:06.121+0000][gc,mmu        ] GC(7) MMU target violated: 21.0ms (20.0ms/21.0ms)
[2022-10-17T08:52:06.121+0000][gc,phases     ] GC(7)   Pre Evacuate Collection Set: 1.6ms
[2022-10-17T08:52:06.121+0000][gc,phases     ] GC(7)   Evacuate Collection Set: 23.9ms
[2022-10-17T08:52:06.121+0000][gc,phases     ] GC(7)   Post Evacuate Collection Set: 15.3ms
[2022-10-17T08:52:06.121+0000][gc,phases     ] GC(7)   Other: 0.4ms
[2022-10-17T08:52:06.121+0000][gc,heap       ] GC(7) Eden regions: 48->0(48)
[2022-10-17T08:52:06.121+0000][gc,heap       ] GC(7) Survivor regions: 3->3(7)
[2022-10-17T08:52:06.121+0000][gc,heap       ] GC(7) Old regions: 13->13
[2022-10-17T08:52:06.121+0000][gc,heap       ] GC(7) Humongous regions: 129->129
[2022-10-17T08:52:06.121+0000][gc,metaspace  ] GC(7) Metaspace: 40854K->40854K(1085440K)
[2022-10-17T08:52:06.121+0000][gc            ] GC(7) Pause Young (Normal) (G1 Evacuation Pause) 191M->143M(1024M) 41.233ms
[2022-10-17T08:52:06.121+0000][gc,cpu        ] GC(7) User=0.07s Sys=0.00s Real=0.04s
[2022-10-17T09:50:02.199+0000][gc,start      ] GC(8) Pause Young (Normal) (G1 Evacuation Pause)
[2022-10-17T09:50:02.199+0000][gc,task       ] GC(8) Using 8 workers of 8 for evacuation
[2022-10-17T09:50:02.216+0000][gc,phases     ] GC(8)   Pre Evacuate Collection Set: 1.5ms
[2022-10-17T09:50:02.216+0000][gc,phases     ] GC(8)   Evacuate Collection Set: 7.8ms
[2022-10-17T09:50:02.216+0000][gc,phases     ] GC(8)   Post Evacuate Collection Set: 7.4ms
[2022-10-17T09:50:02.216+0000][gc,phases     ] GC(8)   Other: 0.3ms
[2022-10-17T09:50:02.216+0000][gc,heap       ] GC(8) Eden regions: 48->0(47)
[2022-10-17T09:50:02.216+0000][gc,heap       ] GC(8) Survivor regions: 3->4(7)
[2022-10-17T09:50:02.216+0000][gc,heap       ] GC(8) Old regions: 13->13
[2022-10-17T09:50:02.216+0000][gc,heap       ] GC(8) Humongous regions: 129->129
[2022-10-17T09:50:02.216+0000][gc,metaspace  ] GC(8) Metaspace: 41082K->41082K(1087488K)
[2022-10-17T09:50:02.216+0000][gc            ] GC(8) Pause Young (Normal) (G1 Evacuation Pause) 191M->143M(1024M) 17.119ms
[2022-10-17T09:50:02.216+0000][gc,cpu        ] GC(8) User=0.07s Sys=0.00s Real=0.01s
[2022-10-17T10:09:15.535+0000][gc,start      ] GC(9) Pause Young (Normal) (G1 Evacuation Pause)
[2022-10-17T10:09:15.535+0000][gc,task       ] GC(9) Using 8 workers of 8 for evacuation
[2022-10-17T10:09:15.581+0000][gc,mmu        ] GC(9) MMU target violated: 21.0ms (20.0ms/21.0ms)
[2022-10-17T10:09:15.581+0000][gc,phases     ] GC(9)   Pre Evacuate Collection Set: 1.7ms
[2022-10-17T10:09:15.581+0000][gc,phases     ] GC(9)   Evacuate Collection Set: 42.3ms
[2022-10-17T10:09:15.581+0000][gc,phases     ] GC(9)   Post Evacuate Collection Set: 2.2ms
[2022-10-17T10:09:15.581+0000][gc,phases     ] GC(9)   Other: 0.4ms
[2022-10-17T10:09:15.581+0000][gc,heap       ] GC(9) Eden regions: 47->0(46)
[2022-10-17T10:09:15.581+0000][gc,heap       ] GC(9) Survivor regions: 4->5(7)
[2022-10-17T10:09:15.581+0000][gc,heap       ] GC(9) Old regions: 13->13
[2022-10-17T10:09:15.581+0000][gc,heap       ] GC(9) Humongous regions: 129->129
[2022-10-17T10:09:15.581+0000][gc,metaspace  ] GC(9) Metaspace: 43409K->43409K(1089536K)
[2022-10-17T10:09:15.581+0000][gc            ] GC(9) Pause Young (Normal) (G1 Evacuation Pause) 190M->145M(1024M) 46.636ms
[2022-10-17T10:09:15.581+0000][gc,cpu        ] GC(9) User=0.12s Sys=0.00s Real=0.05s
[2022-10-17T10:37:30.037+0000][gc,start      ] GC(10) Pause Young (Normal) (G1 Evacuation Pause)
[2022-10-17T10:37:30.037+0000][gc,task       ] GC(10) Using 8 workers of 8 for evacuation
[2022-10-17T10:37:30.059+0000][gc,mmu        ] GC(10) MMU target violated: 21.0ms (20.0ms/21.0ms)
[2022-10-17T10:37:30.059+0000][gc,phases     ] GC(10)   Pre Evacuate Collection Set: 1.6ms
[2022-10-17T10:37:30.059+0000][gc,phases     ] GC(10)   Evacuate Collection Set: 20.0ms
[2022-10-17T10:37:30.059+0000][gc,phases     ] GC(10)   Post Evacuate Collection Set: 1.0ms
[2022-10-17T10:37:30.059+0000][gc,phases     ] GC(10)   Other: 0.3ms
[2022-10-17T10:37:30.059+0000][gc,heap       ] GC(10) Eden regions: 46->0(47)
[2022-10-17T10:37:30.059+0000][gc,heap       ] GC(10) Survivor regions: 5->4(7)
[2022-10-17T10:37:30.059+0000][gc,heap       ] GC(10) Old regions: 13->15
[2022-10-17T10:37:30.059+0000][gc,heap       ] GC(10) Humongous regions: 129->129
[2022-10-17T10:37:30.059+0000][gc,metaspace  ] GC(10) Metaspace: 43781K->43781K(1089536K)
[2022-10-17T10:37:30.060+0000][gc            ] GC(10) Pause Young (Normal) (G1 Evacuation Pause) 191M->145M(1024M) 22.929ms
[2022-10-17T10:37:30.060+0000][gc,cpu        ] GC(10) User=0.07s Sys=0.00s Real=0.02s
[2022-10-17T11:01:36.395+0000][gc,start      ] GC(11) Pause Young (Normal) (G1 Evacuation Pause)
[2022-10-17T11:01:36.395+0000][gc,task       ] GC(11) Using 8 workers of 8 for evacuation
[2022-10-17T11:01:36.410+0000][gc,phases     ] GC(11)   Pre Evacuate Collection Set: 1.6ms
[2022-10-17T11:01:36.410+0000][gc,phases     ] GC(11)   Evacuate Collection Set: 11.9ms
[2022-10-17T11:01:36.410+0000][gc,phases     ] GC(11)   Post Evacuate Collection Set: 1.3ms
[2022-10-17T11:01:36.410+0000][gc,phases     ] GC(11)   Other: 0.3ms
[2022-10-17T11:01:36.410+0000][gc,heap       ] GC(11) Eden regions: 47->0(50)
[2022-10-17T11:01:36.410+0000][gc,heap       ] GC(11) Survivor regions: 4->4(7)
[2022-10-17T11:01:36.410+0000][gc,heap       ] GC(11) Old regions: 15->15
[2022-10-17T11:01:36.410+0000][gc,heap       ] GC(11) Humongous regions: 129->129
[2022-10-17T11:01:36.410+0000][gc,metaspace  ] GC(11) Metaspace: 43842K->43842K(1089536K)
[2022-10-17T11:01:36.410+0000][gc            ] GC(11) Pause Young (Normal) (G1 Evacuation Pause) 192M->145M(1024M) 15.099ms
[2022-10-17T11:01:36.410+0000][gc,cpu        ] GC(11) User=0.05s Sys=0.00s Real=0.02s
[2022-10-17T11:27:20.536+0000][gc,start      ] GC(12) Pause Young (Normal) (G1 Evacuation Pause)
[2022-10-17T11:27:20.536+0000][gc,task       ] GC(12) Using 8 workers of 8 for evacuation
[2022-10-17T11:27:20.547+0000][gc,phases     ] GC(12)   Pre Evacuate Collection Set: 1.7ms
[2022-10-17T11:27:20.547+0000][gc,phases     ] GC(12)   Evacuate Collection Set: 8.2ms
[2022-10-17T11:27:20.547+0000][gc,phases     ] GC(12)   Post Evacuate Collection Set: 1.0ms
[2022-10-17T11:27:20.547+0000][gc,phases     ] GC(12)   Other: 0.5ms
[2022-10-17T11:27:20.547+0000][gc,heap       ] GC(12) Eden regions: 50->0(58)
[2022-10-17T11:27:20.547+0000][gc,heap       ] GC(12) Survivor regions: 4->3(7)
[2022-10-17T11:27:20.547+0000][gc,heap       ] GC(12) Old regions: 15->16
[2022-10-17T11:27:20.547+0000][gc,heap       ] GC(12) Humongous regions: 129->129
[2022-10-17T11:27:20.547+0000][gc,metaspace  ] GC(12) Metaspace: 43853K->43853K(1089536K)
[2022-10-17T11:27:20.547+0000][gc            ] GC(12) Pause Young (Normal) (G1 Evacuation Pause) 195M->145M(1024M) 11.288ms
[2022-10-17T11:27:20.547+0000][gc,cpu        ] GC(12) User=0.05s Sys=0.00s Real=0.01s
[2022-10-17T11:49:24.377+0000][gc,heap,exit  ] Heap
[2022-10-17T11:49:24.377+0000][gc,heap,exit  ]  garbage-first heap   total 1048576K, used 186069K [0x00000000c0000000, 0x0000000100000000)
[2022-10-17T11:49:24.377+0000][gc,heap,exit  ]   region size 1024K, 41 young (41984K), 3 survivors (3072K)
[2022-10-17T11:49:24.377+0000][gc,heap,exit  ]  Metaspace       used 44612K, capacity 47427K, committed 47744K, reserved 1089536K
[2022-10-17T11:49:24.377+0000][gc,heap,exit  ]   class space    used 5811K, capacity 7200K, committed 7296K, reserved 1048576K
