[2023-08-18T07:44:29.146+0000][gc,heap] Heap region size: 1M
[2023-08-18T07:44:29.156+0000][gc     ] Using G1
[2023-08-18T07:44:29.156+0000][gc,heap,coops] Heap address: 0x00000000c0000000, size: 1024 MB, Compressed Oops mode: 32-bit
[2023-08-18T07:44:29.156+0000][gc,cds       ] Mark closed archive regions in map: [0x00000000fff00000, 0x00000000fff6aff8]
[2023-08-18T07:44:29.156+0000][gc,cds       ] Mark open archive regions in map: [0x00000000ffe00000, 0x00000000ffe46ff8]
[2023-08-18T07:44:29.948+0000][gc,start     ] GC(0) Pause Young (Normal) (G1 Evacuation Pause)
[2023-08-18T07:44:29.948+0000][gc,task      ] GC(0) Using 8 workers of 8 for evacuation
[2023-08-18T07:44:29.955+0000][gc,phases    ] GC(0)   Pre Evacuate Collection Set: 0.0ms
[2023-08-18T07:44:29.955+0000][gc,phases    ] GC(0)   Evacuate Collection Set: 6.2ms
[2023-08-18T07:44:29.955+0000][gc,phases    ] GC(0)   Post Evacuate Collection Set: 0.6ms
[2023-08-18T07:44:29.955+0000][gc,phases    ] GC(0)   Other: 0.8ms
[2023-08-18T07:44:29.955+0000][gc,heap      ] GC(0) Eden regions: 51->0(44)
[2023-08-18T07:44:29.955+0000][gc,heap      ] GC(0) Survivor regions: 0->7(7)
[2023-08-18T07:44:29.955+0000][gc,heap      ] GC(0) Old regions: 2->2
[2023-08-18T07:44:29.955+0000][gc,heap      ] GC(0) Humongous regions: 0->0
[2023-08-18T07:44:29.955+0000][gc,metaspace ] GC(0) Metaspace: 14250K(15104K)->14250K(15104K) NonClass: 12471K(13056K)->12471K(13056K) Class: 1779K(2048K)->1779K(2048K)
[2023-08-18T07:44:29.955+0000][gc           ] GC(0) Pause Young (Normal) (G1 Evacuation Pause) 51M->7M(1024M) 7.656ms
[2023-08-18T07:44:29.955+0000][gc,cpu       ] GC(0) User=0.03s Sys=0.00s Real=0.01s
[2023-08-18T07:44:30.249+0000][gc,start     ] GC(1) Pause Young (Concurrent Start) (Metadata GC Threshold)
[2023-08-18T07:44:30.249+0000][gc,task      ] GC(1) Using 8 workers of 8 for evacuation
[2023-08-18T07:44:30.258+0000][gc,phases    ] GC(1)   Pre Evacuate Collection Set: 0.1ms
[2023-08-18T07:44:30.258+0000][gc,phases    ] GC(1)   Evacuate Collection Set: 8.2ms
[2023-08-18T07:44:30.258+0000][gc,phases    ] GC(1)   Post Evacuate Collection Set: 0.3ms
[2023-08-18T07:44:30.258+0000][gc,phases    ] GC(1)   Other: 0.2ms
[2023-08-18T07:44:30.258+0000][gc,heap      ] GC(1) Eden regions: 29->0(49)
[2023-08-18T07:44:30.258+0000][gc,heap      ] GC(1) Survivor regions: 7->2(7)
[2023-08-18T07:44:30.258+0000][gc,heap      ] GC(1) Old regions: 2->9
[2023-08-18T07:44:30.258+0000][gc,heap      ] GC(1) Humongous regions: 0->0
[2023-08-18T07:44:30.258+0000][gc,metaspace ] GC(1) Metaspace: 20534K(21248K)->20534K(21248K) NonClass: 18018K(18432K)->18018K(18432K) Class: 2516K(2816K)->2516K(2816K)
[2023-08-18T07:44:30.258+0000][gc           ] GC(1) Pause Young (Concurrent Start) (Metadata GC Threshold) 35M->8M(1024M) 8.924ms
[2023-08-18T07:44:30.258+0000][gc,cpu       ] GC(1) User=0.03s Sys=0.01s Real=0.01s
[2023-08-18T07:44:30.258+0000][gc           ] GC(2) Concurrent Cycle
[2023-08-18T07:44:30.258+0000][gc,marking   ] GC(2) Concurrent Clear Claimed Marks
[2023-08-18T07:44:30.258+0000][gc,marking   ] GC(2) Concurrent Clear Claimed Marks 0.022ms
[2023-08-18T07:44:30.258+0000][gc,marking   ] GC(2) Concurrent Scan Root Regions
[2023-08-18T07:44:30.259+0000][gc,marking   ] GC(2) Concurrent Scan Root Regions 1.012ms
[2023-08-18T07:44:30.259+0000][gc,marking   ] GC(2) Concurrent Mark (1.116s)
[2023-08-18T07:44:30.259+0000][gc,marking   ] GC(2) Concurrent Mark From Roots
[2023-08-18T07:44:30.259+0000][gc,task      ] GC(2) Using 2 workers of 2 for marking
[2023-08-18T07:44:30.263+0000][gc,marking   ] GC(2) Concurrent Mark From Roots 4.630ms
[2023-08-18T07:44:30.263+0000][gc,marking   ] GC(2) Concurrent Preclean
[2023-08-18T07:44:30.264+0000][gc,marking   ] GC(2) Concurrent Preclean 0.119ms
[2023-08-18T07:44:30.264+0000][gc,marking   ] GC(2) Concurrent Mark (1.116s, 1.120s) 4.778ms
[2023-08-18T07:44:30.264+0000][gc,start     ] GC(2) Pause Remark
[2023-08-18T07:44:30.265+0000][gc,stringtable] GC(2) Cleaned string and symbol table, strings: 5122 processed, 0 removed, symbols: 52207 processed, 42 removed
[2023-08-18T07:44:30.266+0000][gc            ] GC(2) Pause Remark 9M->9M(1024M) 1.531ms
[2023-08-18T07:44:30.266+0000][gc,cpu        ] GC(2) User=0.01s Sys=0.00s Real=0.00s
[2023-08-18T07:44:30.266+0000][gc,marking    ] GC(2) Concurrent Rebuild Remembered Sets
[2023-08-18T07:44:30.268+0000][gc,marking    ] GC(2) Concurrent Rebuild Remembered Sets 2.510ms
[2023-08-18T07:44:30.268+0000][gc,start      ] GC(2) Pause Cleanup
[2023-08-18T07:44:30.268+0000][gc            ] GC(2) Pause Cleanup 9M->9M(1024M) 0.236ms
[2023-08-18T07:44:30.268+0000][gc,cpu        ] GC(2) User=0.00s Sys=0.00s Real=0.00s
[2023-08-18T07:44:30.269+0000][gc,marking    ] GC(2) Concurrent Cleanup for Next Mark
[2023-08-18T07:44:30.274+0000][gc,marking    ] GC(2) Concurrent Cleanup for Next Mark 5.028ms
[2023-08-18T07:44:30.274+0000][gc            ] GC(2) Concurrent Cycle 15.823ms
[2023-08-18T07:44:30.923+0000][gc,start      ] GC(3) Pause Young (Normal) (G1 Evacuation Pause)
[2023-08-18T07:44:30.923+0000][gc,task       ] GC(3) Using 8 workers of 8 for evacuation
[2023-08-18T07:44:30.927+0000][gc,phases     ] GC(3)   Pre Evacuate Collection Set: 0.1ms
[2023-08-18T07:44:30.927+0000][gc,phases     ] GC(3)   Evacuate Collection Set: 3.1ms
[2023-08-18T07:44:30.927+0000][gc,phases     ] GC(3)   Post Evacuate Collection Set: 0.5ms
[2023-08-18T07:44:30.927+0000][gc,phases     ] GC(3)   Other: 0.2ms
[2023-08-18T07:44:30.927+0000][gc,heap       ] GC(3) Eden regions: 49->0(47)
[2023-08-18T07:44:30.927+0000][gc,heap       ] GC(3) Survivor regions: 2->4(7)
[2023-08-18T07:44:30.927+0000][gc,heap       ] GC(3) Old regions: 9->9
[2023-08-18T07:44:30.927+0000][gc,heap       ] GC(3) Humongous regions: 129->129
[2023-08-18T07:44:30.927+0000][gc,metaspace  ] GC(3) Metaspace: 28768K(30080K)->28768K(30080K) NonClass: 25390K(26112K)->25390K(26112K) Class: 3377K(3968K)->3377K(3968K)
[2023-08-18T07:44:30.927+0000][gc            ] GC(3) Pause Young (Normal) (G1 Evacuation Pause) 186M->139M(1024M) 3.867ms
[2023-08-18T07:44:30.927+0000][gc,cpu        ] GC(3) User=0.02s Sys=0.00s Real=0.00s
[2023-08-18T07:44:31.222+0000][gc,start      ] GC(4) Pause Young (Concurrent Start) (Metadata GC Threshold)
[2023-08-18T07:44:31.222+0000][gc,task       ] GC(4) Using 8 workers of 8 for evacuation
[2023-08-18T07:44:31.230+0000][gc,phases     ] GC(4)   Pre Evacuate Collection Set: 0.2ms
[2023-08-18T07:44:31.230+0000][gc,phases     ] GC(4)   Evacuate Collection Set: 7.1ms
[2023-08-18T07:44:31.230+0000][gc,phases     ] GC(4)   Post Evacuate Collection Set: 0.5ms
[2023-08-18T07:44:31.230+0000][gc,phases     ] GC(4)   Other: 0.2ms
[2023-08-18T07:44:31.230+0000][gc,heap       ] GC(4) Eden regions: 37->0(44)
[2023-08-18T07:44:31.230+0000][gc,heap       ] GC(4) Survivor regions: 4->7(7)
[2023-08-18T07:44:31.230+0000][gc,heap       ] GC(4) Old regions: 9->9
[2023-08-18T07:44:31.230+0000][gc,heap       ] GC(4) Humongous regions: 129->129
[2023-08-18T07:44:31.230+0000][gc,metaspace  ] GC(4) Metaspace: 34527K(35840K)->34527K(35840K) NonClass: 30433K(31104K)->30433K(31104K) Class: 4093K(4736K)->4093K(4736K)
[2023-08-18T07:44:31.230+0000][gc            ] GC(4) Pause Young (Concurrent Start) (Metadata GC Threshold) 175M->142M(1024M) 8.103ms
[2023-08-18T07:44:31.230+0000][gc,cpu        ] GC(4) User=0.05s Sys=0.00s Real=0.01s
[2023-08-18T07:44:31.230+0000][gc            ] GC(5) Concurrent Cycle
[2023-08-18T07:44:31.231+0000][gc,marking    ] GC(5) Concurrent Clear Claimed Marks
[2023-08-18T07:44:31.231+0000][gc,marking    ] GC(5) Concurrent Clear Claimed Marks 0.040ms
[2023-08-18T07:44:31.231+0000][gc,marking    ] GC(5) Concurrent Scan Root Regions
[2023-08-18T07:44:31.233+0000][gc,marking    ] GC(5) Concurrent Scan Root Regions 2.225ms
[2023-08-18T07:44:31.233+0000][gc,marking    ] GC(5) Concurrent Mark (2.090s)
[2023-08-18T07:44:31.233+0000][gc,marking    ] GC(5) Concurrent Mark From Roots
[2023-08-18T07:44:31.233+0000][gc,task       ] GC(5) Using 2 workers of 2 for marking
[2023-08-18T07:44:31.238+0000][gc,marking    ] GC(5) Concurrent Mark From Roots 5.672ms
[2023-08-18T07:44:31.239+0000][gc,marking    ] GC(5) Concurrent Preclean
[2023-08-18T07:44:31.239+0000][gc,marking    ] GC(5) Concurrent Preclean 0.138ms
[2023-08-18T07:44:31.239+0000][gc,marking    ] GC(5) Concurrent Mark (2.090s, 2.095s) 5.844ms
[2023-08-18T07:44:31.239+0000][gc,start      ] GC(5) Pause Remark
[2023-08-18T07:44:31.251+0000][gc,stringtable] GC(5) Cleaned string and symbol table, strings: 10490 processed, 10 removed, symbols: 82430 processed, 15 removed
[2023-08-18T07:44:31.251+0000][gc            ] GC(5) Pause Remark 143M->143M(1024M) 12.147ms
[2023-08-18T07:44:31.251+0000][gc,cpu        ] GC(5) User=0.06s Sys=0.00s Real=0.02s
[2023-08-18T07:44:31.251+0000][gc,marking    ] GC(5) Concurrent Rebuild Remembered Sets
[2023-08-18T07:44:31.255+0000][gc,marking    ] GC(5) Concurrent Rebuild Remembered Sets 3.460ms
[2023-08-18T07:44:31.255+0000][gc,start      ] GC(5) Pause Cleanup
[2023-08-18T07:44:31.255+0000][gc            ] GC(5) Pause Cleanup 143M->143M(1024M) 0.239ms
[2023-08-18T07:44:31.255+0000][gc,cpu        ] GC(5) User=0.00s Sys=0.00s Real=0.00s
[2023-08-18T07:44:31.255+0000][gc,marking    ] GC(5) Concurrent Cleanup for Next Mark
[2023-08-18T07:44:31.268+0000][gc,marking    ] GC(5) Concurrent Cleanup for Next Mark 12.845ms
[2023-08-18T07:44:31.268+0000][gc            ] GC(5) Concurrent Cycle 37.440ms
[2023-08-18T07:47:30.832+0000][gc,start      ] GC(6) Pause Young (Normal) (G1 Evacuation Pause)
[2023-08-18T07:47:30.832+0000][gc,task       ] GC(6) Using 8 workers of 8 for evacuation
[2023-08-18T07:47:30.840+0000][gc,phases     ] GC(6)   Pre Evacuate Collection Set: 0.1ms
[2023-08-18T07:47:30.840+0000][gc,phases     ] GC(6)   Evacuate Collection Set: 7.1ms
[2023-08-18T07:47:30.840+0000][gc,phases     ] GC(6)   Post Evacuate Collection Set: 0.7ms
[2023-08-18T07:47:30.840+0000][gc,phases     ] GC(6)   Other: 0.2ms
[2023-08-18T07:47:30.840+0000][gc,heap       ] GC(6) Eden regions: 44->0(45)
[2023-08-18T07:47:30.840+0000][gc,heap       ] GC(6) Survivor regions: 7->6(7)
[2023-08-18T07:47:30.840+0000][gc,heap       ] GC(6) Old regions: 9->12
[2023-08-18T07:47:30.840+0000][gc,heap       ] GC(6) Humongous regions: 183->129
[2023-08-18T07:47:30.840+0000][gc,metaspace  ] GC(6) Metaspace: 41215K(43648K)->41215K(43648K) NonClass: 35910K(37120K)->35910K(37120K) Class: 5305K(6528K)->5305K(6528K)
[2023-08-18T07:47:30.840+0000][gc            ] GC(6) Pause Young (Normal) (G1 Evacuation Pause) 240M->144M(1024M) 8.140ms
[2023-08-18T07:47:30.840+0000][gc,cpu        ] GC(6) User=0.03s Sys=0.00s Real=0.00s
[2023-08-18T07:51:12.741+0000][gc,start      ] GC(7) Pause Young (Normal) (G1 Evacuation Pause)
[2023-08-18T07:51:12.741+0000][gc,task       ] GC(7) Using 8 workers of 8 for evacuation
[2023-08-18T07:51:12.751+0000][gc,phases     ] GC(7)   Pre Evacuate Collection Set: 0.2ms
[2023-08-18T07:51:12.751+0000][gc,phases     ] GC(7)   Evacuate Collection Set: 8.6ms
[2023-08-18T07:51:12.751+0000][gc,phases     ] GC(7)   Post Evacuate Collection Set: 0.6ms
[2023-08-18T07:51:12.751+0000][gc,phases     ] GC(7)   Other: 0.2ms
[2023-08-18T07:51:12.751+0000][gc,heap       ] GC(7) Eden regions: 45->0(47)
[2023-08-18T07:51:12.751+0000][gc,heap       ] GC(7) Survivor regions: 6->4(7)
[2023-08-18T07:51:12.751+0000][gc,heap       ] GC(7) Old regions: 12->15
[2023-08-18T07:51:12.751+0000][gc,heap       ] GC(7) Humongous regions: 129->129
[2023-08-18T07:51:12.751+0000][gc,metaspace  ] GC(7) Metaspace: 42706K(45312K)->42706K(45312K) NonClass: 37286K(38656K)->37286K(38656K) Class: 5420K(6656K)->5420K(6656K)
[2023-08-18T07:51:12.751+0000][gc            ] GC(7) Pause Young (Normal) (G1 Evacuation Pause) 189M->145M(1024M) 9.670ms
[2023-08-18T07:51:12.751+0000][gc,cpu        ] GC(7) User=0.02s Sys=0.00s Real=0.02s
[2023-08-18T08:13:45.968+0000][gc,start      ] GC(8) Pause Young (Normal) (G1 Evacuation Pause)
[2023-08-18T08:13:45.968+0000][gc,task       ] GC(8) Using 8 workers of 8 for evacuation
[2023-08-18T08:13:45.975+0000][gc,phases     ] GC(8)   Pre Evacuate Collection Set: 0.3ms
[2023-08-18T08:13:45.975+0000][gc,phases     ] GC(8)   Evacuate Collection Set: 5.4ms
[2023-08-18T08:13:45.975+0000][gc,phases     ] GC(8)   Post Evacuate Collection Set: 0.5ms
[2023-08-18T08:13:45.975+0000][gc,phases     ] GC(8)   Other: 0.2ms
[2023-08-18T08:13:45.975+0000][gc,heap       ] GC(8) Eden regions: 47->0(48)
[2023-08-18T08:13:45.975+0000][gc,heap       ] GC(8) Survivor regions: 4->3(7)
[2023-08-18T08:13:45.975+0000][gc,heap       ] GC(8) Old regions: 15->15
[2023-08-18T08:13:45.975+0000][gc,heap       ] GC(8) Humongous regions: 129->129
[2023-08-18T08:13:45.975+0000][gc,metaspace  ] GC(8) Metaspace: 42941K(45568K)->42941K(45568K) NonClass: 37496K(38912K)->37496K(38912K) Class: 5445K(6656K)->5445K(6656K)
[2023-08-18T08:13:45.975+0000][gc            ] GC(8) Pause Young (Normal) (G1 Evacuation Pause) 192M->145M(1024M) 6.425ms
[2023-08-18T08:13:45.975+0000][gc,cpu        ] GC(8) User=0.01s Sys=0.00s Real=0.01s
[2023-08-18T08:51:33.547+0000][gc,start      ] GC(9) Pause Young (Normal) (G1 Evacuation Pause)
[2023-08-18T08:51:33.547+0000][gc,task       ] GC(9) Using 8 workers of 8 for evacuation
[2023-08-18T08:51:33.564+0000][gc,phases     ] GC(9)   Pre Evacuate Collection Set: 0.3ms
[2023-08-18T08:51:33.564+0000][gc,phases     ] GC(9)   Evacuate Collection Set: 14.8ms
[2023-08-18T08:51:33.564+0000][gc,phases     ] GC(9)   Post Evacuate Collection Set: 1.4ms
[2023-08-18T08:51:33.564+0000][gc,phases     ] GC(9)   Other: 0.2ms
[2023-08-18T08:51:33.564+0000][gc,heap       ] GC(9) Eden regions: 48->0(49)
[2023-08-18T08:51:33.564+0000][gc,heap       ] GC(9) Survivor regions: 3->3(7)
[2023-08-18T08:51:33.564+0000][gc,heap       ] GC(9) Old regions: 15->15
[2023-08-18T08:51:33.564+0000][gc,heap       ] GC(9) Humongous regions: 129->129
[2023-08-18T08:51:33.564+0000][gc,metaspace  ] GC(9) Metaspace: 43153K(45824K)->43153K(45824K) NonClass: 37703K(39168K)->37703K(39168K) Class: 5450K(6656K)->5450K(6656K)
[2023-08-18T08:51:33.564+0000][gc            ] GC(9) Pause Young (Normal) (G1 Evacuation Pause) 193M->145M(1024M) 16.818ms
[2023-08-18T08:51:33.564+0000][gc,cpu        ] GC(9) User=0.05s Sys=0.00s Real=0.02s
[2023-08-18T09:30:21.494+0000][gc,start      ] GC(10) Pause Young (Normal) (G1 Evacuation Pause)
[2023-08-18T09:30:21.495+0000][gc,task       ] GC(10) Using 8 workers of 8 for evacuation
[2023-08-18T09:30:21.519+0000][gc,mmu        ] GC(10) MMU target violated: 21.0ms (20.0ms/21.0ms)
[2023-08-18T09:30:21.519+0000][gc,phases     ] GC(10)   Pre Evacuate Collection Set: 0.8ms
[2023-08-18T09:30:21.519+0000][gc,phases     ] GC(10)   Evacuate Collection Set: 17.2ms
[2023-08-18T09:30:21.519+0000][gc,phases     ] GC(10)   Post Evacuate Collection Set: 6.3ms
[2023-08-18T09:30:21.519+0000][gc,phases     ] GC(10)   Other: 0.3ms
[2023-08-18T09:30:21.519+0000][gc,heap       ] GC(10) Eden regions: 49->0(52)
[2023-08-18T09:30:21.519+0000][gc,heap       ] GC(10) Survivor regions: 3->3(7)
[2023-08-18T09:30:21.519+0000][gc,heap       ] GC(10) Old regions: 15->15
[2023-08-18T09:30:21.519+0000][gc,heap       ] GC(10) Humongous regions: 129->129
[2023-08-18T09:30:21.519+0000][gc,metaspace  ] GC(10) Metaspace: 43187K(45824K)->43187K(45824K) NonClass: 37737K(39168K)->37737K(39168K) Class: 5450K(6656K)->5450K(6656K)
[2023-08-18T09:30:21.519+0000][gc            ] GC(10) Pause Young (Normal) (G1 Evacuation Pause) 194M->145M(1024M) 24.632ms
[2023-08-18T09:30:21.519+0000][gc,cpu        ] GC(10) User=0.06s Sys=0.00s Real=0.02s
[2023-08-18T10:04:01.587+0000][gc,heap,exit  ] Heap
[2023-08-18T10:04:01.587+0000][gc,heap,exit  ]  garbage-first heap   total 1048576K, used 199981K [0x00000000c0000000, 0x0000000100000000)
[2023-08-18T10:04:01.587+0000][gc,heap,exit  ]   region size 1024K, 55 young (56320K), 3 survivors (3072K)
[2023-08-18T10:04:01.587+0000][gc,heap,exit  ]  Metaspace       used 43883K, capacity 46546K, committed 46720K, reserved 1089536K
[2023-08-18T10:04:01.587+0000][gc,heap,exit  ]   class space    used 5640K, capacity 6941K, committed 7040K, reserved 1048576K
