[2022-10-06T06:39:43.619+0000][gc,heap] Heap region size: 1M
[2022-10-06T06:39:43.629+0000][gc     ] Using G1
[2022-10-06T06:39:43.629+0000][gc,heap,coops] Heap address: 0x00000000c0000000, size: 1024 MB, Compressed Oops mode: 32-bit
[2022-10-06T06:39:43.629+0000][gc,cds       ] Mark closed archive regions in map: [0x00000000fff00000, 0x00000000fff6aff8]
[2022-10-06T06:39:43.629+0000][gc,cds       ] Mark open archive regions in map: [0x00000000ffe00000, 0x00000000ffe47ff8]
[2022-10-06T06:39:44.385+0000][gc,start     ] GC(0) Pause Young (Normal) (G1 Evacuation Pause)
[2022-10-06T06:39:44.386+0000][gc,task      ] GC(0) Using 8 workers of 8 for evacuation
[2022-10-06T06:39:44.393+0000][gc,phases    ] GC(0)   Pre Evacuate Collection Set: 0.2ms
[2022-10-06T06:39:44.393+0000][gc,phases    ] GC(0)   Evacuate Collection Set: 6.4ms
[2022-10-06T06:39:44.393+0000][gc,phases    ] GC(0)   Post Evacuate Collection Set: 0.5ms
[2022-10-06T06:39:44.393+0000][gc,phases    ] GC(0)   Other: 0.7ms
[2022-10-06T06:39:44.393+0000][gc,heap      ] GC(0) Eden regions: 51->0(44)
[2022-10-06T06:39:44.393+0000][gc,heap      ] GC(0) Survivor regions: 0->7(7)
[2022-10-06T06:39:44.393+0000][gc,heap      ] GC(0) Old regions: 2->2
[2022-10-06T06:39:44.393+0000][gc,heap      ] GC(0) Humongous regions: 0->0
[2022-10-06T06:39:44.393+0000][gc,metaspace ] GC(0) Metaspace: 14299K->14299K(1062912K)
[2022-10-06T06:39:44.393+0000][gc           ] GC(0) Pause Young (Normal) (G1 Evacuation Pause) 51M->7M(1024M) 7.918ms
[2022-10-06T06:39:44.393+0000][gc,cpu       ] GC(0) User=0.04s Sys=0.00s Real=0.01s
[2022-10-06T06:39:44.744+0000][gc,start     ] GC(1) Pause Young (Concurrent Start) (Metadata GC Threshold)
[2022-10-06T06:39:44.744+0000][gc,task      ] GC(1) Using 8 workers of 8 for evacuation
[2022-10-06T06:39:44.762+0000][gc,phases    ] GC(1)   Pre Evacuate Collection Set: 0.1ms
[2022-10-06T06:39:44.762+0000][gc,phases    ] GC(1)   Evacuate Collection Set: 17.8ms
[2022-10-06T06:39:44.762+0000][gc,phases    ] GC(1)   Post Evacuate Collection Set: 0.5ms
[2022-10-06T06:39:44.762+0000][gc,phases    ] GC(1)   Other: 0.3ms
[2022-10-06T06:39:44.762+0000][gc,heap      ] GC(1) Eden regions: 30->0(49)
[2022-10-06T06:39:44.762+0000][gc,heap      ] GC(1) Survivor regions: 7->2(7)
[2022-10-06T06:39:44.762+0000][gc,heap      ] GC(1) Old regions: 2->9
[2022-10-06T06:39:44.762+0000][gc,heap      ] GC(1) Humongous regions: 0->0
[2022-10-06T06:39:44.762+0000][gc,metaspace ] GC(1) Metaspace: 20580K->20580K(1067008K)
[2022-10-06T06:39:44.762+0000][gc           ] GC(1) Pause Young (Concurrent Start) (Metadata GC Threshold) 36M->8M(1024M) 18.746ms
[2022-10-06T06:39:44.762+0000][gc,cpu       ] GC(1) User=0.05s Sys=0.01s Real=0.01s
[2022-10-06T06:39:44.762+0000][gc           ] GC(2) Concurrent Cycle
[2022-10-06T06:39:44.762+0000][gc,marking   ] GC(2) Concurrent Clear Claimed Marks
[2022-10-06T06:39:44.762+0000][gc,marking   ] GC(2) Concurrent Clear Claimed Marks 0.016ms
[2022-10-06T06:39:44.762+0000][gc,marking   ] GC(2) Concurrent Scan Root Regions
[2022-10-06T06:39:44.763+0000][gc,marking   ] GC(2) Concurrent Scan Root Regions 0.987ms
[2022-10-06T06:39:44.763+0000][gc,marking   ] GC(2) Concurrent Mark (1.148s)
[2022-10-06T06:39:44.763+0000][gc,marking   ] GC(2) Concurrent Mark From Roots
[2022-10-06T06:39:44.763+0000][gc,task      ] GC(2) Using 2 workers of 2 for marking
[2022-10-06T06:39:44.768+0000][gc,marking   ] GC(2) Concurrent Mark From Roots 4.737ms
[2022-10-06T06:39:44.768+0000][gc,marking   ] GC(2) Concurrent Preclean
[2022-10-06T06:39:44.768+0000][gc,marking   ] GC(2) Concurrent Preclean 0.104ms
[2022-10-06T06:39:44.768+0000][gc,marking   ] GC(2) Concurrent Mark (1.148s, 1.153s) 4.871ms
[2022-10-06T06:39:44.768+0000][gc,start     ] GC(2) Pause Remark
[2022-10-06T06:39:44.771+0000][gc,stringtable] GC(2) Cleaned string and symbol table, strings: 5124 processed, 0 removed, symbols: 52242 processed, 42 removed
[2022-10-06T06:39:44.771+0000][gc            ] GC(2) Pause Remark 8M->8M(1024M) 2.901ms
[2022-10-06T06:39:44.771+0000][gc,cpu        ] GC(2) User=0.01s Sys=0.00s Real=0.01s
[2022-10-06T06:39:44.771+0000][gc,marking    ] GC(2) Concurrent Rebuild Remembered Sets
[2022-10-06T06:39:44.774+0000][gc,marking    ] GC(2) Concurrent Rebuild Remembered Sets 2.988ms
[2022-10-06T06:39:44.774+0000][gc,start      ] GC(2) Pause Cleanup
[2022-10-06T06:39:44.775+0000][gc            ] GC(2) Pause Cleanup 9M->9M(1024M) 0.244ms
[2022-10-06T06:39:44.775+0000][gc,cpu        ] GC(2) User=0.01s Sys=0.00s Real=0.00s
[2022-10-06T06:39:44.775+0000][gc,marking    ] GC(2) Concurrent Cleanup for Next Mark
[2022-10-06T06:39:44.784+0000][gc,marking    ] GC(2) Concurrent Cleanup for Next Mark 9.356ms
[2022-10-06T06:39:44.784+0000][gc            ] GC(2) Concurrent Cycle 21.769ms
[2022-10-06T06:39:45.479+0000][gc,start      ] GC(3) Pause Young (Normal) (G1 Evacuation Pause)
[2022-10-06T06:39:45.479+0000][gc,task       ] GC(3) Using 8 workers of 8 for evacuation
[2022-10-06T06:39:45.482+0000][gc,phases     ] GC(3)   Pre Evacuate Collection Set: 0.0ms
[2022-10-06T06:39:45.482+0000][gc,phases     ] GC(3)   Evacuate Collection Set: 2.8ms
[2022-10-06T06:39:45.482+0000][gc,phases     ] GC(3)   Post Evacuate Collection Set: 0.4ms
[2022-10-06T06:39:45.482+0000][gc,phases     ] GC(3)   Other: 0.2ms
[2022-10-06T06:39:45.482+0000][gc,heap       ] GC(3) Eden regions: 49->0(47)
[2022-10-06T06:39:45.482+0000][gc,heap       ] GC(3) Survivor regions: 2->4(7)
[2022-10-06T06:39:45.482+0000][gc,heap       ] GC(3) Old regions: 9->9
[2022-10-06T06:39:45.482+0000][gc,heap       ] GC(3) Humongous regions: 129->129
[2022-10-06T06:39:45.482+0000][gc,metaspace  ] GC(3) Metaspace: 28824K->28824K(1075200K)
[2022-10-06T06:39:45.482+0000][gc            ] GC(3) Pause Young (Normal) (G1 Evacuation Pause) 186M->139M(1024M) 3.446ms
[2022-10-06T06:39:45.482+0000][gc,cpu        ] GC(3) User=0.01s Sys=0.00s Real=0.00s
[2022-10-06T06:39:45.800+0000][gc,start      ] GC(4) Pause Young (Concurrent Start) (Metadata GC Threshold)
[2022-10-06T06:39:45.800+0000][gc,task       ] GC(4) Using 8 workers of 8 for evacuation
[2022-10-06T06:39:45.806+0000][gc,phases     ] GC(4)   Pre Evacuate Collection Set: 0.1ms
[2022-10-06T06:39:45.806+0000][gc,phases     ] GC(4)   Evacuate Collection Set: 5.3ms
[2022-10-06T06:39:45.806+0000][gc,phases     ] GC(4)   Post Evacuate Collection Set: 0.5ms
[2022-10-06T06:39:45.806+0000][gc,phases     ] GC(4)   Other: 0.2ms
[2022-10-06T06:39:45.806+0000][gc,heap       ] GC(4) Eden regions: 37->0(44)
[2022-10-06T06:39:45.806+0000][gc,heap       ] GC(4) Survivor regions: 4->7(7)
[2022-10-06T06:39:45.806+0000][gc,heap       ] GC(4) Old regions: 9->9
[2022-10-06T06:39:45.806+0000][gc,heap       ] GC(4) Humongous regions: 129->129
[2022-10-06T06:39:45.806+0000][gc,metaspace  ] GC(4) Metaspace: 34490K->34490K(1081344K)
[2022-10-06T06:39:45.806+0000][gc            ] GC(4) Pause Young (Concurrent Start) (Metadata GC Threshold) 175M->142M(1024M) 6.122ms
[2022-10-06T06:39:45.806+0000][gc,cpu        ] GC(4) User=0.02s Sys=0.00s Real=0.01s
[2022-10-06T06:39:45.806+0000][gc            ] GC(5) Concurrent Cycle
[2022-10-06T06:39:45.806+0000][gc,marking    ] GC(5) Concurrent Clear Claimed Marks
[2022-10-06T06:39:45.806+0000][gc,marking    ] GC(5) Concurrent Clear Claimed Marks 0.042ms
[2022-10-06T06:39:45.806+0000][gc,marking    ] GC(5) Concurrent Scan Root Regions
[2022-10-06T06:39:45.808+0000][gc,marking    ] GC(5) Concurrent Scan Root Regions 1.963ms
[2022-10-06T06:39:45.808+0000][gc,marking    ] GC(5) Concurrent Mark (2.192s)
[2022-10-06T06:39:45.808+0000][gc,marking    ] GC(5) Concurrent Mark From Roots
[2022-10-06T06:39:45.808+0000][gc,task       ] GC(5) Using 2 workers of 2 for marking
[2022-10-06T06:39:45.813+0000][gc,marking    ] GC(5) Concurrent Mark From Roots 5.376ms
[2022-10-06T06:39:45.813+0000][gc,marking    ] GC(5) Concurrent Preclean
[2022-10-06T06:39:45.813+0000][gc,marking    ] GC(5) Concurrent Preclean 0.105ms
[2022-10-06T06:39:45.813+0000][gc,marking    ] GC(5) Concurrent Mark (2.192s, 2.198s) 5.516ms
[2022-10-06T06:39:45.814+0000][gc,start      ] GC(5) Pause Remark
[2022-10-06T06:39:45.816+0000][gc,stringtable] GC(5) Cleaned string and symbol table, strings: 10457 processed, 13 removed, symbols: 82182 processed, 15 removed
[2022-10-06T06:39:45.816+0000][gc            ] GC(5) Pause Remark 143M->143M(1024M) 2.075ms
[2022-10-06T06:39:45.816+0000][gc,cpu        ] GC(5) User=0.01s Sys=0.00s Real=0.00s
[2022-10-06T06:39:45.816+0000][gc,marking    ] GC(5) Concurrent Rebuild Remembered Sets
[2022-10-06T06:39:45.818+0000][gc,marking    ] GC(5) Concurrent Rebuild Remembered Sets 2.395ms
[2022-10-06T06:39:45.819+0000][gc,start      ] GC(5) Pause Cleanup
[2022-10-06T06:39:45.819+0000][gc            ] GC(5) Pause Cleanup 143M->143M(1024M) 0.202ms
[2022-10-06T06:39:45.819+0000][gc,cpu        ] GC(5) User=0.00s Sys=0.00s Real=0.00s
[2022-10-06T06:39:45.819+0000][gc,marking    ] GC(5) Concurrent Cleanup for Next Mark
[2022-10-06T06:39:45.843+0000][gc,marking    ] GC(5) Concurrent Cleanup for Next Mark 23.962ms
[2022-10-06T06:39:45.843+0000][gc            ] GC(5) Concurrent Cycle 37.169ms
[2022-10-06T06:44:58.233+0000][gc,start      ] GC(6) Pause Young (Normal) (G1 Evacuation Pause)
[2022-10-06T06:44:58.233+0000][gc,task       ] GC(6) Using 8 workers of 8 for evacuation
[2022-10-06T06:44:58.252+0000][gc,phases     ] GC(6)   Pre Evacuate Collection Set: 1.6ms
[2022-10-06T06:44:58.252+0000][gc,phases     ] GC(6)   Evacuate Collection Set: 15.9ms
[2022-10-06T06:44:58.252+0000][gc,phases     ] GC(6)   Post Evacuate Collection Set: 0.9ms
[2022-10-06T06:44:58.252+0000][gc,phases     ] GC(6)   Other: 0.5ms
[2022-10-06T06:44:58.252+0000][gc,heap       ] GC(6) Eden regions: 44->0(45)
[2022-10-06T06:44:58.252+0000][gc,heap       ] GC(6) Survivor regions: 7->6(7)
[2022-10-06T06:44:58.252+0000][gc,heap       ] GC(6) Old regions: 9->12
[2022-10-06T06:44:58.252+0000][gc,heap       ] GC(6) Humongous regions: 165->129
[2022-10-06T06:44:58.252+0000][gc,metaspace  ] GC(6) Metaspace: 40492K->40492K(1085440K)
[2022-10-06T06:44:58.252+0000][gc            ] GC(6) Pause Young (Normal) (G1 Evacuation Pause) 222M->144M(1024M) 18.805ms
[2022-10-06T06:44:58.252+0000][gc,cpu        ] GC(6) User=0.06s Sys=0.00s Real=0.02s
[2022-10-06T07:06:00.432+0000][gc,start      ] GC(7) Pause Young (Normal) (G1 Evacuation Pause)
[2022-10-06T07:06:00.432+0000][gc,task       ] GC(7) Using 8 workers of 8 for evacuation
[2022-10-06T07:06:00.479+0000][gc,mmu        ] GC(7) MMU target violated: 21.0ms (20.0ms/21.0ms)
[2022-10-06T07:06:00.479+0000][gc,phases     ] GC(7)   Pre Evacuate Collection Set: 1.6ms
[2022-10-06T07:06:00.479+0000][gc,phases     ] GC(7)   Evacuate Collection Set: 44.8ms
[2022-10-06T07:06:00.479+0000][gc,phases     ] GC(7)   Post Evacuate Collection Set: 0.7ms
[2022-10-06T07:06:00.479+0000][gc,phases     ] GC(7)   Other: 0.6ms
[2022-10-06T07:06:00.479+0000][gc,heap       ] GC(7) Eden regions: 45->0(48)
[2022-10-06T07:06:00.479+0000][gc,heap       ] GC(7) Survivor regions: 6->3(7)
[2022-10-06T07:06:00.479+0000][gc,heap       ] GC(7) Old regions: 12->15
[2022-10-06T07:06:00.479+0000][gc,heap       ] GC(7) Humongous regions: 129->129
[2022-10-06T07:06:00.479+0000][gc,metaspace  ] GC(7) Metaspace: 42966K->42966K(1087488K)
[2022-10-06T07:06:00.479+0000][gc            ] GC(7) Pause Young (Normal) (G1 Evacuation Pause) 189M->145M(1024M) 47.672ms
[2022-10-06T07:06:00.479+0000][gc,cpu        ] GC(7) User=0.12s Sys=0.01s Real=0.04s
[2022-10-06T07:37:17.064+0000][gc,start      ] GC(8) Pause Young (Normal) (G1 Evacuation Pause)
[2022-10-06T07:37:17.064+0000][gc,task       ] GC(8) Using 8 workers of 8 for evacuation
[2022-10-06T07:37:17.089+0000][gc,mmu        ] GC(8) MMU target violated: 21.0ms (20.0ms/21.0ms)
[2022-10-06T07:37:17.089+0000][gc,phases     ] GC(8)   Pre Evacuate Collection Set: 1.6ms
[2022-10-06T07:37:17.089+0000][gc,phases     ] GC(8)   Evacuate Collection Set: 10.0ms
[2022-10-06T07:37:17.089+0000][gc,phases     ] GC(8)   Post Evacuate Collection Set: 13.8ms
[2022-10-06T07:37:17.089+0000][gc,phases     ] GC(8)   Other: 0.4ms
[2022-10-06T07:37:17.089+0000][gc,heap       ] GC(8) Eden regions: 48->0(48)
[2022-10-06T07:37:17.089+0000][gc,heap       ] GC(8) Survivor regions: 3->3(7)
[2022-10-06T07:37:17.089+0000][gc,heap       ] GC(8) Old regions: 15->15
[2022-10-06T07:37:17.089+0000][gc,heap       ] GC(8) Humongous regions: 129->129
[2022-10-06T07:37:17.089+0000][gc,metaspace  ] GC(8) Metaspace: 43732K->43732K(1089536K)
[2022-10-06T07:37:17.089+0000][gc            ] GC(8) Pause Young (Normal) (G1 Evacuation Pause) 193M->145M(1024M) 25.824ms
[2022-10-06T07:37:17.089+0000][gc,cpu        ] GC(8) User=0.06s Sys=0.00s Real=0.02s
[2022-10-06T08:14:15.995+0000][gc,start      ] GC(9) Pause Young (Normal) (G1 Evacuation Pause)
[2022-10-06T08:14:15.995+0000][gc,task       ] GC(9) Using 8 workers of 8 for evacuation
[2022-10-06T08:14:16.027+0000][gc,mmu        ] GC(9) MMU target violated: 21.0ms (20.0ms/21.0ms)
[2022-10-06T08:14:16.027+0000][gc,phases     ] GC(9)   Pre Evacuate Collection Set: 1.6ms
[2022-10-06T08:14:16.027+0000][gc,phases     ] GC(9)   Evacuate Collection Set: 15.5ms
[2022-10-06T08:14:16.027+0000][gc,phases     ] GC(9)   Post Evacuate Collection Set: 14.4ms
[2022-10-06T08:14:16.027+0000][gc,phases     ] GC(9)   Other: 0.6ms
[2022-10-06T08:14:16.027+0000][gc,heap       ] GC(9) Eden regions: 48->0(48)
[2022-10-06T08:14:16.027+0000][gc,heap       ] GC(9) Survivor regions: 3->3(7)
[2022-10-06T08:14:16.027+0000][gc,heap       ] GC(9) Old regions: 15->15
[2022-10-06T08:14:16.027+0000][gc,heap       ] GC(9) Humongous regions: 129->129
[2022-10-06T08:14:16.027+0000][gc,metaspace  ] GC(9) Metaspace: 43823K->43823K(1089536K)
[2022-10-06T08:14:16.027+0000][gc            ] GC(9) Pause Young (Normal) (G1 Evacuation Pause) 193M->145M(1024M) 32.033ms
[2022-10-06T08:14:16.027+0000][gc,cpu        ] GC(9) User=0.06s Sys=0.01s Real=0.03s
[2022-10-06T08:51:31.060+0000][gc,start      ] GC(10) Pause Young (Normal) (G1 Evacuation Pause)
[2022-10-06T08:51:31.061+0000][gc,task       ] GC(10) Using 8 workers of 8 for evacuation
[2022-10-06T08:51:31.090+0000][gc,mmu        ] GC(10) MMU target violated: 21.0ms (20.0ms/21.0ms)
[2022-10-06T08:51:31.090+0000][gc,phases     ] GC(10)   Pre Evacuate Collection Set: 1.6ms
[2022-10-06T08:51:31.090+0000][gc,phases     ] GC(10)   Evacuate Collection Set: 25.6ms
[2022-10-06T08:51:31.090+0000][gc,phases     ] GC(10)   Post Evacuate Collection Set: 2.2ms
[2022-10-06T08:51:31.090+0000][gc,phases     ] GC(10)   Other: 0.4ms
[2022-10-06T08:51:31.090+0000][gc,heap       ] GC(10) Eden regions: 48->0(48)
[2022-10-06T08:51:31.090+0000][gc,heap       ] GC(10) Survivor regions: 3->3(7)
[2022-10-06T08:51:31.090+0000][gc,heap       ] GC(10) Old regions: 15->15
[2022-10-06T08:51:31.090+0000][gc,heap       ] GC(10) Humongous regions: 129->129
[2022-10-06T08:51:31.090+0000][gc,metaspace  ] GC(10) Metaspace: 43878K->43878K(1089536K)
[2022-10-06T08:51:31.090+0000][gc            ] GC(10) Pause Young (Normal) (G1 Evacuation Pause) 193M->145M(1024M) 29.830ms
[2022-10-06T08:51:31.090+0000][gc,cpu        ] GC(10) User=0.07s Sys=0.00s Real=0.03s
[2022-10-06T09:28:46.132+0000][gc,start      ] GC(11) Pause Young (Normal) (G1 Evacuation Pause)
[2022-10-06T09:28:46.132+0000][gc,task       ] GC(11) Using 8 workers of 8 for evacuation
[2022-10-06T09:28:46.164+0000][gc,mmu        ] GC(11) MMU target violated: 21.0ms (20.0ms/21.0ms)
[2022-10-06T09:28:46.164+0000][gc,phases     ] GC(11)   Pre Evacuate Collection Set: 1.7ms
[2022-10-06T09:28:46.164+0000][gc,phases     ] GC(11)   Evacuate Collection Set: 14.8ms
[2022-10-06T09:28:46.164+0000][gc,phases     ] GC(11)   Post Evacuate Collection Set: 15.7ms
[2022-10-06T09:28:46.164+0000][gc,phases     ] GC(11)   Other: 0.5ms
[2022-10-06T09:28:46.164+0000][gc,heap       ] GC(11) Eden regions: 48->0(48)
[2022-10-06T09:28:46.164+0000][gc,heap       ] GC(11) Survivor regions: 3->3(7)
[2022-10-06T09:28:46.164+0000][gc,heap       ] GC(11) Old regions: 15->15
[2022-10-06T09:28:46.164+0000][gc,heap       ] GC(11) Humongous regions: 129->129
[2022-10-06T09:28:46.164+0000][gc,metaspace  ] GC(11) Metaspace: 43888K->43888K(1089536K)
[2022-10-06T09:28:46.164+0000][gc            ] GC(11) Pause Young (Normal) (G1 Evacuation Pause) 193M->145M(1024M) 32.634ms
[2022-10-06T09:28:46.164+0000][gc,cpu        ] GC(11) User=0.08s Sys=0.01s Real=0.03s
[2022-10-06T10:06:16.131+0000][gc,start      ] GC(12) Pause Young (Normal) (G1 Evacuation Pause)
[2022-10-06T10:06:16.132+0000][gc,task       ] GC(12) Using 8 workers of 8 for evacuation
[2022-10-06T10:06:16.152+0000][gc,phases     ] GC(12)   Pre Evacuate Collection Set: 1.6ms
[2022-10-06T10:06:16.152+0000][gc,phases     ] GC(12)   Evacuate Collection Set: 10.1ms
[2022-10-06T10:06:16.152+0000][gc,phases     ] GC(12)   Post Evacuate Collection Set: 8.0ms
[2022-10-06T10:06:16.152+0000][gc,phases     ] GC(12)   Other: 0.5ms
[2022-10-06T10:06:16.152+0000][gc,heap       ] GC(12) Eden regions: 48->0(48)
[2022-10-06T10:06:16.152+0000][gc,heap       ] GC(12) Survivor regions: 3->3(7)
[2022-10-06T10:06:16.152+0000][gc,heap       ] GC(12) Old regions: 15->15
[2022-10-06T10:06:16.152+0000][gc,heap       ] GC(12) Humongous regions: 129->129
[2022-10-06T10:06:16.152+0000][gc,metaspace  ] GC(12) Metaspace: 43891K->43891K(1089536K)
[2022-10-06T10:06:16.152+0000][gc            ] GC(12) Pause Young (Normal) (G1 Evacuation Pause) 193M->145M(1024M) 20.226ms
[2022-10-06T10:06:16.152+0000][gc,cpu        ] GC(12) User=0.05s Sys=0.01s Real=0.02s
[2022-10-06T10:43:41.693+0000][gc,start      ] GC(13) Pause Young (Normal) (G1 Evacuation Pause)
[2022-10-06T10:43:41.693+0000][gc,task       ] GC(13) Using 8 workers of 8 for evacuation
[2022-10-06T10:43:41.712+0000][gc,phases     ] GC(13)   Pre Evacuate Collection Set: 1.6ms
[2022-10-06T10:43:41.712+0000][gc,phases     ] GC(13)   Evacuate Collection Set: 11.4ms
[2022-10-06T10:43:41.712+0000][gc,phases     ] GC(13)   Post Evacuate Collection Set: 5.6ms
[2022-10-06T10:43:41.712+0000][gc,phases     ] GC(13)   Other: 0.5ms
[2022-10-06T10:43:41.712+0000][gc,heap       ] GC(13) Eden regions: 48->0(50)
[2022-10-06T10:43:41.712+0000][gc,heap       ] GC(13) Survivor regions: 3->3(7)
[2022-10-06T10:43:41.712+0000][gc,heap       ] GC(13) Old regions: 15->15
[2022-10-06T10:43:41.712+0000][gc,heap       ] GC(13) Humongous regions: 129->129
[2022-10-06T10:43:41.712+0000][gc,metaspace  ] GC(13) Metaspace: 43909K->43909K(1089536K)
[2022-10-06T10:43:41.712+0000][gc            ] GC(13) Pause Young (Normal) (G1 Evacuation Pause) 193M->145M(1024M) 19.109ms
[2022-10-06T10:43:41.712+0000][gc,cpu        ] GC(13) User=0.04s Sys=0.00s Real=0.02s
[2022-10-06T11:23:11.131+0000][gc,start      ] GC(14) Pause Young (Normal) (G1 Evacuation Pause)
[2022-10-06T11:23:11.131+0000][gc,task       ] GC(14) Using 8 workers of 8 for evacuation
[2022-10-06T11:23:11.160+0000][gc,mmu        ] GC(14) MMU target violated: 21.0ms (20.0ms/21.0ms)
[2022-10-06T11:23:11.160+0000][gc,phases     ] GC(14)   Pre Evacuate Collection Set: 1.2ms
[2022-10-06T11:23:11.160+0000][gc,phases     ] GC(14)   Evacuate Collection Set: 14.6ms
[2022-10-06T11:23:11.160+0000][gc,phases     ] GC(14)   Post Evacuate Collection Set: 12.1ms
[2022-10-06T11:23:11.160+0000][gc,phases     ] GC(14)   Other: 0.4ms
[2022-10-06T11:23:11.160+0000][gc,heap       ] GC(14) Eden regions: 50->0(52)
[2022-10-06T11:23:11.160+0000][gc,heap       ] GC(14) Survivor regions: 3->4(7)
[2022-10-06T11:23:11.160+0000][gc,heap       ] GC(14) Old regions: 15->15
[2022-10-06T11:23:11.160+0000][gc,heap       ] GC(14) Humongous regions: 129->129
[2022-10-06T11:23:11.160+0000][gc,metaspace  ] GC(14) Metaspace: 43943K->43943K(1089536K)
[2022-10-06T11:23:11.160+0000][gc            ] GC(14) Pause Young (Normal) (G1 Evacuation Pause) 195M->145M(1024M) 28.388ms
[2022-10-06T11:23:11.160+0000][gc,cpu        ] GC(14) User=0.08s Sys=0.01s Real=0.02s
[2022-10-06T12:04:19.643+0000][gc,start      ] GC(15) Pause Young (Normal) (G1 Evacuation Pause)
[2022-10-06T12:04:19.643+0000][gc,task       ] GC(15) Using 8 workers of 8 for evacuation
[2022-10-06T12:04:19.660+0000][gc,phases     ] GC(15)   Pre Evacuate Collection Set: 0.6ms
[2022-10-06T12:04:19.660+0000][gc,phases     ] GC(15)   Evacuate Collection Set: 15.5ms
[2022-10-06T12:04:19.660+0000][gc,phases     ] GC(15)   Post Evacuate Collection Set: 0.8ms
[2022-10-06T12:04:19.660+0000][gc,phases     ] GC(15)   Other: 0.2ms
[2022-10-06T12:04:19.660+0000][gc,heap       ] GC(15) Eden regions: 52->0(175)
[2022-10-06T12:04:19.660+0000][gc,heap       ] GC(15) Survivor regions: 4->4(7)
[2022-10-06T12:04:19.660+0000][gc,heap       ] GC(15) Old regions: 15->15
[2022-10-06T12:04:19.660+0000][gc,heap       ] GC(15) Humongous regions: 129->129
[2022-10-06T12:04:19.660+0000][gc,metaspace  ] GC(15) Metaspace: 43952K->43952K(1089536K)
[2022-10-06T12:04:19.660+0000][gc            ] GC(15) Pause Young (Normal) (G1 Evacuation Pause) 197M->145M(1024M) 17.292ms
[2022-10-06T12:04:19.660+0000][gc,cpu        ] GC(15) User=0.03s Sys=0.00s Real=0.02s
[2022-10-06T13:30:26.356+0000][gc,heap,exit  ] Heap
[2022-10-06T13:30:26.356+0000][gc,heap,exit  ]  garbage-first heap   total 1048576K, used 267731K [0x00000000c0000000, 0x0000000100000000)
[2022-10-06T13:30:26.356+0000][gc,heap,exit  ]   region size 1024K, 122 young (124928K), 4 survivors (4096K)
[2022-10-06T13:30:26.356+0000][gc,heap,exit  ]  Metaspace       used 44683K, capacity 47472K, committed 47616K, reserved 1089536K
[2022-10-06T13:30:26.356+0000][gc,heap,exit  ]   class space    used 5757K, capacity 7124K, committed 7168K, reserved 1048576K
