[2023-07-11T10:00:57.811+0000][gc,heap] Heap region size: 1M
[2023-07-11T10:00:57.829+0000][gc     ] Using G1
[2023-07-11T10:00:57.829+0000][gc,heap,coops] Heap address: 0x00000000c0000000, size: 1024 MB, Compressed Oops mode: 32-bit
[2023-07-11T10:00:57.830+0000][gc,cds       ] Mark closed archive regions in map: [0x00000000fff00000, 0x00000000fff6aff8]
[2023-07-11T10:00:57.830+0000][gc,cds       ] Mark open archive regions in map: [0x00000000ffe00000, 0x00000000ffe46ff8]
[2023-07-11T10:00:58.622+0000][gc,start     ] GC(0) Pause Young (Normal) (G1 Evacuation Pause)
[2023-07-11T10:00:58.622+0000][gc,task      ] GC(0) Using 8 workers of 8 for evacuation
[2023-07-11T10:00:58.629+0000][gc,phases    ] GC(0)   Pre Evacuate Collection Set: 0.0ms
[2023-07-11T10:00:58.629+0000][gc,phases    ] GC(0)   Evacuate Collection Set: 6.2ms
[2023-07-11T10:00:58.629+0000][gc,phases    ] GC(0)   Post Evacuate Collection Set: 0.5ms
[2023-07-11T10:00:58.629+0000][gc,phases    ] GC(0)   Other: 0.9ms
[2023-07-11T10:00:58.629+0000][gc,heap      ] GC(0) Eden regions: 51->0(44)
[2023-07-11T10:00:58.629+0000][gc,heap      ] GC(0) Survivor regions: 0->7(7)
[2023-07-11T10:00:58.629+0000][gc,heap      ] GC(0) Old regions: 2->2
[2023-07-11T10:00:58.629+0000][gc,heap      ] GC(0) Humongous regions: 0->0
[2023-07-11T10:00:58.629+0000][gc,metaspace ] GC(0) Metaspace: 14242K(14848K)->14242K(14848K) NonClass: 12462K(12800K)->12462K(12800K) Class: 1779K(2048K)->1779K(2048K)
[2023-07-11T10:00:58.629+0000][gc           ] GC(0) Pause Young (Normal) (G1 Evacuation Pause) 51M->7M(1024M) 7.663ms
[2023-07-11T10:00:58.629+0000][gc,cpu       ] GC(0) User=0.04s Sys=0.01s Real=0.01s
[2023-07-11T10:00:58.939+0000][gc,start     ] GC(1) Pause Young (Concurrent Start) (Metadata GC Threshold)
[2023-07-11T10:00:58.939+0000][gc,task      ] GC(1) Using 8 workers of 8 for evacuation
[2023-07-11T10:00:58.951+0000][gc,phases    ] GC(1)   Pre Evacuate Collection Set: 0.1ms
[2023-07-11T10:00:58.951+0000][gc,phases    ] GC(1)   Evacuate Collection Set: 11.6ms
[2023-07-11T10:00:58.951+0000][gc,phases    ] GC(1)   Post Evacuate Collection Set: 0.5ms
[2023-07-11T10:00:58.951+0000][gc,phases    ] GC(1)   Other: 0.3ms
[2023-07-11T10:00:58.951+0000][gc,heap      ] GC(1) Eden regions: 30->0(50)
[2023-07-11T10:00:58.951+0000][gc,heap      ] GC(1) Survivor regions: 7->1(7)
[2023-07-11T10:00:58.951+0000][gc,heap      ] GC(1) Old regions: 2->9
[2023-07-11T10:00:58.951+0000][gc,heap      ] GC(1) Humongous regions: 0->0
[2023-07-11T10:00:58.951+0000][gc,metaspace ] GC(1) Metaspace: 20666K(21248K)->20666K(21248K) NonClass: 18139K(18432K)->18139K(18432K) Class: 2526K(2816K)->2526K(2816K)
[2023-07-11T10:00:58.951+0000][gc           ] GC(1) Pause Young (Concurrent Start) (Metadata GC Threshold) 37M->8M(1024M) 12.581ms
[2023-07-11T10:00:58.951+0000][gc,cpu       ] GC(1) User=0.05s Sys=0.00s Real=0.02s
[2023-07-11T10:00:58.951+0000][gc           ] GC(2) Concurrent Cycle
[2023-07-11T10:00:58.951+0000][gc,marking   ] GC(2) Concurrent Clear Claimed Marks
[2023-07-11T10:00:58.951+0000][gc,marking   ] GC(2) Concurrent Clear Claimed Marks 0.030ms
[2023-07-11T10:00:58.951+0000][gc,marking   ] GC(2) Concurrent Scan Root Regions
[2023-07-11T10:00:58.953+0000][gc,marking   ] GC(2) Concurrent Scan Root Regions 1.081ms
[2023-07-11T10:00:58.953+0000][gc,marking   ] GC(2) Concurrent Mark (1.147s)
[2023-07-11T10:00:58.953+0000][gc,marking   ] GC(2) Concurrent Mark From Roots
[2023-07-11T10:00:58.953+0000][gc,task      ] GC(2) Using 2 workers of 2 for marking
[2023-07-11T10:00:58.958+0000][gc,marking   ] GC(2) Concurrent Mark From Roots 5.613ms
[2023-07-11T10:00:58.958+0000][gc,marking   ] GC(2) Concurrent Preclean
[2023-07-11T10:00:58.958+0000][gc,marking   ] GC(2) Concurrent Preclean 0.157ms
[2023-07-11T10:00:58.958+0000][gc,marking   ] GC(2) Concurrent Mark (1.147s, 1.153s) 5.813ms
[2023-07-11T10:00:58.960+0000][gc,start     ] GC(2) Pause Remark
[2023-07-11T10:00:58.973+0000][gc,stringtable] GC(2) Cleaned string and symbol table, strings: 5136 processed, 0 removed, symbols: 52366 processed, 42 removed
[2023-07-11T10:00:58.973+0000][gc            ] GC(2) Pause Remark 8M->8M(1024M) 13.329ms
[2023-07-11T10:00:58.973+0000][gc,cpu        ] GC(2) User=0.06s Sys=0.00s Real=0.02s
[2023-07-11T10:00:58.973+0000][gc,marking    ] GC(2) Concurrent Rebuild Remembered Sets
[2023-07-11T10:00:58.976+0000][gc,marking    ] GC(2) Concurrent Rebuild Remembered Sets 2.442ms
[2023-07-11T10:00:58.976+0000][gc,start      ] GC(2) Pause Cleanup
[2023-07-11T10:00:58.976+0000][gc            ] GC(2) Pause Cleanup 9M->9M(1024M) 0.315ms
[2023-07-11T10:00:58.976+0000][gc,cpu        ] GC(2) User=0.00s Sys=0.00s Real=0.00s
[2023-07-11T10:00:58.976+0000][gc,marking    ] GC(2) Concurrent Cleanup for Next Mark
[2023-07-11T10:00:58.983+0000][gc,marking    ] GC(2) Concurrent Cleanup for Next Mark 7.064ms
[2023-07-11T10:00:58.983+0000][gc            ] GC(2) Concurrent Cycle 31.839ms
[2023-07-11T10:00:59.630+0000][gc,start      ] GC(3) Pause Young (Normal) (G1 Evacuation Pause)
[2023-07-11T10:00:59.630+0000][gc,task       ] GC(3) Using 8 workers of 8 for evacuation
[2023-07-11T10:00:59.635+0000][gc,phases     ] GC(3)   Pre Evacuate Collection Set: 0.0ms
[2023-07-11T10:00:59.635+0000][gc,phases     ] GC(3)   Evacuate Collection Set: 3.6ms
[2023-07-11T10:00:59.635+0000][gc,phases     ] GC(3)   Post Evacuate Collection Set: 0.5ms
[2023-07-11T10:00:59.635+0000][gc,phases     ] GC(3)   Other: 0.2ms
[2023-07-11T10:00:59.635+0000][gc,heap       ] GC(3) Eden regions: 50->0(47)
[2023-07-11T10:00:59.635+0000][gc,heap       ] GC(3) Survivor regions: 1->4(7)
[2023-07-11T10:00:59.635+0000][gc,heap       ] GC(3) Old regions: 9->9
[2023-07-11T10:00:59.635+0000][gc,heap       ] GC(3) Humongous regions: 129->129
[2023-07-11T10:00:59.635+0000][gc,metaspace  ] GC(3) Metaspace: 28998K(30336K)->28998K(30336K) NonClass: 25601K(26368K)->25601K(26368K) Class: 3396K(3968K)->3396K(3968K)
[2023-07-11T10:00:59.635+0000][gc            ] GC(3) Pause Young (Normal) (G1 Evacuation Pause) 187M->139M(1024M) 4.367ms
[2023-07-11T10:00:59.635+0000][gc,cpu        ] GC(3) User=0.03s Sys=0.00s Real=0.00s
[2023-07-11T10:00:59.959+0000][gc,start      ] GC(4) Pause Young (Concurrent Start) (Metadata GC Threshold)
[2023-07-11T10:00:59.959+0000][gc,task       ] GC(4) Using 8 workers of 8 for evacuation
[2023-07-11T10:00:59.965+0000][gc,phases     ] GC(4)   Pre Evacuate Collection Set: 0.2ms
[2023-07-11T10:00:59.965+0000][gc,phases     ] GC(4)   Evacuate Collection Set: 5.0ms
[2023-07-11T10:00:59.965+0000][gc,phases     ] GC(4)   Post Evacuate Collection Set: 0.7ms
[2023-07-11T10:00:59.965+0000][gc,phases     ] GC(4)   Other: 0.3ms
[2023-07-11T10:00:59.965+0000][gc,heap       ] GC(4) Eden regions: 36->0(44)
[2023-07-11T10:00:59.965+0000][gc,heap       ] GC(4) Survivor regions: 4->7(7)
[2023-07-11T10:00:59.965+0000][gc,heap       ] GC(4) Old regions: 9->9
[2023-07-11T10:00:59.965+0000][gc,heap       ] GC(4) Humongous regions: 129->129
[2023-07-11T10:00:59.965+0000][gc,metaspace  ] GC(4) Metaspace: 34509K(35840K)->34509K(35840K) NonClass: 30409K(31104K)->30409K(31104K) Class: 4100K(4736K)->4100K(4736K)
[2023-07-11T10:00:59.965+0000][gc            ] GC(4) Pause Young (Concurrent Start) (Metadata GC Threshold) 175M->142M(1024M) 6.203ms
[2023-07-11T10:00:59.965+0000][gc,cpu        ] GC(4) User=0.03s Sys=0.00s Real=0.01s
[2023-07-11T10:00:59.965+0000][gc            ] GC(5) Concurrent Cycle
[2023-07-11T10:00:59.965+0000][gc,marking    ] GC(5) Concurrent Clear Claimed Marks
[2023-07-11T10:00:59.965+0000][gc,marking    ] GC(5) Concurrent Clear Claimed Marks 0.038ms
[2023-07-11T10:00:59.965+0000][gc,marking    ] GC(5) Concurrent Scan Root Regions
[2023-07-11T10:00:59.967+0000][gc,marking    ] GC(5) Concurrent Scan Root Regions 2.343ms
[2023-07-11T10:00:59.967+0000][gc,marking    ] GC(5) Concurrent Mark (2.162s)
[2023-07-11T10:00:59.967+0000][gc,marking    ] GC(5) Concurrent Mark From Roots
[2023-07-11T10:00:59.967+0000][gc,task       ] GC(5) Using 2 workers of 2 for marking
[2023-07-11T10:00:59.975+0000][gc,marking    ] GC(5) Concurrent Mark From Roots 7.330ms
[2023-07-11T10:00:59.975+0000][gc,marking    ] GC(5) Concurrent Preclean
[2023-07-11T10:00:59.975+0000][gc,marking    ] GC(5) Concurrent Preclean 0.144ms
[2023-07-11T10:00:59.975+0000][gc,marking    ] GC(5) Concurrent Mark (2.162s, 2.170s) 7.511ms
[2023-07-11T10:00:59.975+0000][gc,start      ] GC(5) Pause Remark
[2023-07-11T10:00:59.978+0000][gc,stringtable] GC(5) Cleaned string and symbol table, strings: 10467 processed, 10 removed, symbols: 82432 processed, 15 removed
[2023-07-11T10:00:59.978+0000][gc            ] GC(5) Pause Remark 143M->143M(1024M) 2.977ms
[2023-07-11T10:00:59.978+0000][gc,cpu        ] GC(5) User=0.02s Sys=0.00s Real=0.00s
[2023-07-11T10:00:59.978+0000][gc,marking    ] GC(5) Concurrent Rebuild Remembered Sets
[2023-07-11T10:00:59.981+0000][gc,marking    ] GC(5) Concurrent Rebuild Remembered Sets 3.039ms
[2023-07-11T10:00:59.981+0000][gc,start      ] GC(5) Pause Cleanup
[2023-07-11T10:00:59.982+0000][gc            ] GC(5) Pause Cleanup 143M->143M(1024M) 0.314ms
[2023-07-11T10:00:59.982+0000][gc,cpu        ] GC(5) User=0.01s Sys=0.00s Real=0.00s
[2023-07-11T10:00:59.982+0000][gc,marking    ] GC(5) Concurrent Cleanup for Next Mark
[2023-07-11T10:00:59.989+0000][gc,marking    ] GC(5) Concurrent Cleanup for Next Mark 7.114ms
[2023-07-11T10:00:59.989+0000][gc            ] GC(5) Concurrent Cycle 23.857ms
[2023-07-11T10:01:33.266+0000][gc,start      ] GC(6) Pause Young (Normal) (G1 Evacuation Pause)
[2023-07-11T10:01:33.266+0000][gc,task       ] GC(6) Using 8 workers of 8 for evacuation
[2023-07-11T10:01:33.272+0000][gc,phases     ] GC(6)   Pre Evacuate Collection Set: 0.1ms
[2023-07-11T10:01:33.272+0000][gc,phases     ] GC(6)   Evacuate Collection Set: 5.4ms
[2023-07-11T10:01:33.272+0000][gc,phases     ] GC(6)   Post Evacuate Collection Set: 0.6ms
[2023-07-11T10:01:33.272+0000][gc,phases     ] GC(6)   Other: 0.2ms
[2023-07-11T10:01:33.272+0000][gc,heap       ] GC(6) Eden regions: 44->0(45)
[2023-07-11T10:01:33.272+0000][gc,heap       ] GC(6) Survivor regions: 7->6(7)
[2023-07-11T10:01:33.272+0000][gc,heap       ] GC(6) Old regions: 9->12
[2023-07-11T10:01:33.272+0000][gc,heap       ] GC(6) Humongous regions: 171->129
[2023-07-11T10:01:33.272+0000][gc,metaspace  ] GC(6) Metaspace: 41683K(44288K)->41683K(44288K) NonClass: 36231K(37632K)->36231K(37632K) Class: 5452K(6656K)->5452K(6656K)
[2023-07-11T10:01:33.272+0000][gc            ] GC(6) Pause Young (Normal) (G1 Evacuation Pause) 228M->145M(1024M) 6.304ms
[2023-07-11T10:01:33.272+0000][gc,cpu        ] GC(6) User=0.02s Sys=0.00s Real=0.01s
[2023-07-11T10:09:18.287+0000][gc,start      ] GC(7) Pause Young (Normal) (G1 Evacuation Pause)
[2023-07-11T10:09:18.287+0000][gc,task       ] GC(7) Using 8 workers of 8 for evacuation
[2023-07-11T10:09:18.308+0000][gc,mmu        ] GC(7) MMU target violated: 20.8ms (20.0ms/21.0ms)
[2023-07-11T10:09:18.308+0000][gc,phases     ] GC(7)   Pre Evacuate Collection Set: 0.1ms
[2023-07-11T10:09:18.308+0000][gc,phases     ] GC(7)   Evacuate Collection Set: 20.1ms
[2023-07-11T10:09:18.308+0000][gc,phases     ] GC(7)   Post Evacuate Collection Set: 0.6ms
[2023-07-11T10:09:18.308+0000][gc,phases     ] GC(7)   Other: 0.3ms
[2023-07-11T10:09:18.308+0000][gc,heap       ] GC(7) Eden regions: 45->0(45)
[2023-07-11T10:09:18.308+0000][gc,heap       ] GC(7) Survivor regions: 6->6(7)
[2023-07-11T10:09:18.308+0000][gc,heap       ] GC(7) Old regions: 12->15
[2023-07-11T10:09:18.308+0000][gc,heap       ] GC(7) Humongous regions: 129->129
[2023-07-11T10:09:18.308+0000][gc,metaspace  ] GC(7) Metaspace: 43084K(45696K)->43084K(45696K) NonClass: 37592K(38912K)->37592K(38912K) Class: 5492K(6784K)->5492K(6784K)
[2023-07-11T10:09:18.308+0000][gc            ] GC(7) Pause Young (Normal) (G1 Evacuation Pause) 190M->147M(1024M) 21.002ms
[2023-07-11T10:09:18.308+0000][gc,cpu        ] GC(7) User=0.05s Sys=0.00s Real=0.02s
[2023-07-11T10:09:46.607+0000][gc,heap,exit  ] Heap
[2023-07-11T10:09:46.607+0000][gc,heap,exit  ]  garbage-first heap   total 1048576K, used 164563K [0x00000000c0000000, 0x0000000100000000)
[2023-07-11T10:09:46.607+0000][gc,heap,exit  ]   region size 1024K, 20 young (20480K), 6 survivors (6144K)
[2023-07-11T10:09:46.607+0000][gc,heap,exit  ]  Metaspace       used 43940K, capacity 46668K, committed 46848K, reserved 1089536K
[2023-07-11T10:09:46.607+0000][gc,heap,exit  ]   class space    used 5733K, capacity 7080K, committed 7168K, reserved 1048576K
