[2022-10-27T10:35:08.488+0000][gc,heap] Heap region size: 1M
[2022-10-27T10:35:08.498+0000][gc     ] Using G1
[2022-10-27T10:35:08.498+0000][gc,heap,coops] Heap address: 0x00000000c0000000, size: 1024 MB, Compressed Oops mode: 32-bit
[2022-10-27T10:35:08.499+0000][gc,cds       ] Mark closed archive regions in map: [0x00000000fff00000, 0x00000000fff6aff8]
[2022-10-27T10:35:08.499+0000][gc,cds       ] Mark open archive regions in map: [0x00000000ffe00000, 0x00000000ffe47ff8]
[2022-10-27T10:35:09.289+0000][gc,start     ] GC(0) Pause Young (Normal) (G1 Evacuation Pause)
[2022-10-27T10:35:09.290+0000][gc,task      ] GC(0) Using 8 workers of 8 for evacuation
[2022-10-27T10:35:09.297+0000][gc,phases    ] GC(0)   Pre Evacuate Collection Set: 0.0ms
[2022-10-27T10:35:09.297+0000][gc,phases    ] GC(0)   Evacuate Collection Set: 6.0ms
[2022-10-27T10:35:09.297+0000][gc,phases    ] GC(0)   Post Evacuate Collection Set: 0.5ms
[2022-10-27T10:35:09.297+0000][gc,phases    ] GC(0)   Other: 1.0ms
[2022-10-27T10:35:09.297+0000][gc,heap      ] GC(0) Eden regions: 51->0(44)
[2022-10-27T10:35:09.297+0000][gc,heap      ] GC(0) Survivor regions: 0->7(7)
[2022-10-27T10:35:09.297+0000][gc,heap      ] GC(0) Old regions: 2->2
[2022-10-27T10:35:09.297+0000][gc,heap      ] GC(0) Humongous regions: 0->0
[2022-10-27T10:35:09.297+0000][gc,metaspace ] GC(0) Metaspace: 14271K->14271K(1062912K)
[2022-10-27T10:35:09.297+0000][gc           ] GC(0) Pause Young (Normal) (G1 Evacuation Pause) 51M->7M(1024M) 7.571ms
[2022-10-27T10:35:09.297+0000][gc,cpu       ] GC(0) User=0.02s Sys=0.03s Real=0.01s
[2022-10-27T10:35:09.691+0000][gc,start     ] GC(1) Pause Young (Concurrent Start) (Metadata GC Threshold)
[2022-10-27T10:35:09.691+0000][gc,task      ] GC(1) Using 8 workers of 8 for evacuation
[2022-10-27T10:35:09.704+0000][gc,phases    ] GC(1)   Pre Evacuate Collection Set: 0.1ms
[2022-10-27T10:35:09.704+0000][gc,phases    ] GC(1)   Evacuate Collection Set: 12.8ms
[2022-10-27T10:35:09.704+0000][gc,phases    ] GC(1)   Post Evacuate Collection Set: 0.4ms
[2022-10-27T10:35:09.704+0000][gc,phases    ] GC(1)   Other: 0.4ms
[2022-10-27T10:35:09.704+0000][gc,heap      ] GC(1) Eden regions: 30->0(49)
[2022-10-27T10:35:09.704+0000][gc,heap      ] GC(1) Survivor regions: 7->2(7)
[2022-10-27T10:35:09.704+0000][gc,heap      ] GC(1) Old regions: 2->9
[2022-10-27T10:35:09.704+0000][gc,heap      ] GC(1) Humongous regions: 0->0
[2022-10-27T10:35:09.704+0000][gc,metaspace ] GC(1) Metaspace: 20591K->20591K(1067008K)
[2022-10-27T10:35:09.704+0000][gc           ] GC(1) Pause Young (Concurrent Start) (Metadata GC Threshold) 36M->8M(1024M) 13.709ms
[2022-10-27T10:35:09.704+0000][gc,cpu       ] GC(1) User=0.03s Sys=0.01s Real=0.01s
[2022-10-27T10:35:09.705+0000][gc           ] GC(2) Concurrent Cycle
[2022-10-27T10:35:09.705+0000][gc,marking   ] GC(2) Concurrent Clear Claimed Marks
[2022-10-27T10:35:09.705+0000][gc,marking   ] GC(2) Concurrent Clear Claimed Marks 0.032ms
[2022-10-27T10:35:09.705+0000][gc,marking   ] GC(2) Concurrent Scan Root Regions
[2022-10-27T10:35:09.706+0000][gc,marking   ] GC(2) Concurrent Scan Root Regions 0.922ms
[2022-10-27T10:35:09.706+0000][gc,marking   ] GC(2) Concurrent Mark (1.220s)
[2022-10-27T10:35:09.706+0000][gc,marking   ] GC(2) Concurrent Mark From Roots
[2022-10-27T10:35:09.706+0000][gc,task      ] GC(2) Using 2 workers of 2 for marking
[2022-10-27T10:35:09.710+0000][gc,marking   ] GC(2) Concurrent Mark From Roots 4.729ms
[2022-10-27T10:35:09.710+0000][gc,marking   ] GC(2) Concurrent Preclean
[2022-10-27T10:35:09.710+0000][gc,marking   ] GC(2) Concurrent Preclean 0.112ms
[2022-10-27T10:35:09.710+0000][gc,marking   ] GC(2) Concurrent Mark (1.220s, 1.225s) 4.875ms
[2022-10-27T10:35:09.711+0000][gc,start     ] GC(2) Pause Remark
[2022-10-27T10:35:09.719+0000][gc,stringtable] GC(2) Cleaned string and symbol table, strings: 5123 processed, 0 removed, symbols: 52228 processed, 42 removed
[2022-10-27T10:35:09.719+0000][gc            ] GC(2) Pause Remark 8M->8M(1024M) 8.282ms
[2022-10-27T10:35:09.719+0000][gc,cpu        ] GC(2) User=0.05s Sys=0.00s Real=0.01s
[2022-10-27T10:35:09.719+0000][gc,marking    ] GC(2) Concurrent Rebuild Remembered Sets
[2022-10-27T10:35:09.721+0000][gc,marking    ] GC(2) Concurrent Rebuild Remembered Sets 2.495ms
[2022-10-27T10:35:09.722+0000][gc,start      ] GC(2) Pause Cleanup
[2022-10-27T10:35:09.722+0000][gc            ] GC(2) Pause Cleanup 8M->8M(1024M) 0.244ms
[2022-10-27T10:35:09.722+0000][gc,cpu        ] GC(2) User=0.00s Sys=0.00s Real=0.00s
[2022-10-27T10:35:09.722+0000][gc,marking    ] GC(2) Concurrent Cleanup for Next Mark
[2022-10-27T10:35:09.732+0000][gc,marking    ] GC(2) Concurrent Cleanup for Next Mark 10.668ms
[2022-10-27T10:35:09.733+0000][gc            ] GC(2) Concurrent Cycle 27.992ms
[2022-10-27T10:35:10.480+0000][gc,start      ] GC(3) Pause Young (Normal) (G1 Evacuation Pause)
[2022-10-27T10:35:10.480+0000][gc,task       ] GC(3) Using 8 workers of 8 for evacuation
[2022-10-27T10:35:10.482+0000][gc,phases     ] GC(3)   Pre Evacuate Collection Set: 0.0ms
[2022-10-27T10:35:10.482+0000][gc,phases     ] GC(3)   Evacuate Collection Set: 1.9ms
[2022-10-27T10:35:10.482+0000][gc,phases     ] GC(3)   Post Evacuate Collection Set: 0.4ms
[2022-10-27T10:35:10.482+0000][gc,phases     ] GC(3)   Other: 0.1ms
[2022-10-27T10:35:10.482+0000][gc,heap       ] GC(3) Eden regions: 49->0(47)
[2022-10-27T10:35:10.482+0000][gc,heap       ] GC(3) Survivor regions: 2->4(7)
[2022-10-27T10:35:10.482+0000][gc,heap       ] GC(3) Old regions: 9->9
[2022-10-27T10:35:10.482+0000][gc,heap       ] GC(3) Humongous regions: 129->129
[2022-10-27T10:35:10.482+0000][gc,metaspace  ] GC(3) Metaspace: 28872K->28872K(1075200K)
[2022-10-27T10:35:10.482+0000][gc            ] GC(3) Pause Young (Normal) (G1 Evacuation Pause) 186M->139M(1024M) 2.565ms
[2022-10-27T10:35:10.482+0000][gc,cpu        ] GC(3) User=0.01s Sys=0.00s Real=0.00s
[2022-10-27T10:35:10.798+0000][gc,start      ] GC(4) Pause Young (Concurrent Start) (Metadata GC Threshold)
[2022-10-27T10:35:10.798+0000][gc,task       ] GC(4) Using 8 workers of 8 for evacuation
[2022-10-27T10:35:10.804+0000][gc,phases     ] GC(4)   Pre Evacuate Collection Set: 0.1ms
[2022-10-27T10:35:10.804+0000][gc,phases     ] GC(4)   Evacuate Collection Set: 5.3ms
[2022-10-27T10:35:10.804+0000][gc,phases     ] GC(4)   Post Evacuate Collection Set: 0.4ms
[2022-10-27T10:35:10.804+0000][gc,phases     ] GC(4)   Other: 0.2ms
[2022-10-27T10:35:10.804+0000][gc,heap       ] GC(4) Eden regions: 37->0(44)
[2022-10-27T10:35:10.804+0000][gc,heap       ] GC(4) Survivor regions: 4->7(7)
[2022-10-27T10:35:10.804+0000][gc,heap       ] GC(4) Old regions: 9->9
[2022-10-27T10:35:10.804+0000][gc,heap       ] GC(4) Humongous regions: 129->129
[2022-10-27T10:35:10.804+0000][gc,metaspace  ] GC(4) Metaspace: 34515K->34515K(1081344K)
[2022-10-27T10:35:10.804+0000][gc            ] GC(4) Pause Young (Concurrent Start) (Metadata GC Threshold) 175M->142M(1024M) 6.102ms
[2022-10-27T10:35:10.804+0000][gc,cpu        ] GC(4) User=0.02s Sys=0.00s Real=0.00s
[2022-10-27T10:35:10.804+0000][gc            ] GC(5) Concurrent Cycle
[2022-10-27T10:35:10.804+0000][gc,marking    ] GC(5) Concurrent Clear Claimed Marks
[2022-10-27T10:35:10.804+0000][gc,marking    ] GC(5) Concurrent Clear Claimed Marks 0.047ms
[2022-10-27T10:35:10.804+0000][gc,marking    ] GC(5) Concurrent Scan Root Regions
[2022-10-27T10:35:10.806+0000][gc,marking    ] GC(5) Concurrent Scan Root Regions 1.966ms
[2022-10-27T10:35:10.806+0000][gc,marking    ] GC(5) Concurrent Mark (2.321s)
[2022-10-27T10:35:10.806+0000][gc,marking    ] GC(5) Concurrent Mark From Roots
[2022-10-27T10:35:10.806+0000][gc,task       ] GC(5) Using 2 workers of 2 for marking
[2022-10-27T10:35:10.811+0000][gc,marking    ] GC(5) Concurrent Mark From Roots 4.520ms
[2022-10-27T10:35:10.811+0000][gc,marking    ] GC(5) Concurrent Preclean
[2022-10-27T10:35:10.811+0000][gc,marking    ] GC(5) Concurrent Preclean 0.095ms
[2022-10-27T10:35:10.811+0000][gc,marking    ] GC(5) Concurrent Mark (2.321s, 2.326s) 4.647ms
[2022-10-27T10:35:10.811+0000][gc,start      ] GC(5) Pause Remark
[2022-10-27T10:35:10.816+0000][gc,stringtable] GC(5) Cleaned string and symbol table, strings: 10448 processed, 10 removed, symbols: 82371 processed, 15 removed
[2022-10-27T10:35:10.816+0000][gc            ] GC(5) Pause Remark 143M->143M(1024M) 4.745ms
[2022-10-27T10:35:10.816+0000][gc,cpu        ] GC(5) User=0.02s Sys=0.00s Real=0.00s
[2022-10-27T10:35:10.816+0000][gc,marking    ] GC(5) Concurrent Rebuild Remembered Sets
[2022-10-27T10:35:10.818+0000][gc,marking    ] GC(5) Concurrent Rebuild Remembered Sets 2.466ms
[2022-10-27T10:35:10.820+0000][gc,start      ] GC(5) Pause Cleanup
[2022-10-27T10:35:10.820+0000][gc            ] GC(5) Pause Cleanup 143M->143M(1024M) 0.254ms
[2022-10-27T10:35:10.820+0000][gc,cpu        ] GC(5) User=0.00s Sys=0.00s Real=0.00s
[2022-10-27T10:35:10.820+0000][gc,marking    ] GC(5) Concurrent Cleanup for Next Mark
[2022-10-27T10:35:10.837+0000][gc,marking    ] GC(5) Concurrent Cleanup for Next Mark 17.410ms
[2022-10-27T10:35:10.837+0000][gc            ] GC(5) Concurrent Cycle 33.105ms
[2022-10-27T10:39:45.144+0000][gc,start      ] GC(6) Pause Young (Normal) (G1 Evacuation Pause)
[2022-10-27T10:39:45.144+0000][gc,task       ] GC(6) Using 8 workers of 8 for evacuation
[2022-10-27T10:39:45.174+0000][gc,mmu        ] GC(6) MMU target violated: 21.0ms (20.0ms/21.0ms)
[2022-10-27T10:39:45.174+0000][gc,phases     ] GC(6)   Pre Evacuate Collection Set: 2.2ms
[2022-10-27T10:39:45.174+0000][gc,phases     ] GC(6)   Evacuate Collection Set: 26.5ms
[2022-10-27T10:39:45.174+0000][gc,phases     ] GC(6)   Post Evacuate Collection Set: 0.8ms
[2022-10-27T10:39:45.174+0000][gc,phases     ] GC(6)   Other: 0.5ms
[2022-10-27T10:39:45.174+0000][gc,heap       ] GC(6) Eden regions: 44->0(45)
[2022-10-27T10:39:45.174+0000][gc,heap       ] GC(6) Survivor regions: 7->6(7)
[2022-10-27T10:39:45.174+0000][gc,heap       ] GC(6) Old regions: 9->12
[2022-10-27T10:39:45.174+0000][gc,heap       ] GC(6) Humongous regions: 141->129
[2022-10-27T10:39:45.174+0000][gc,metaspace  ] GC(6) Metaspace: 40881K->40881K(1085440K)
[2022-10-27T10:39:45.174+0000][gc            ] GC(6) Pause Young (Normal) (G1 Evacuation Pause) 198M->144M(1024M) 30.038ms
[2022-10-27T10:39:45.174+0000][gc,cpu        ] GC(6) User=0.09s Sys=0.01s Real=0.03s
[2022-10-27T11:06:41.076+0000][gc,start      ] GC(7) Pause Young (Normal) (G1 Evacuation Pause)
[2022-10-27T11:06:41.076+0000][gc,task       ] GC(7) Using 8 workers of 8 for evacuation
[2022-10-27T11:06:41.101+0000][gc,mmu        ] GC(7) MMU target violated: 21.0ms (20.0ms/21.0ms)
[2022-10-27T11:06:41.101+0000][gc,phases     ] GC(7)   Pre Evacuate Collection Set: 1.7ms
[2022-10-27T11:06:41.101+0000][gc,phases     ] GC(7)   Evacuate Collection Set: 21.9ms
[2022-10-27T11:06:41.101+0000][gc,phases     ] GC(7)   Post Evacuate Collection Set: 0.6ms
[2022-10-27T11:06:41.101+0000][gc,phases     ] GC(7)   Other: 0.4ms
[2022-10-27T11:06:41.101+0000][gc,heap       ] GC(7) Eden regions: 45->0(48)
[2022-10-27T11:06:41.101+0000][gc,heap       ] GC(7) Survivor regions: 6->3(7)
[2022-10-27T11:06:41.101+0000][gc,heap       ] GC(7) Old regions: 12->15
[2022-10-27T11:06:41.101+0000][gc,heap       ] GC(7) Humongous regions: 129->129
[2022-10-27T11:06:41.101+0000][gc,metaspace  ] GC(7) Metaspace: 42576K->42576K(1087488K)
[2022-10-27T11:06:41.101+0000][gc            ] GC(7) Pause Young (Normal) (G1 Evacuation Pause) 189M->144M(1024M) 24.633ms
[2022-10-27T11:06:41.101+0000][gc,cpu        ] GC(7) User=0.07s Sys=0.00s Real=0.03s
[2022-10-27T11:16:15.025+0000][gc,heap,exit  ] Heap
[2022-10-27T11:16:15.025+0000][gc,heap,exit  ]  garbage-first heap   total 1048576K, used 168938K [0x00000000c0000000, 0x0000000100000000)
[2022-10-27T11:16:15.025+0000][gc,heap,exit  ]   region size 1024K, 25 young (25600K), 3 survivors (3072K)
[2022-10-27T11:16:15.025+0000][gc,heap,exit  ]  Metaspace       used 43357K, capacity 46066K, committed 46080K, reserved 1087488K
[2022-10-27T11:16:15.025+0000][gc,heap,exit  ]   class space    used 5786K, capacity 7162K, committed 7168K, reserved 1048576K
