[2022-10-17T14:12:15.297+0000][gc,heap] Heap region size: 1M
[2022-10-17T14:12:15.306+0000][gc     ] Using G1
[2022-10-17T14:12:15.306+0000][gc,heap,coops] Heap address: 0x00000000c0000000, size: 1024 MB, Compressed Oops mode: 32-bit
[2022-10-17T14:12:15.306+0000][gc,cds       ] Mark closed archive regions in map: [0x00000000fff00000, 0x00000000fff6aff8]
[2022-10-17T14:12:15.306+0000][gc,cds       ] Mark open archive regions in map: [0x00000000ffe00000, 0x00000000ffe47ff8]
[2022-10-17T14:12:16.031+0000][gc,start     ] GC(0) Pause Young (Normal) (G1 Evacuation Pause)
[2022-10-17T14:12:16.032+0000][gc,task      ] GC(0) Using 8 workers of 8 for evacuation
[2022-10-17T14:12:16.041+0000][gc,phases    ] GC(0)   Pre Evacuate Collection Set: 0.0ms
[2022-10-17T14:12:16.041+0000][gc,phases    ] GC(0)   Evacuate Collection Set: 8.3ms
[2022-10-17T14:12:16.041+0000][gc,phases    ] GC(0)   Post Evacuate Collection Set: 0.6ms
[2022-10-17T14:12:16.041+0000][gc,phases    ] GC(0)   Other: 0.8ms
[2022-10-17T14:12:16.041+0000][gc,heap      ] GC(0) Eden regions: 51->0(44)
[2022-10-17T14:12:16.041+0000][gc,heap      ] GC(0) Survivor regions: 0->7(7)
[2022-10-17T14:12:16.041+0000][gc,heap      ] GC(0) Old regions: 2->2
[2022-10-17T14:12:16.041+0000][gc,heap      ] GC(0) Humongous regions: 0->0
[2022-10-17T14:12:16.041+0000][gc,metaspace ] GC(0) Metaspace: 14193K->14193K(1062912K)
[2022-10-17T14:12:16.041+0000][gc           ] GC(0) Pause Young (Normal) (G1 Evacuation Pause) 51M->7M(1024M) 9.789ms
[2022-10-17T14:12:16.041+0000][gc,cpu       ] GC(0) User=0.04s Sys=0.01s Real=0.01s
[2022-10-17T14:12:16.361+0000][gc,start     ] GC(1) Pause Young (Concurrent Start) (Metadata GC Threshold)
[2022-10-17T14:12:16.361+0000][gc,task      ] GC(1) Using 8 workers of 8 for evacuation
[2022-10-17T14:12:16.374+0000][gc,phases    ] GC(1)   Pre Evacuate Collection Set: 0.1ms
[2022-10-17T14:12:16.374+0000][gc,phases    ] GC(1)   Evacuate Collection Set: 12.2ms
[2022-10-17T14:12:16.374+0000][gc,phases    ] GC(1)   Post Evacuate Collection Set: 0.4ms
[2022-10-17T14:12:16.374+0000][gc,phases    ] GC(1)   Other: 0.3ms
[2022-10-17T14:12:16.374+0000][gc,heap      ] GC(1) Eden regions: 30->0(49)
[2022-10-17T14:12:16.374+0000][gc,heap      ] GC(1) Survivor regions: 7->2(7)
[2022-10-17T14:12:16.374+0000][gc,heap      ] GC(1) Old regions: 2->9
[2022-10-17T14:12:16.374+0000][gc,heap      ] GC(1) Humongous regions: 0->0
[2022-10-17T14:12:16.374+0000][gc,metaspace ] GC(1) Metaspace: 20586K->20586K(1067008K)
[2022-10-17T14:12:16.374+0000][gc           ] GC(1) Pause Young (Concurrent Start) (Metadata GC Threshold) 36M->8M(1024M) 13.092ms
[2022-10-17T14:12:16.374+0000][gc,cpu       ] GC(1) User=0.04s Sys=0.01s Real=0.01s
[2022-10-17T14:12:16.374+0000][gc           ] GC(2) Concurrent Cycle
[2022-10-17T14:12:16.374+0000][gc,marking   ] GC(2) Concurrent Clear Claimed Marks
[2022-10-17T14:12:16.374+0000][gc,marking   ] GC(2) Concurrent Clear Claimed Marks 0.035ms
[2022-10-17T14:12:16.374+0000][gc,marking   ] GC(2) Concurrent Scan Root Regions
[2022-10-17T14:12:16.376+0000][gc,marking   ] GC(2) Concurrent Scan Root Regions 1.081ms
[2022-10-17T14:12:16.376+0000][gc,marking   ] GC(2) Concurrent Mark (1.082s)
[2022-10-17T14:12:16.376+0000][gc,marking   ] GC(2) Concurrent Mark From Roots
[2022-10-17T14:12:16.376+0000][gc,task      ] GC(2) Using 2 workers of 2 for marking
[2022-10-17T14:12:16.381+0000][gc,marking   ] GC(2) Concurrent Mark From Roots 5.613ms
[2022-10-17T14:12:16.381+0000][gc,marking   ] GC(2) Concurrent Preclean
[2022-10-17T14:12:16.381+0000][gc,marking   ] GC(2) Concurrent Preclean 0.107ms
[2022-10-17T14:12:16.381+0000][gc,marking   ] GC(2) Concurrent Mark (1.082s, 1.087s) 5.756ms
[2022-10-17T14:12:16.381+0000][gc,start     ] GC(2) Pause Remark
[2022-10-17T14:12:16.383+0000][gc,stringtable] GC(2) Cleaned string and symbol table, strings: 5125 processed, 0 removed, symbols: 52283 processed, 43 removed
[2022-10-17T14:12:16.383+0000][gc            ] GC(2) Pause Remark 8M->8M(1024M) 1.782ms
[2022-10-17T14:12:16.383+0000][gc,cpu        ] GC(2) User=0.01s Sys=0.00s Real=0.00s
[2022-10-17T14:12:16.383+0000][gc,marking    ] GC(2) Concurrent Rebuild Remembered Sets
[2022-10-17T14:12:16.386+0000][gc,marking    ] GC(2) Concurrent Rebuild Remembered Sets 2.582ms
[2022-10-17T14:12:16.386+0000][gc,start      ] GC(2) Pause Cleanup
[2022-10-17T14:12:16.386+0000][gc            ] GC(2) Pause Cleanup 9M->9M(1024M) 0.199ms
[2022-10-17T14:12:16.386+0000][gc,cpu        ] GC(2) User=0.00s Sys=0.00s Real=0.00s
[2022-10-17T14:12:16.386+0000][gc,marking    ] GC(2) Concurrent Cleanup for Next Mark
[2022-10-17T14:12:16.396+0000][gc,marking    ] GC(2) Concurrent Cleanup for Next Mark 9.979ms
[2022-10-17T14:12:16.396+0000][gc            ] GC(2) Concurrent Cycle 21.806ms
[2022-10-17T14:12:17.058+0000][gc,start      ] GC(3) Pause Young (Normal) (G1 Evacuation Pause)
[2022-10-17T14:12:17.058+0000][gc,task       ] GC(3) Using 8 workers of 8 for evacuation
[2022-10-17T14:12:17.060+0000][gc,phases     ] GC(3)   Pre Evacuate Collection Set: 0.0ms
[2022-10-17T14:12:17.060+0000][gc,phases     ] GC(3)   Evacuate Collection Set: 2.2ms
[2022-10-17T14:12:17.060+0000][gc,phases     ] GC(3)   Post Evacuate Collection Set: 0.4ms
[2022-10-17T14:12:17.060+0000][gc,phases     ] GC(3)   Other: 0.1ms
[2022-10-17T14:12:17.060+0000][gc,heap       ] GC(3) Eden regions: 49->0(47)
[2022-10-17T14:12:17.060+0000][gc,heap       ] GC(3) Survivor regions: 2->4(7)
[2022-10-17T14:12:17.060+0000][gc,heap       ] GC(3) Old regions: 9->9
[2022-10-17T14:12:17.060+0000][gc,heap       ] GC(3) Humongous regions: 129->129
[2022-10-17T14:12:17.060+0000][gc,metaspace  ] GC(3) Metaspace: 28832K->28832K(1075200K)
[2022-10-17T14:12:17.061+0000][gc            ] GC(3) Pause Young (Normal) (G1 Evacuation Pause) 186M->139M(1024M) 2.805ms
[2022-10-17T14:12:17.061+0000][gc,cpu        ] GC(3) User=0.01s Sys=0.00s Real=0.00s
[2022-10-17T14:12:17.365+0000][gc,start      ] GC(4) Pause Young (Concurrent Start) (Metadata GC Threshold)
[2022-10-17T14:12:17.365+0000][gc,task       ] GC(4) Using 8 workers of 8 for evacuation
[2022-10-17T14:12:17.374+0000][gc,phases     ] GC(4)   Pre Evacuate Collection Set: 0.1ms
[2022-10-17T14:12:17.374+0000][gc,phases     ] GC(4)   Evacuate Collection Set: 8.4ms
[2022-10-17T14:12:17.374+0000][gc,phases     ] GC(4)   Post Evacuate Collection Set: 0.4ms
[2022-10-17T14:12:17.374+0000][gc,phases     ] GC(4)   Other: 0.2ms
[2022-10-17T14:12:17.374+0000][gc,heap       ] GC(4) Eden regions: 37->0(44)
[2022-10-17T14:12:17.374+0000][gc,heap       ] GC(4) Survivor regions: 4->7(7)
[2022-10-17T14:12:17.374+0000][gc,heap       ] GC(4) Old regions: 9->9
[2022-10-17T14:12:17.374+0000][gc,heap       ] GC(4) Humongous regions: 129->129
[2022-10-17T14:12:17.374+0000][gc,metaspace  ] GC(4) Metaspace: 34447K->34447K(1081344K)
[2022-10-17T14:12:17.374+0000][gc            ] GC(4) Pause Young (Concurrent Start) (Metadata GC Threshold) 175M->142M(1024M) 9.202ms
[2022-10-17T14:12:17.374+0000][gc,cpu        ] GC(4) User=0.03s Sys=0.00s Real=0.01s
[2022-10-17T14:12:17.374+0000][gc            ] GC(5) Concurrent Cycle
[2022-10-17T14:12:17.374+0000][gc,marking    ] GC(5) Concurrent Clear Claimed Marks
[2022-10-17T14:12:17.374+0000][gc,marking    ] GC(5) Concurrent Clear Claimed Marks 0.042ms
[2022-10-17T14:12:17.374+0000][gc,marking    ] GC(5) Concurrent Scan Root Regions
[2022-10-17T14:12:17.376+0000][gc,marking    ] GC(5) Concurrent Scan Root Regions 2.045ms
[2022-10-17T14:12:17.376+0000][gc,marking    ] GC(5) Concurrent Mark (2.082s)
[2022-10-17T14:12:17.376+0000][gc,marking    ] GC(5) Concurrent Mark From Roots
[2022-10-17T14:12:17.376+0000][gc,task       ] GC(5) Using 2 workers of 2 for marking
[2022-10-17T14:12:17.381+0000][gc,marking    ] GC(5) Concurrent Mark From Roots 4.646ms
[2022-10-17T14:12:17.381+0000][gc,marking    ] GC(5) Concurrent Preclean
[2022-10-17T14:12:17.381+0000][gc,marking    ] GC(5) Concurrent Preclean 0.120ms
[2022-10-17T14:12:17.381+0000][gc,marking    ] GC(5) Concurrent Mark (2.082s, 2.087s) 4.805ms
[2022-10-17T14:12:17.381+0000][gc,start      ] GC(5) Pause Remark
[2022-10-17T14:12:17.384+0000][gc,stringtable] GC(5) Cleaned string and symbol table, strings: 10470 processed, 10 removed, symbols: 82370 processed, 15 removed
[2022-10-17T14:12:17.384+0000][gc            ] GC(5) Pause Remark 143M->143M(1024M) 2.677ms
[2022-10-17T14:12:17.384+0000][gc,cpu        ] GC(5) User=0.01s Sys=0.00s Real=0.00s
[2022-10-17T14:12:17.384+0000][gc,marking    ] GC(5) Concurrent Rebuild Remembered Sets
[2022-10-17T14:12:17.387+0000][gc,marking    ] GC(5) Concurrent Rebuild Remembered Sets 2.955ms
[2022-10-17T14:12:17.387+0000][gc,start      ] GC(5) Pause Cleanup
[2022-10-17T14:12:17.388+0000][gc            ] GC(5) Pause Cleanup 143M->143M(1024M) 0.262ms
[2022-10-17T14:12:17.388+0000][gc,cpu        ] GC(5) User=0.00s Sys=0.00s Real=0.00s
[2022-10-17T14:12:17.388+0000][gc,marking    ] GC(5) Concurrent Cleanup for Next Mark
[2022-10-17T14:12:17.402+0000][gc,marking    ] GC(5) Concurrent Cleanup for Next Mark 14.266ms
[2022-10-17T14:12:17.402+0000][gc            ] GC(5) Concurrent Cycle 27.667ms
[2022-10-17T14:20:02.350+0000][gc,start      ] GC(6) Pause Young (Normal) (G1 Evacuation Pause)
[2022-10-17T14:20:02.350+0000][gc,task       ] GC(6) Using 8 workers of 8 for evacuation
[2022-10-17T14:20:02.385+0000][gc,mmu        ] GC(6) MMU target violated: 21.0ms (20.0ms/21.0ms)
[2022-10-17T14:20:02.385+0000][gc,phases     ] GC(6)   Pre Evacuate Collection Set: 1.6ms
[2022-10-17T14:20:02.385+0000][gc,phases     ] GC(6)   Evacuate Collection Set: 32.1ms
[2022-10-17T14:20:02.385+0000][gc,phases     ] GC(6)   Post Evacuate Collection Set: 1.0ms
[2022-10-17T14:20:02.385+0000][gc,phases     ] GC(6)   Other: 0.5ms
[2022-10-17T14:20:02.385+0000][gc,heap       ] GC(6) Eden regions: 44->0(45)
[2022-10-17T14:20:02.385+0000][gc,heap       ] GC(6) Survivor regions: 7->6(7)
[2022-10-17T14:20:02.385+0000][gc,heap       ] GC(6) Old regions: 9->12
[2022-10-17T14:20:02.385+0000][gc,heap       ] GC(6) Humongous regions: 141->129
[2022-10-17T14:20:02.385+0000][gc,metaspace  ] GC(6) Metaspace: 39957K->39957K(1085440K)
[2022-10-17T14:20:02.385+0000][gc            ] GC(6) Pause Young (Normal) (G1 Evacuation Pause) 198M->144M(1024M) 35.159ms
[2022-10-17T14:20:02.385+0000][gc,cpu        ] GC(6) User=0.13s Sys=0.00s Real=0.03s
[2022-10-17T14:53:57.663+0000][gc,start      ] GC(7) Pause Young (Normal) (G1 Evacuation Pause)
[2022-10-17T14:53:57.663+0000][gc,task       ] GC(7) Using 8 workers of 8 for evacuation
[2022-10-17T14:53:57.689+0000][gc,mmu        ] GC(7) MMU target violated: 21.0ms (20.0ms/21.0ms)
[2022-10-17T14:53:57.689+0000][gc,phases     ] GC(7)   Pre Evacuate Collection Set: 1.5ms
[2022-10-17T14:53:57.689+0000][gc,phases     ] GC(7)   Evacuate Collection Set: 24.0ms
[2022-10-17T14:53:57.689+0000][gc,phases     ] GC(7)   Post Evacuate Collection Set: 0.5ms
[2022-10-17T14:53:57.689+0000][gc,phases     ] GC(7)   Other: 0.3ms
[2022-10-17T14:53:57.689+0000][gc,heap       ] GC(7) Eden regions: 45->0(49)
[2022-10-17T14:53:57.689+0000][gc,heap       ] GC(7) Survivor regions: 6->2(7)
[2022-10-17T14:53:57.689+0000][gc,heap       ] GC(7) Old regions: 12->15
[2022-10-17T14:53:57.689+0000][gc,heap       ] GC(7) Humongous regions: 129->129
[2022-10-17T14:53:57.689+0000][gc,metaspace  ] GC(7) Metaspace: 40464K->40464K(1085440K)
[2022-10-17T14:53:57.689+0000][gc            ] GC(7) Pause Young (Normal) (G1 Evacuation Pause) 189M->144M(1024M) 26.437ms
[2022-10-17T14:53:57.689+0000][gc,cpu        ] GC(7) User=0.04s Sys=0.00s Real=0.03s
[2022-10-17T15:32:51.974+0000][gc,start      ] GC(8) Pause Young (Normal) (G1 Evacuation Pause)
[2022-10-17T15:32:51.975+0000][gc,task       ] GC(8) Using 8 workers of 8 for evacuation
[2022-10-17T15:32:51.990+0000][gc,phases     ] GC(8)   Pre Evacuate Collection Set: 1.7ms
[2022-10-17T15:32:51.990+0000][gc,phases     ] GC(8)   Evacuate Collection Set: 6.9ms
[2022-10-17T15:32:51.990+0000][gc,phases     ] GC(8)   Post Evacuate Collection Set: 6.4ms
[2022-10-17T15:32:51.990+0000][gc,phases     ] GC(8)   Other: 0.5ms
[2022-10-17T15:32:51.990+0000][gc,heap       ] GC(8) Eden regions: 49->0(49)
[2022-10-17T15:32:51.990+0000][gc,heap       ] GC(8) Survivor regions: 2->2(7)
[2022-10-17T15:32:51.990+0000][gc,heap       ] GC(8) Old regions: 15->15
[2022-10-17T15:32:51.990+0000][gc,heap       ] GC(8) Humongous regions: 129->129
[2022-10-17T15:32:51.990+0000][gc,metaspace  ] GC(8) Metaspace: 40665K->40665K(1085440K)
[2022-10-17T15:32:51.990+0000][gc            ] GC(8) Pause Young (Normal) (G1 Evacuation Pause) 193M->144M(1024M) 15.555ms
[2022-10-17T15:32:51.990+0000][gc,cpu        ] GC(8) User=0.04s Sys=0.00s Real=0.02s
[2022-10-17T16:00:47.663+0000][gc,start      ] GC(9) Pause Young (Normal) (G1 Evacuation Pause)
[2022-10-17T16:00:47.663+0000][gc,task       ] GC(9) Using 8 workers of 8 for evacuation
[2022-10-17T16:00:47.702+0000][gc,mmu        ] GC(9) MMU target violated: 21.0ms (20.0ms/21.0ms)
[2022-10-17T16:00:47.702+0000][gc,phases     ] GC(9)   Pre Evacuate Collection Set: 1.5ms
[2022-10-17T16:00:47.702+0000][gc,phases     ] GC(9)   Evacuate Collection Set: 36.0ms
[2022-10-17T16:00:47.702+0000][gc,phases     ] GC(9)   Post Evacuate Collection Set: 1.2ms
[2022-10-17T16:00:47.702+0000][gc,phases     ] GC(9)   Other: 0.4ms
[2022-10-17T16:00:47.702+0000][gc,heap       ] GC(9) Eden regions: 49->0(48)
[2022-10-17T16:00:47.702+0000][gc,heap       ] GC(9) Survivor regions: 2->3(7)
[2022-10-17T16:00:47.702+0000][gc,heap       ] GC(9) Old regions: 15->15
[2022-10-17T16:00:47.702+0000][gc,heap       ] GC(9) Humongous regions: 129->129
[2022-10-17T16:00:47.702+0000][gc,metaspace  ] GC(9) Metaspace: 42049K->42049K(1087488K)
[2022-10-17T16:00:47.702+0000][gc            ] GC(9) Pause Young (Normal) (G1 Evacuation Pause) 193M->144M(1024M) 39.140ms
[2022-10-17T16:00:47.702+0000][gc,cpu        ] GC(9) User=0.08s Sys=0.00s Real=0.04s
[2022-10-17T16:16:28.656+0000][gc,heap,exit  ] Heap
[2022-10-17T16:16:28.656+0000][gc,heap,exit  ]  garbage-first heap   total 1048576K, used 184118K [0x00000000c0000000, 0x0000000100000000)
[2022-10-17T16:16:28.656+0000][gc,heap,exit  ]   region size 1024K, 40 young (40960K), 3 survivors (3072K)
[2022-10-17T16:16:28.656+0000][gc,heap,exit  ]  Metaspace       used 42847K, capacity 45328K, committed 45568K, reserved 1087488K
[2022-10-17T16:16:28.656+0000][gc,heap,exit  ]   class space    used 5381K, capacity 6574K, committed 6656K, reserved 1048576K
