[2022-10-18T07:08:09.890+0000][gc,heap] Heap region size: 1M
[2022-10-18T07:08:09.900+0000][gc     ] Using G1
[2022-10-18T07:08:09.900+0000][gc,heap,coops] Heap address: 0x00000000c0000000, size: 1024 MB, Compressed Oops mode: 32-bit
[2022-10-18T07:08:09.901+0000][gc,cds       ] Mark closed archive regions in map: [0x00000000fff00000, 0x00000000fff6aff8]
[2022-10-18T07:08:09.901+0000][gc,cds       ] Mark open archive regions in map: [0x00000000ffe00000, 0x00000000ffe47ff8]
[2022-10-18T07:08:10.629+0000][gc,start     ] GC(0) Pause Young (Normal) (G1 Evacuation Pause)
[2022-10-18T07:08:10.629+0000][gc,task      ] GC(0) Using 8 workers of 8 for evacuation
[2022-10-18T07:08:10.638+0000][gc,phases    ] GC(0)   Pre Evacuate Collection Set: 0.0ms
[2022-10-18T07:08:10.638+0000][gc,phases    ] GC(0)   Evacuate Collection Set: 8.0ms
[2022-10-18T07:08:10.638+0000][gc,phases    ] GC(0)   Post Evacuate Collection Set: 0.5ms
[2022-10-18T07:08:10.638+0000][gc,phases    ] GC(0)   Other: 0.8ms
[2022-10-18T07:08:10.638+0000][gc,heap      ] GC(0) Eden regions: 51->0(44)
[2022-10-18T07:08:10.638+0000][gc,heap      ] GC(0) Survivor regions: 0->7(7)
[2022-10-18T07:08:10.638+0000][gc,heap      ] GC(0) Old regions: 2->2
[2022-10-18T07:08:10.638+0000][gc,heap      ] GC(0) Humongous regions: 0->0
[2022-10-18T07:08:10.638+0000][gc,metaspace ] GC(0) Metaspace: 14297K->14297K(1062912K)
[2022-10-18T07:08:10.638+0000][gc           ] GC(0) Pause Young (Normal) (G1 Evacuation Pause) 51M->7M(1024M) 9.423ms
[2022-10-18T07:08:10.638+0000][gc,cpu       ] GC(0) User=0.05s Sys=0.00s Real=0.02s
[2022-10-18T07:08:10.993+0000][gc,start     ] GC(1) Pause Young (Concurrent Start) (Metadata GC Threshold)
[2022-10-18T07:08:10.993+0000][gc,task      ] GC(1) Using 8 workers of 8 for evacuation
[2022-10-18T07:08:11.005+0000][gc,phases    ] GC(1)   Pre Evacuate Collection Set: 0.1ms
[2022-10-18T07:08:11.005+0000][gc,phases    ] GC(1)   Evacuate Collection Set: 10.7ms
[2022-10-18T07:08:11.005+0000][gc,phases    ] GC(1)   Post Evacuate Collection Set: 0.4ms
[2022-10-18T07:08:11.005+0000][gc,phases    ] GC(1)   Other: 0.2ms
[2022-10-18T07:08:11.005+0000][gc,heap      ] GC(1) Eden regions: 30->0(49)
[2022-10-18T07:08:11.005+0000][gc,heap      ] GC(1) Survivor regions: 7->2(7)
[2022-10-18T07:08:11.005+0000][gc,heap      ] GC(1) Old regions: 2->9
[2022-10-18T07:08:11.005+0000][gc,heap      ] GC(1) Humongous regions: 0->0
[2022-10-18T07:08:11.005+0000][gc,metaspace ] GC(1) Metaspace: 20564K->20564K(1067008K)
[2022-10-18T07:08:11.005+0000][gc           ] GC(1) Pause Young (Concurrent Start) (Metadata GC Threshold) 37M->8M(1024M) 11.430ms
[2022-10-18T07:08:11.005+0000][gc,cpu       ] GC(1) User=0.03s Sys=0.00s Real=0.01s
[2022-10-18T07:08:11.005+0000][gc           ] GC(2) Concurrent Cycle
[2022-10-18T07:08:11.005+0000][gc,marking   ] GC(2) Concurrent Clear Claimed Marks
[2022-10-18T07:08:11.005+0000][gc,marking   ] GC(2) Concurrent Clear Claimed Marks 0.032ms
[2022-10-18T07:08:11.005+0000][gc,marking   ] GC(2) Concurrent Scan Root Regions
[2022-10-18T07:08:11.006+0000][gc,marking   ] GC(2) Concurrent Scan Root Regions 0.743ms
[2022-10-18T07:08:11.006+0000][gc,marking   ] GC(2) Concurrent Mark (1.118s)
[2022-10-18T07:08:11.006+0000][gc,marking   ] GC(2) Concurrent Mark From Roots
[2022-10-18T07:08:11.006+0000][gc,task      ] GC(2) Using 2 workers of 2 for marking
[2022-10-18T07:08:11.011+0000][gc,marking   ] GC(2) Concurrent Mark From Roots 5.036ms
[2022-10-18T07:08:11.011+0000][gc,marking   ] GC(2) Concurrent Preclean
[2022-10-18T07:08:11.011+0000][gc,marking   ] GC(2) Concurrent Preclean 0.091ms
[2022-10-18T07:08:11.011+0000][gc,marking   ] GC(2) Concurrent Mark (1.118s, 1.124s) 5.158ms
[2022-10-18T07:08:11.011+0000][gc,start     ] GC(2) Pause Remark
[2022-10-18T07:08:11.012+0000][gc,stringtable] GC(2) Cleaned string and symbol table, strings: 5124 processed, 0 removed, symbols: 52242 processed, 42 removed
[2022-10-18T07:08:11.013+0000][gc            ] GC(2) Pause Remark 8M->8M(1024M) 1.730ms
[2022-10-18T07:08:11.013+0000][gc,cpu        ] GC(2) User=0.00s Sys=0.00s Real=0.00s
[2022-10-18T07:08:11.013+0000][gc,marking    ] GC(2) Concurrent Rebuild Remembered Sets
[2022-10-18T07:08:11.016+0000][gc,marking    ] GC(2) Concurrent Rebuild Remembered Sets 2.914ms
[2022-10-18T07:08:11.022+0000][gc,start      ] GC(2) Pause Cleanup
[2022-10-18T07:08:11.022+0000][gc            ] GC(2) Pause Cleanup 9M->9M(1024M) 0.238ms
[2022-10-18T07:08:11.022+0000][gc,cpu        ] GC(2) User=0.00s Sys=0.00s Real=0.00s
[2022-10-18T07:08:11.022+0000][gc,marking    ] GC(2) Concurrent Cleanup for Next Mark
[2022-10-18T07:08:11.039+0000][gc,marking    ] GC(2) Concurrent Cleanup for Next Mark 16.616ms
[2022-10-18T07:08:11.039+0000][gc            ] GC(2) Concurrent Cycle 33.935ms
[2022-10-18T07:08:11.703+0000][gc,start      ] GC(3) Pause Young (Normal) (G1 Evacuation Pause)
[2022-10-18T07:08:11.703+0000][gc,task       ] GC(3) Using 8 workers of 8 for evacuation
[2022-10-18T07:08:11.705+0000][gc,phases     ] GC(3)   Pre Evacuate Collection Set: 0.0ms
[2022-10-18T07:08:11.705+0000][gc,phases     ] GC(3)   Evacuate Collection Set: 1.9ms
[2022-10-18T07:08:11.705+0000][gc,phases     ] GC(3)   Post Evacuate Collection Set: 0.4ms
[2022-10-18T07:08:11.705+0000][gc,phases     ] GC(3)   Other: 0.1ms
[2022-10-18T07:08:11.705+0000][gc,heap       ] GC(3) Eden regions: 49->0(47)
[2022-10-18T07:08:11.705+0000][gc,heap       ] GC(3) Survivor regions: 2->4(7)
[2022-10-18T07:08:11.705+0000][gc,heap       ] GC(3) Old regions: 9->9
[2022-10-18T07:08:11.705+0000][gc,heap       ] GC(3) Humongous regions: 129->129
[2022-10-18T07:08:11.705+0000][gc,metaspace  ] GC(3) Metaspace: 28810K->28810K(1075200K)
[2022-10-18T07:08:11.705+0000][gc            ] GC(3) Pause Young (Normal) (G1 Evacuation Pause) 186M->139M(1024M) 2.498ms
[2022-10-18T07:08:11.705+0000][gc,cpu        ] GC(3) User=0.01s Sys=0.00s Real=0.00s
[2022-10-18T07:08:12.012+0000][gc,start      ] GC(4) Pause Young (Concurrent Start) (Metadata GC Threshold)
[2022-10-18T07:08:12.012+0000][gc,task       ] GC(4) Using 8 workers of 8 for evacuation
[2022-10-18T07:08:12.017+0000][gc,phases     ] GC(4)   Pre Evacuate Collection Set: 0.1ms
[2022-10-18T07:08:12.017+0000][gc,phases     ] GC(4)   Evacuate Collection Set: 3.9ms
[2022-10-18T07:08:12.017+0000][gc,phases     ] GC(4)   Post Evacuate Collection Set: 0.4ms
[2022-10-18T07:08:12.017+0000][gc,phases     ] GC(4)   Other: 0.2ms
[2022-10-18T07:08:12.017+0000][gc,heap       ] GC(4) Eden regions: 37->0(44)
[2022-10-18T07:08:12.017+0000][gc,heap       ] GC(4) Survivor regions: 4->7(7)
[2022-10-18T07:08:12.017+0000][gc,heap       ] GC(4) Old regions: 9->9
[2022-10-18T07:08:12.017+0000][gc,heap       ] GC(4) Humongous regions: 129->129
[2022-10-18T07:08:12.017+0000][gc,metaspace  ] GC(4) Metaspace: 34452K->34452K(1081344K)
[2022-10-18T07:08:12.017+0000][gc            ] GC(4) Pause Young (Concurrent Start) (Metadata GC Threshold) 175M->142M(1024M) 4.766ms
[2022-10-18T07:08:12.017+0000][gc,cpu        ] GC(4) User=0.03s Sys=0.00s Real=0.01s
[2022-10-18T07:08:12.017+0000][gc            ] GC(5) Concurrent Cycle
[2022-10-18T07:08:12.017+0000][gc,marking    ] GC(5) Concurrent Clear Claimed Marks
[2022-10-18T07:08:12.017+0000][gc,marking    ] GC(5) Concurrent Clear Claimed Marks 0.018ms
[2022-10-18T07:08:12.017+0000][gc,marking    ] GC(5) Concurrent Scan Root Regions
[2022-10-18T07:08:12.019+0000][gc,marking    ] GC(5) Concurrent Scan Root Regions 1.958ms
[2022-10-18T07:08:12.019+0000][gc,marking    ] GC(5) Concurrent Mark (2.132s)
[2022-10-18T07:08:12.019+0000][gc,marking    ] GC(5) Concurrent Mark From Roots
[2022-10-18T07:08:12.019+0000][gc,task       ] GC(5) Using 2 workers of 2 for marking
[2022-10-18T07:08:12.026+0000][gc,marking    ] GC(5) Concurrent Mark From Roots 7.003ms
[2022-10-18T07:08:12.026+0000][gc,marking    ] GC(5) Concurrent Preclean
[2022-10-18T07:08:12.026+0000][gc,marking    ] GC(5) Concurrent Preclean 0.099ms
[2022-10-18T07:08:12.026+0000][gc,marking    ] GC(5) Concurrent Mark (2.132s, 2.139s) 7.143ms
[2022-10-18T07:08:12.027+0000][gc,start      ] GC(5) Pause Remark
[2022-10-18T07:08:12.029+0000][gc,stringtable] GC(5) Cleaned string and symbol table, strings: 10447 processed, 10 removed, symbols: 82374 processed, 15 removed
[2022-10-18T07:08:12.029+0000][gc            ] GC(5) Pause Remark 143M->143M(1024M) 2.315ms
[2022-10-18T07:08:12.029+0000][gc,cpu        ] GC(5) User=0.00s Sys=0.00s Real=0.01s
[2022-10-18T07:08:12.029+0000][gc,marking    ] GC(5) Concurrent Rebuild Remembered Sets
[2022-10-18T07:08:12.032+0000][gc,marking    ] GC(5) Concurrent Rebuild Remembered Sets 3.300ms
[2022-10-18T07:08:12.032+0000][gc,start      ] GC(5) Pause Cleanup
[2022-10-18T07:08:12.033+0000][gc            ] GC(5) Pause Cleanup 143M->143M(1024M) 0.248ms
[2022-10-18T07:08:12.033+0000][gc,cpu        ] GC(5) User=0.00s Sys=0.00s Real=0.00s
[2022-10-18T07:08:12.033+0000][gc,marking    ] GC(5) Concurrent Cleanup for Next Mark
[2022-10-18T07:08:12.051+0000][gc,marking    ] GC(5) Concurrent Cleanup for Next Mark 18.338ms
[2022-10-18T07:08:12.051+0000][gc            ] GC(5) Concurrent Cycle 33.824ms
[2022-10-18T07:10:50.109+0000][gc,start      ] GC(6) Pause Young (Normal) (G1 Evacuation Pause)
[2022-10-18T07:10:50.109+0000][gc,task       ] GC(6) Using 8 workers of 8 for evacuation
[2022-10-18T07:10:50.126+0000][gc,phases     ] GC(6)   Pre Evacuate Collection Set: 1.4ms
[2022-10-18T07:10:50.126+0000][gc,phases     ] GC(6)   Evacuate Collection Set: 14.6ms
[2022-10-18T07:10:50.126+0000][gc,phases     ] GC(6)   Post Evacuate Collection Set: 0.7ms
[2022-10-18T07:10:50.126+0000][gc,phases     ] GC(6)   Other: 0.3ms
[2022-10-18T07:10:50.126+0000][gc,heap       ] GC(6) Eden regions: 44->0(45)
[2022-10-18T07:10:50.126+0000][gc,heap       ] GC(6) Survivor regions: 7->6(7)
[2022-10-18T07:10:50.126+0000][gc,heap       ] GC(6) Old regions: 9->12
[2022-10-18T07:10:50.126+0000][gc,heap       ] GC(6) Humongous regions: 141->129
[2022-10-18T07:10:50.126+0000][gc,metaspace  ] GC(6) Metaspace: 40861K->40861K(1085440K)
[2022-10-18T07:10:50.126+0000][gc            ] GC(6) Pause Young (Normal) (G1 Evacuation Pause) 198M->144M(1024M) 17.165ms
[2022-10-18T07:10:50.126+0000][gc,cpu        ] GC(6) User=0.06s Sys=0.00s Real=0.01s
[2022-10-18T07:35:06.069+0000][gc,start      ] GC(7) Pause Young (Normal) (G1 Evacuation Pause)
[2022-10-18T07:35:06.069+0000][gc,task       ] GC(7) Using 8 workers of 8 for evacuation
[2022-10-18T07:35:06.096+0000][gc,mmu        ] GC(7) MMU target violated: 21.0ms (20.0ms/21.0ms)
[2022-10-18T07:35:06.096+0000][gc,phases     ] GC(7)   Pre Evacuate Collection Set: 1.3ms
[2022-10-18T07:35:06.096+0000][gc,phases     ] GC(7)   Evacuate Collection Set: 25.1ms
[2022-10-18T07:35:06.096+0000][gc,phases     ] GC(7)   Post Evacuate Collection Set: 0.6ms
[2022-10-18T07:35:06.096+0000][gc,phases     ] GC(7)   Other: 0.4ms
[2022-10-18T07:35:06.096+0000][gc,heap       ] GC(7) Eden regions: 45->0(48)
[2022-10-18T07:35:06.096+0000][gc,heap       ] GC(7) Survivor regions: 6->3(7)
[2022-10-18T07:35:06.096+0000][gc,heap       ] GC(7) Old regions: 12->15
[2022-10-18T07:35:06.096+0000][gc,heap       ] GC(7) Humongous regions: 129->129
[2022-10-18T07:35:06.096+0000][gc,metaspace  ] GC(7) Metaspace: 41865K->41865K(1087488K)
[2022-10-18T07:35:06.096+0000][gc            ] GC(7) Pause Young (Normal) (G1 Evacuation Pause) 189M->145M(1024M) 27.445ms
[2022-10-18T07:35:06.096+0000][gc,cpu        ] GC(7) User=0.09s Sys=0.00s Real=0.02s
<<<<<<< HEAD
=======
[2022-10-18T08:13:41.356+0000][gc,start      ] GC(8) Pause Young (Normal) (G1 Evacuation Pause)
[2022-10-18T08:13:41.356+0000][gc,task       ] GC(8) Using 8 workers of 8 for evacuation
[2022-10-18T08:13:41.366+0000][gc,phases     ] GC(8)   Pre Evacuate Collection Set: 1.4ms
[2022-10-18T08:13:41.366+0000][gc,phases     ] GC(8)   Evacuate Collection Set: 6.8ms
[2022-10-18T08:13:41.366+0000][gc,phases     ] GC(8)   Post Evacuate Collection Set: 1.5ms
[2022-10-18T08:13:41.366+0000][gc,phases     ] GC(8)   Other: 0.4ms
[2022-10-18T08:13:41.366+0000][gc,heap       ] GC(8) Eden regions: 48->0(48)
[2022-10-18T08:13:41.366+0000][gc,heap       ] GC(8) Survivor regions: 3->3(7)
[2022-10-18T08:13:41.366+0000][gc,heap       ] GC(8) Old regions: 15->15
[2022-10-18T08:13:41.366+0000][gc,heap       ] GC(8) Humongous regions: 129->129
[2022-10-18T08:13:41.366+0000][gc,metaspace  ] GC(8) Metaspace: 42073K->42073K(1087488K)
[2022-10-18T08:13:41.366+0000][gc            ] GC(8) Pause Young (Normal) (G1 Evacuation Pause) 193M->145M(1024M) 10.177ms
[2022-10-18T08:13:41.366+0000][gc,cpu        ] GC(8) User=0.03s Sys=0.00s Real=0.01s
[2022-10-18T08:52:56.498+0000][gc,start      ] GC(9) Pause Young (Normal) (G1 Evacuation Pause)
[2022-10-18T08:52:56.498+0000][gc,task       ] GC(9) Using 8 workers of 8 for evacuation
[2022-10-18T08:52:56.524+0000][gc,mmu        ] GC(9) MMU target violated: 21.0ms (20.0ms/21.0ms)
[2022-10-18T08:52:56.524+0000][gc,phases     ] GC(9)   Pre Evacuate Collection Set: 1.4ms
[2022-10-18T08:52:56.524+0000][gc,phases     ] GC(9)   Evacuate Collection Set: 20.7ms
[2022-10-18T08:52:56.524+0000][gc,phases     ] GC(9)   Post Evacuate Collection Set: 3.7ms
[2022-10-18T08:52:56.524+0000][gc,phases     ] GC(9)   Other: 0.4ms
[2022-10-18T08:52:56.524+0000][gc,heap       ] GC(9) Eden regions: 48->0(48)
[2022-10-18T08:52:56.524+0000][gc,heap       ] GC(9) Survivor regions: 3->3(7)
[2022-10-18T08:52:56.524+0000][gc,heap       ] GC(9) Old regions: 15->15
[2022-10-18T08:52:56.524+0000][gc,heap       ] GC(9) Humongous regions: 129->129
[2022-10-18T08:52:56.524+0000][gc,metaspace  ] GC(9) Metaspace: 42104K->42104K(1087488K)
[2022-10-18T08:52:56.524+0000][gc            ] GC(9) Pause Young (Normal) (G1 Evacuation Pause) 193M->145M(1024M) 26.144ms
[2022-10-18T08:52:56.524+0000][gc,cpu        ] GC(9) User=0.08s Sys=0.00s Real=0.02s
[2022-10-18T09:31:41.356+0000][gc,start      ] GC(10) Pause Young (Normal) (G1 Evacuation Pause)
[2022-10-18T09:31:41.356+0000][gc,task       ] GC(10) Using 8 workers of 8 for evacuation
[2022-10-18T09:31:41.366+0000][gc,phases     ] GC(10)   Pre Evacuate Collection Set: 1.4ms
[2022-10-18T09:31:41.366+0000][gc,phases     ] GC(10)   Evacuate Collection Set: 6.2ms
[2022-10-18T09:31:41.366+0000][gc,phases     ] GC(10)   Post Evacuate Collection Set: 1.9ms
[2022-10-18T09:31:41.366+0000][gc,phases     ] GC(10)   Other: 0.4ms
[2022-10-18T09:31:41.366+0000][gc,heap       ] GC(10) Eden regions: 48->0(54)
[2022-10-18T09:31:41.366+0000][gc,heap       ] GC(10) Survivor regions: 3->3(7)
[2022-10-18T09:31:41.366+0000][gc,heap       ] GC(10) Old regions: 15->15
[2022-10-18T09:31:41.366+0000][gc,heap       ] GC(10) Humongous regions: 129->129
[2022-10-18T09:31:41.366+0000][gc,metaspace  ] GC(10) Metaspace: 42141K->42141K(1087488K)
[2022-10-18T09:31:41.366+0000][gc            ] GC(10) Pause Young (Normal) (G1 Evacuation Pause) 193M->144M(1024M) 9.929ms
[2022-10-18T09:31:41.366+0000][gc,cpu        ] GC(10) User=0.03s Sys=0.00s Real=0.01s
[2022-10-18T10:15:26.971+0000][gc,start      ] GC(11) Pause Young (Normal) (G1 Evacuation Pause)
[2022-10-18T10:15:26.971+0000][gc,task       ] GC(11) Using 8 workers of 8 for evacuation
[2022-10-18T10:15:26.981+0000][gc,phases     ] GC(11)   Pre Evacuate Collection Set: 1.5ms
[2022-10-18T10:15:26.981+0000][gc,phases     ] GC(11)   Evacuate Collection Set: 5.3ms
[2022-10-18T10:15:26.981+0000][gc,phases     ] GC(11)   Post Evacuate Collection Set: 2.8ms
[2022-10-18T10:15:26.981+0000][gc,phases     ] GC(11)   Other: 0.5ms
[2022-10-18T10:15:26.981+0000][gc,heap       ] GC(11) Eden regions: 54->0(58)
[2022-10-18T10:15:26.981+0000][gc,heap       ] GC(11) Survivor regions: 3->3(8)
[2022-10-18T10:15:26.981+0000][gc,heap       ] GC(11) Old regions: 15->15
[2022-10-18T10:15:26.981+0000][gc,heap       ] GC(11) Humongous regions: 129->129
[2022-10-18T10:15:26.981+0000][gc,metaspace  ] GC(11) Metaspace: 42144K->42144K(1087488K)
[2022-10-18T10:15:26.981+0000][gc            ] GC(11) Pause Young (Normal) (G1 Evacuation Pause) 198M->145M(1024M) 10.066ms
[2022-10-18T10:15:26.981+0000][gc,cpu        ] GC(11) User=0.04s Sys=0.00s Real=0.01s
[2022-10-18T11:01:17.169+0000][gc,start      ] GC(12) Pause Young (Normal) (G1 Evacuation Pause)
[2022-10-18T11:01:17.169+0000][gc,task       ] GC(12) Using 8 workers of 8 for evacuation
[2022-10-18T11:01:17.188+0000][gc,phases     ] GC(12)   Pre Evacuate Collection Set: 1.7ms
[2022-10-18T11:01:17.188+0000][gc,phases     ] GC(12)   Evacuate Collection Set: 5.6ms
[2022-10-18T11:01:17.188+0000][gc,phases     ] GC(12)   Post Evacuate Collection Set: 11.1ms
[2022-10-18T11:01:17.188+0000][gc,phases     ] GC(12)   Other: 0.5ms
[2022-10-18T11:01:17.188+0000][gc,heap       ] GC(12) Eden regions: 58->0(60)
[2022-10-18T11:01:17.188+0000][gc,heap       ] GC(12) Survivor regions: 3->3(8)
[2022-10-18T11:01:17.188+0000][gc,heap       ] GC(12) Old regions: 15->15
[2022-10-18T11:01:17.188+0000][gc,heap       ] GC(12) Humongous regions: 129->129
[2022-10-18T11:01:17.188+0000][gc,metaspace  ] GC(12) Metaspace: 42166K->42166K(1087488K)
[2022-10-18T11:01:17.188+0000][gc            ] GC(12) Pause Young (Normal) (G1 Evacuation Pause) 203M->144M(1024M) 18.813ms
[2022-10-18T11:01:17.188+0000][gc,cpu        ] GC(12) User=0.08s Sys=0.01s Real=0.01s
[2022-10-18T11:13:07.279+0000][gc,heap,exit  ] Heap
[2022-10-18T11:13:07.279+0000][gc,heap,exit  ]  garbage-first heap   total 1048576K, used 171995K [0x00000000c0000000, 0x0000000100000000)
[2022-10-18T11:13:07.279+0000][gc,heap,exit  ]   region size 1024K, 27 young (27648K), 3 survivors (3072K)
[2022-10-18T11:13:07.279+0000][gc,heap,exit  ]  Metaspace       used 42891K, capacity 45349K, committed 45568K, reserved 1087488K
[2022-10-18T11:13:07.279+0000][gc,heap,exit  ]   class space    used 5384K, capacity 6577K, committed 6656K, reserved 1048576K
>>>>>>> help
