[2023-06-26T12:12:28.433+0000][gc,heap] Heap region size: 1M
[2023-06-26T12:12:28.443+0000][gc     ] Using G1
[2023-06-26T12:12:28.443+0000][gc,heap,coops] Heap address: 0x00000000c0000000, size: 1024 MB, Compressed Oops mode: 32-bit
[2023-06-26T12:12:28.444+0000][gc,cds       ] Mark closed archive regions in map: [0x00000000fff00000, 0x00000000fff6aff8]
[2023-06-26T12:12:28.444+0000][gc,cds       ] Mark open archive regions in map: [0x00000000ffe00000, 0x00000000ffe46ff8]
[2023-06-26T12:12:29.217+0000][gc,start     ] GC(0) Pause Young (Normal) (GCLocker Initiated GC)
[2023-06-26T12:12:29.218+0000][gc,task      ] GC(0) Using 8 workers of 8 for evacuation
[2023-06-26T12:12:29.224+0000][gc,phases    ] GC(0)   Pre Evacuate Collection Set: 0.0ms
[2023-06-26T12:12:29.224+0000][gc,phases    ] GC(0)   Evacuate Collection Set: 6.0ms
[2023-06-26T12:12:29.224+0000][gc,phases    ] GC(0)   Post Evacuate Collection Set: 0.6ms
[2023-06-26T12:12:29.224+0000][gc,phases    ] GC(0)   Other: 0.7ms
[2023-06-26T12:12:29.224+0000][gc,heap      ] GC(0) Eden regions: 51->0(44)
[2023-06-26T12:12:29.224+0000][gc,heap      ] GC(0) Survivor regions: 0->7(7)
[2023-06-26T12:12:29.224+0000][gc,heap      ] GC(0) Old regions: 2->2
[2023-06-26T12:12:29.224+0000][gc,heap      ] GC(0) Humongous regions: 0->0
[2023-06-26T12:12:29.224+0000][gc,metaspace ] GC(0) Metaspace: 14310K(14848K)->14310K(14848K) NonClass: 12521K(12800K)->12521K(12800K) Class: 1789K(2048K)->1789K(2048K)
[2023-06-26T12:12:29.224+0000][gc           ] GC(0) Pause Young (Normal) (GCLocker Initiated GC) 51M->7M(1024M) 7.405ms
[2023-06-26T12:12:29.224+0000][gc,cpu       ] GC(0) User=0.02s Sys=0.01s Real=0.01s
[2023-06-26T12:12:29.548+0000][gc,start     ] GC(1) Pause Young (Concurrent Start) (Metadata GC Threshold)
[2023-06-26T12:12:29.548+0000][gc,task      ] GC(1) Using 8 workers of 8 for evacuation
[2023-06-26T12:12:29.561+0000][gc,phases    ] GC(1)   Pre Evacuate Collection Set: 0.1ms
[2023-06-26T12:12:29.561+0000][gc,phases    ] GC(1)   Evacuate Collection Set: 11.8ms
[2023-06-26T12:12:29.561+0000][gc,phases    ] GC(1)   Post Evacuate Collection Set: 0.4ms
[2023-06-26T12:12:29.561+0000][gc,phases    ] GC(1)   Other: 0.3ms
[2023-06-26T12:12:29.561+0000][gc,heap      ] GC(1) Eden regions: 29->0(49)
[2023-06-26T12:12:29.561+0000][gc,heap      ] GC(1) Survivor regions: 7->2(7)
[2023-06-26T12:12:29.561+0000][gc,heap      ] GC(1) Old regions: 2->9
[2023-06-26T12:12:29.561+0000][gc,heap      ] GC(1) Humongous regions: 0->0
[2023-06-26T12:12:29.561+0000][gc,metaspace ] GC(1) Metaspace: 20594K(21248K)->20594K(21248K) NonClass: 18071K(18432K)->18071K(18432K) Class: 2523K(2816K)->2523K(2816K)
[2023-06-26T12:12:29.561+0000][gc           ] GC(1) Pause Young (Concurrent Start) (Metadata GC Threshold) 36M->8M(1024M) 12.667ms
[2023-06-26T12:12:29.561+0000][gc,cpu       ] GC(1) User=0.05s Sys=0.00s Real=0.01s
[2023-06-26T12:12:29.561+0000][gc           ] GC(2) Concurrent Cycle
[2023-06-26T12:12:29.561+0000][gc,marking   ] GC(2) Concurrent Clear Claimed Marks
[2023-06-26T12:12:29.561+0000][gc,marking   ] GC(2) Concurrent Clear Claimed Marks 0.023ms
[2023-06-26T12:12:29.561+0000][gc,marking   ] GC(2) Concurrent Scan Root Regions
[2023-06-26T12:12:29.562+0000][gc,marking   ] GC(2) Concurrent Scan Root Regions 1.658ms
[2023-06-26T12:12:29.562+0000][gc,marking   ] GC(2) Concurrent Mark (1.132s)
[2023-06-26T12:12:29.562+0000][gc,marking   ] GC(2) Concurrent Mark From Roots
[2023-06-26T12:12:29.562+0000][gc,task      ] GC(2) Using 2 workers of 2 for marking
[2023-06-26T12:12:29.569+0000][gc,marking   ] GC(2) Concurrent Mark From Roots 7.055ms
[2023-06-26T12:12:29.569+0000][gc,marking   ] GC(2) Concurrent Preclean
[2023-06-26T12:12:29.570+0000][gc,marking   ] GC(2) Concurrent Preclean 0.188ms
[2023-06-26T12:12:29.570+0000][gc,marking   ] GC(2) Concurrent Mark (1.132s, 1.139s) 7.283ms
[2023-06-26T12:12:29.570+0000][gc,start     ] GC(2) Pause Remark
[2023-06-26T12:12:29.571+0000][gc,stringtable] GC(2) Cleaned string and symbol table, strings: 5134 processed, 0 removed, symbols: 52362 processed, 42 removed
[2023-06-26T12:12:29.571+0000][gc            ] GC(2) Pause Remark 9M->9M(1024M) 1.615ms
[2023-06-26T12:12:29.572+0000][gc,cpu        ] GC(2) User=0.01s Sys=0.00s Real=0.00s
[2023-06-26T12:12:29.572+0000][gc,marking    ] GC(2) Concurrent Rebuild Remembered Sets
[2023-06-26T12:12:29.575+0000][gc,marking    ] GC(2) Concurrent Rebuild Remembered Sets 3.134ms
[2023-06-26T12:12:29.575+0000][gc,start      ] GC(2) Pause Cleanup
[2023-06-26T12:12:29.575+0000][gc            ] GC(2) Pause Cleanup 9M->9M(1024M) 0.198ms
[2023-06-26T12:12:29.575+0000][gc,cpu        ] GC(2) User=0.00s Sys=0.00s Real=0.00s
[2023-06-26T12:12:29.575+0000][gc,marking    ] GC(2) Concurrent Cleanup for Next Mark
[2023-06-26T12:12:29.582+0000][gc,marking    ] GC(2) Concurrent Cleanup for Next Mark 6.937ms
[2023-06-26T12:12:29.582+0000][gc            ] GC(2) Concurrent Cycle 21.324ms
[2023-06-26T12:12:30.188+0000][gc,start      ] GC(3) Pause Young (Concurrent Start) (G1 Evacuation Pause)
[2023-06-26T12:12:30.188+0000][gc,task       ] GC(3) Using 8 workers of 8 for evacuation
[2023-06-26T12:12:30.192+0000][gc,phases     ] GC(3)   Pre Evacuate Collection Set: 0.1ms
[2023-06-26T12:12:30.192+0000][gc,phases     ] GC(3)   Evacuate Collection Set: 2.9ms
[2023-06-26T12:12:30.192+0000][gc,phases     ] GC(3)   Post Evacuate Collection Set: 0.4ms
[2023-06-26T12:12:30.192+0000][gc,phases     ] GC(3)   Other: 0.3ms
[2023-06-26T12:12:30.192+0000][gc,heap       ] GC(3) Eden regions: 49->0(47)
[2023-06-26T12:12:30.192+0000][gc,heap       ] GC(3) Survivor regions: 2->4(7)
[2023-06-26T12:12:30.192+0000][gc,heap       ] GC(3) Old regions: 9->9
[2023-06-26T12:12:30.192+0000][gc,heap       ] GC(3) Humongous regions: 129->129
[2023-06-26T12:12:30.192+0000][gc,metaspace  ] GC(3) Metaspace: 28713K(29696K)->28713K(29696K) NonClass: 25336K(25856K)->25336K(25856K) Class: 3376K(3840K)->3376K(3840K)
[2023-06-26T12:12:30.192+0000][gc            ] GC(3) Pause Young (Concurrent Start) (G1 Evacuation Pause) 186M->139M(1024M) 3.725ms
[2023-06-26T12:12:30.192+0000][gc,cpu        ] GC(3) User=0.01s Sys=0.00s Real=0.01s
[2023-06-26T12:12:30.192+0000][gc            ] GC(4) Concurrent Cycle
[2023-06-26T12:12:30.192+0000][gc,marking    ] GC(4) Concurrent Clear Claimed Marks
[2023-06-26T12:12:30.192+0000][gc,marking    ] GC(4) Concurrent Clear Claimed Marks 0.025ms
[2023-06-26T12:12:30.192+0000][gc,marking    ] GC(4) Concurrent Scan Root Regions
[2023-06-26T12:12:30.193+0000][gc,marking    ] GC(4) Concurrent Scan Root Regions 1.246ms
[2023-06-26T12:12:30.193+0000][gc,marking    ] GC(4) Concurrent Mark (1.763s)
[2023-06-26T12:12:30.193+0000][gc,marking    ] GC(4) Concurrent Mark From Roots
[2023-06-26T12:12:30.193+0000][gc,task       ] GC(4) Using 2 workers of 2 for marking
[2023-06-26T12:12:30.198+0000][gc,marking    ] GC(4) Concurrent Mark From Roots 5.220ms
[2023-06-26T12:12:30.198+0000][gc,marking    ] GC(4) Concurrent Preclean
[2023-06-26T12:12:30.199+0000][gc,marking    ] GC(4) Concurrent Preclean 0.158ms
[2023-06-26T12:12:30.199+0000][gc,marking    ] GC(4) Concurrent Mark (1.763s, 1.768s) 5.416ms
[2023-06-26T12:12:30.199+0000][gc,start      ] GC(4) Pause Remark
[2023-06-26T12:12:30.200+0000][gc,stringtable] GC(4) Cleaned string and symbol table, strings: 7318 processed, 13 removed, symbols: 66117 processed, 9 removed
[2023-06-26T12:12:30.200+0000][gc            ] GC(4) Pause Remark 140M->140M(1024M) 1.667ms
[2023-06-26T12:12:30.200+0000][gc,cpu        ] GC(4) User=0.01s Sys=0.00s Real=0.00s
[2023-06-26T12:12:30.200+0000][gc,marking    ] GC(4) Concurrent Rebuild Remembered Sets
[2023-06-26T12:12:30.203+0000][gc,marking    ] GC(4) Concurrent Rebuild Remembered Sets 2.287ms
[2023-06-26T12:12:30.203+0000][gc,start      ] GC(4) Pause Cleanup
[2023-06-26T12:12:30.203+0000][gc            ] GC(4) Pause Cleanup 141M->141M(1024M) 0.158ms
[2023-06-26T12:12:30.203+0000][gc,cpu        ] GC(4) User=0.01s Sys=0.00s Real=0.00s
[2023-06-26T12:12:30.203+0000][gc,marking    ] GC(4) Concurrent Cleanup for Next Mark
[2023-06-26T12:12:30.208+0000][gc,marking    ] GC(4) Concurrent Cleanup for Next Mark 4.978ms
[2023-06-26T12:12:30.208+0000][gc            ] GC(4) Concurrent Cycle 16.261ms
[2023-06-26T12:12:30.571+0000][gc,start      ] GC(5) Pause Young (Normal) (G1 Evacuation Pause)
[2023-06-26T12:12:30.571+0000][gc,task       ] GC(5) Using 8 workers of 8 for evacuation
[2023-06-26T12:12:30.576+0000][gc,phases     ] GC(5)   Pre Evacuate Collection Set: 0.1ms
[2023-06-26T12:12:30.576+0000][gc,phases     ] GC(5)   Evacuate Collection Set: 3.5ms
[2023-06-26T12:12:30.576+0000][gc,phases     ] GC(5)   Post Evacuate Collection Set: 0.5ms
[2023-06-26T12:12:30.576+0000][gc,phases     ] GC(5)   Other: 0.1ms
[2023-06-26T12:12:30.576+0000][gc,heap       ] GC(5) Eden regions: 47->0(44)
[2023-06-26T12:12:30.576+0000][gc,heap       ] GC(5) Survivor regions: 4->7(7)
[2023-06-26T12:12:30.576+0000][gc,heap       ] GC(5) Old regions: 9->9
[2023-06-26T12:12:30.576+0000][gc,heap       ] GC(5) Humongous regions: 129->129
[2023-06-26T12:12:30.576+0000][gc,metaspace  ] GC(5) Metaspace: 36384K(37888K)->36384K(37888K) NonClass: 32022K(32768K)->32022K(32768K) Class: 4362K(5120K)->4362K(5120K)
[2023-06-26T12:12:30.576+0000][gc            ] GC(5) Pause Young (Normal) (G1 Evacuation Pause) 186M->143M(1024M) 4.209ms
[2023-06-26T12:12:30.576+0000][gc,cpu        ] GC(5) User=0.03s Sys=0.00s Real=0.00s
[2023-06-26T12:16:00.789+0000][gc,start      ] GC(6) Pause Young (Normal) (G1 Evacuation Pause)
[2023-06-26T12:16:00.790+0000][gc,task       ] GC(6) Using 8 workers of 8 for evacuation
[2023-06-26T12:16:00.812+0000][gc,mmu        ] GC(6) MMU target violated: 21.0ms (20.0ms/21.0ms)
[2023-06-26T12:16:00.812+0000][gc,phases     ] GC(6)   Pre Evacuate Collection Set: 0.1ms
[2023-06-26T12:16:00.812+0000][gc,phases     ] GC(6)   Evacuate Collection Set: 21.6ms
[2023-06-26T12:16:00.812+0000][gc,phases     ] GC(6)   Post Evacuate Collection Set: 0.7ms
[2023-06-26T12:16:00.812+0000][gc,phases     ] GC(6)   Other: 0.2ms
[2023-06-26T12:16:00.812+0000][gc,heap       ] GC(6) Eden regions: 44->0(48)
[2023-06-26T12:16:00.812+0000][gc,heap       ] GC(6) Survivor regions: 7->3(7)
[2023-06-26T12:16:00.812+0000][gc,heap       ] GC(6) Old regions: 9->16
[2023-06-26T12:16:00.812+0000][gc,heap       ] GC(6) Humongous regions: 141->129
[2023-06-26T12:16:00.812+0000][gc,metaspace  ] GC(6) Metaspace: 42578K(45184K)->42578K(45184K) NonClass: 37051K(38400K)->37051K(38400K) Class: 5527K(6784K)->5527K(6784K)
[2023-06-26T12:16:00.812+0000][gc            ] GC(6) Pause Young (Normal) (G1 Evacuation Pause) 199M->145M(1024M) 22.640ms
[2023-06-26T12:16:00.812+0000][gc,cpu        ] GC(6) User=0.03s Sys=0.00s Real=0.03s
[2023-06-26T12:29:31.801+0000][gc,start      ] GC(7) Pause Young (Normal) (G1 Evacuation Pause)
[2023-06-26T12:29:31.801+0000][gc,task       ] GC(7) Using 8 workers of 8 for evacuation
[2023-06-26T12:29:31.808+0000][gc,phases     ] GC(7)   Pre Evacuate Collection Set: 0.1ms
[2023-06-26T12:29:31.808+0000][gc,phases     ] GC(7)   Evacuate Collection Set: 6.1ms
[2023-06-26T12:29:31.808+0000][gc,phases     ] GC(7)   Post Evacuate Collection Set: 0.5ms
[2023-06-26T12:29:31.808+0000][gc,phases     ] GC(7)   Other: 0.2ms
[2023-06-26T12:29:31.808+0000][gc,heap       ] GC(7) Eden regions: 48->0(46)
[2023-06-26T12:29:31.808+0000][gc,heap       ] GC(7) Survivor regions: 3->5(7)
[2023-06-26T12:29:31.808+0000][gc,heap       ] GC(7) Old regions: 16->16
[2023-06-26T12:29:31.808+0000][gc,heap       ] GC(7) Humongous regions: 129->129
[2023-06-26T12:29:31.808+0000][gc,metaspace  ] GC(7) Metaspace: 43358K(46080K)->43358K(46080K) NonClass: 37795K(39168K)->37795K(39168K) Class: 5562K(6912K)->5562K(6912K)
[2023-06-26T12:29:31.808+0000][gc            ] GC(7) Pause Young (Normal) (G1 Evacuation Pause) 193M->147M(1024M) 6.914ms
[2023-06-26T12:29:31.808+0000][gc,cpu        ] GC(7) User=0.02s Sys=0.00s Real=0.01s
[2023-06-26T12:40:58.965+0000][gc,start      ] GC(8) Pause Young (Normal) (G1 Evacuation Pause)
[2023-06-26T12:40:58.965+0000][gc,task       ] GC(8) Using 8 workers of 8 for evacuation
[2023-06-26T12:40:58.979+0000][gc,phases     ] GC(8)   Pre Evacuate Collection Set: 0.1ms
[2023-06-26T12:40:58.979+0000][gc,phases     ] GC(8)   Evacuate Collection Set: 13.2ms
[2023-06-26T12:40:58.979+0000][gc,phases     ] GC(8)   Post Evacuate Collection Set: 0.7ms
[2023-06-26T12:40:58.979+0000][gc,phases     ] GC(8)   Other: 0.2ms
[2023-06-26T12:40:58.979+0000][gc,heap       ] GC(8) Eden regions: 46->0(48)
[2023-06-26T12:40:58.979+0000][gc,heap       ] GC(8) Survivor regions: 5->3(7)
[2023-06-26T12:40:58.979+0000][gc,heap       ] GC(8) Old regions: 16->18
[2023-06-26T12:40:58.979+0000][gc,heap       ] GC(8) Humongous regions: 129->129
[2023-06-26T12:40:58.979+0000][gc,metaspace  ] GC(8) Metaspace: 44184K(47104K)->44184K(47104K) NonClass: 38418K(39936K)->38418K(39936K) Class: 5765K(7168K)->5765K(7168K)
[2023-06-26T12:40:58.979+0000][gc            ] GC(8) Pause Young (Normal) (G1 Evacuation Pause) 193M->146M(1024M) 14.248ms
[2023-06-26T12:40:58.979+0000][gc,cpu        ] GC(8) User=0.04s Sys=0.00s Real=0.01s
[2023-06-26T12:40:58.984+0000][gc,heap,exit  ] Heap
[2023-06-26T12:40:58.984+0000][gc,heap,exit  ]  garbage-first heap   total 1048576K, used 150471K [0x00000000c0000000, 0x0000000100000000)
[2023-06-26T12:40:58.984+0000][gc,heap,exit  ]   region size 1024K, 4 young (4096K), 3 survivors (3072K)
[2023-06-26T12:40:58.984+0000][gc,heap,exit  ]  Metaspace       used 44217K, capacity 46964K, committed 47104K, reserved 1089536K
[2023-06-26T12:40:58.984+0000][gc,heap,exit  ]   class space    used 5777K, capacity 7143K, committed 7168K, reserved 1048576K
