[2023-07-11T09:31:02.500+0000][gc,heap] Heap region size: 1M
[2023-07-11T09:31:02.510+0000][gc     ] Using G1
[2023-07-11T09:31:02.510+0000][gc,heap,coops] Heap address: 0x00000000c0000000, size: 1024 MB, Compressed Oops mode: 32-bit
[2023-07-11T09:31:02.510+0000][gc,cds       ] Mark closed archive regions in map: [0x00000000fff00000, 0x00000000fff6aff8]
[2023-07-11T09:31:02.510+0000][gc,cds       ] Mark open archive regions in map: [0x00000000ffe00000, 0x00000000ffe46ff8]
[2023-07-11T09:31:03.232+0000][gc,start     ] GC(0) Pause Young (Normal) (G1 Evacuation Pause)
[2023-07-11T09:31:03.232+0000][gc,task      ] GC(0) Using 8 workers of 8 for evacuation
[2023-07-11T09:31:03.239+0000][gc,phases    ] GC(0)   Pre Evacuate Collection Set: 0.0ms
[2023-07-11T09:31:03.239+0000][gc,phases    ] GC(0)   Evacuate Collection Set: 5.8ms
[2023-07-11T09:31:03.239+0000][gc,phases    ] GC(0)   Post Evacuate Collection Set: 0.4ms
[2023-07-11T09:31:03.239+0000][gc,phases    ] GC(0)   Other: 0.7ms
[2023-07-11T09:31:03.239+0000][gc,heap      ] GC(0) Eden regions: 51->0(44)
[2023-07-11T09:31:03.239+0000][gc,heap      ] GC(0) Survivor regions: 0->7(7)
[2023-07-11T09:31:03.239+0000][gc,heap      ] GC(0) Old regions: 2->2
[2023-07-11T09:31:03.239+0000][gc,heap      ] GC(0) Humongous regions: 0->0
[2023-07-11T09:31:03.239+0000][gc,metaspace ] GC(0) Metaspace: 14317K(15104K)->14317K(15104K) NonClass: 12528K(13056K)->12528K(13056K) Class: 1789K(2048K)->1789K(2048K)
[2023-07-11T09:31:03.239+0000][gc           ] GC(0) Pause Young (Normal) (G1 Evacuation Pause) 51M->7M(1024M) 6.990ms
[2023-07-11T09:31:03.239+0000][gc,cpu       ] GC(0) User=0.04s Sys=0.00s Real=0.00s
[2023-07-11T09:31:03.582+0000][gc,start     ] GC(1) Pause Young (Concurrent Start) (Metadata GC Threshold)
[2023-07-11T09:31:03.582+0000][gc,task      ] GC(1) Using 8 workers of 8 for evacuation
[2023-07-11T09:31:03.600+0000][gc,phases    ] GC(1)   Pre Evacuate Collection Set: 0.1ms
[2023-07-11T09:31:03.600+0000][gc,phases    ] GC(1)   Evacuate Collection Set: 17.1ms
[2023-07-11T09:31:03.600+0000][gc,phases    ] GC(1)   Post Evacuate Collection Set: 0.5ms
[2023-07-11T09:31:03.600+0000][gc,phases    ] GC(1)   Other: 0.3ms
[2023-07-11T09:31:03.600+0000][gc,heap      ] GC(1) Eden regions: 30->0(49)
[2023-07-11T09:31:03.600+0000][gc,heap      ] GC(1) Survivor regions: 7->2(7)
[2023-07-11T09:31:03.600+0000][gc,heap      ] GC(1) Old regions: 2->9
[2023-07-11T09:31:03.600+0000][gc,heap      ] GC(1) Humongous regions: 0->0
[2023-07-11T09:31:03.600+0000][gc,metaspace ] GC(1) Metaspace: 20608K(21248K)->20608K(21248K) NonClass: 18085K(18432K)->18085K(18432K) Class: 2523K(2816K)->2523K(2816K)
[2023-07-11T09:31:03.600+0000][gc           ] GC(1) Pause Young (Concurrent Start) (Metadata GC Threshold) 36M->8M(1024M) 18.062ms
[2023-07-11T09:31:03.600+0000][gc,cpu       ] GC(1) User=0.05s Sys=0.01s Real=0.01s
[2023-07-11T09:31:03.600+0000][gc           ] GC(2) Concurrent Cycle
[2023-07-11T09:31:03.600+0000][gc,marking   ] GC(2) Concurrent Clear Claimed Marks
[2023-07-11T09:31:03.600+0000][gc,marking   ] GC(2) Concurrent Clear Claimed Marks 0.024ms
[2023-07-11T09:31:03.600+0000][gc,marking   ] GC(2) Concurrent Scan Root Regions
[2023-07-11T09:31:03.601+0000][gc,marking   ] GC(2) Concurrent Scan Root Regions 0.833ms
[2023-07-11T09:31:03.601+0000][gc,marking   ] GC(2) Concurrent Mark (1.104s)
[2023-07-11T09:31:03.601+0000][gc,marking   ] GC(2) Concurrent Mark From Roots
[2023-07-11T09:31:03.601+0000][gc,task      ] GC(2) Using 2 workers of 2 for marking
[2023-07-11T09:31:03.609+0000][gc,marking   ] GC(2) Concurrent Mark From Roots 7.722ms
[2023-07-11T09:31:03.609+0000][gc,marking   ] GC(2) Concurrent Preclean
[2023-07-11T09:31:03.609+0000][gc,marking   ] GC(2) Concurrent Preclean 0.157ms
[2023-07-11T09:31:03.609+0000][gc,marking   ] GC(2) Concurrent Mark (1.104s, 1.112s) 7.902ms
[2023-07-11T09:31:03.609+0000][gc,start     ] GC(2) Pause Remark
[2023-07-11T09:31:03.611+0000][gc,stringtable] GC(2) Cleaned string and symbol table, strings: 5134 processed, 0 removed, symbols: 52351 processed, 42 removed
[2023-07-11T09:31:03.611+0000][gc            ] GC(2) Pause Remark 9M->9M(1024M) 1.927ms
[2023-07-11T09:31:03.611+0000][gc,cpu        ] GC(2) User=0.01s Sys=0.00s Real=0.01s
[2023-07-11T09:31:03.611+0000][gc,marking    ] GC(2) Concurrent Rebuild Remembered Sets
[2023-07-11T09:31:03.614+0000][gc,marking    ] GC(2) Concurrent Rebuild Remembered Sets 2.742ms
[2023-07-11T09:31:03.614+0000][gc,start      ] GC(2) Pause Cleanup
[2023-07-11T09:31:03.614+0000][gc            ] GC(2) Pause Cleanup 9M->9M(1024M) 0.289ms
[2023-07-11T09:31:03.614+0000][gc,cpu        ] GC(2) User=0.00s Sys=0.00s Real=0.00s
[2023-07-11T09:31:03.614+0000][gc,marking    ] GC(2) Concurrent Cleanup for Next Mark
[2023-07-11T09:31:03.621+0000][gc,marking    ] GC(2) Concurrent Cleanup for Next Mark 6.562ms
[2023-07-11T09:31:03.621+0000][gc            ] GC(2) Concurrent Cycle 20.810ms
[2023-07-11T09:31:04.252+0000][gc,start      ] GC(3) Pause Young (Concurrent Start) (G1 Evacuation Pause)
[2023-07-11T09:31:04.252+0000][gc,task       ] GC(3) Using 8 workers of 8 for evacuation
[2023-07-11T09:31:04.256+0000][gc,phases     ] GC(3)   Pre Evacuate Collection Set: 0.1ms
[2023-07-11T09:31:04.256+0000][gc,phases     ] GC(3)   Evacuate Collection Set: 3.1ms
[2023-07-11T09:31:04.256+0000][gc,phases     ] GC(3)   Post Evacuate Collection Set: 0.5ms
[2023-07-11T09:31:04.256+0000][gc,phases     ] GC(3)   Other: 0.3ms
[2023-07-11T09:31:04.256+0000][gc,heap       ] GC(3) Eden regions: 49->0(47)
[2023-07-11T09:31:04.256+0000][gc,heap       ] GC(3) Survivor regions: 2->4(7)
[2023-07-11T09:31:04.256+0000][gc,heap       ] GC(3) Old regions: 9->9
[2023-07-11T09:31:04.256+0000][gc,heap       ] GC(3) Humongous regions: 129->129
[2023-07-11T09:31:04.256+0000][gc,metaspace  ] GC(3) Metaspace: 28794K(29952K)->28794K(29952K) NonClass: 25417K(26112K)->25417K(26112K) Class: 3377K(3840K)->3377K(3840K)
[2023-07-11T09:31:04.256+0000][gc            ] GC(3) Pause Young (Concurrent Start) (G1 Evacuation Pause) 186M->139M(1024M) 4.094ms
[2023-07-11T09:31:04.256+0000][gc,cpu        ] GC(3) User=0.02s Sys=0.00s Real=0.00s
[2023-07-11T09:31:04.256+0000][gc            ] GC(4) Concurrent Cycle
[2023-07-11T09:31:04.256+0000][gc,marking    ] GC(4) Concurrent Clear Claimed Marks
[2023-07-11T09:31:04.256+0000][gc,marking    ] GC(4) Concurrent Clear Claimed Marks 0.029ms
[2023-07-11T09:31:04.256+0000][gc,marking    ] GC(4) Concurrent Scan Root Regions
[2023-07-11T09:31:04.258+0000][gc,marking    ] GC(4) Concurrent Scan Root Regions 1.474ms
[2023-07-11T09:31:04.258+0000][gc,marking    ] GC(4) Concurrent Mark (1.761s)
[2023-07-11T09:31:04.258+0000][gc,marking    ] GC(4) Concurrent Mark From Roots
[2023-07-11T09:31:04.258+0000][gc,task       ] GC(4) Using 2 workers of 2 for marking
[2023-07-11T09:31:04.264+0000][gc,marking    ] GC(4) Concurrent Mark From Roots 6.511ms
[2023-07-11T09:31:04.264+0000][gc,marking    ] GC(4) Concurrent Preclean
[2023-07-11T09:31:04.265+0000][gc,marking    ] GC(4) Concurrent Preclean 0.154ms
[2023-07-11T09:31:04.265+0000][gc,marking    ] GC(4) Concurrent Mark (1.761s, 1.768s) 6.718ms
[2023-07-11T09:31:04.265+0000][gc,start      ] GC(4) Pause Remark
[2023-07-11T09:31:04.267+0000][gc,stringtable] GC(4) Cleaned string and symbol table, strings: 7338 processed, 13 removed, symbols: 66179 processed, 9 removed
[2023-07-11T09:31:04.267+0000][gc            ] GC(4) Pause Remark 141M->141M(1024M) 2.098ms
[2023-07-11T09:31:04.267+0000][gc,cpu        ] GC(4) User=0.01s Sys=0.00s Real=0.00s
[2023-07-11T09:31:04.267+0000][gc,marking    ] GC(4) Concurrent Rebuild Remembered Sets
[2023-07-11T09:31:04.269+0000][gc,marking    ] GC(4) Concurrent Rebuild Remembered Sets 2.607ms
[2023-07-11T09:31:04.270+0000][gc,start      ] GC(4) Pause Cleanup
[2023-07-11T09:31:04.270+0000][gc            ] GC(4) Pause Cleanup 141M->141M(1024M) 0.278ms
[2023-07-11T09:31:04.270+0000][gc,cpu        ] GC(4) User=0.00s Sys=0.00s Real=0.01s
[2023-07-11T09:31:04.270+0000][gc,marking    ] GC(4) Concurrent Cleanup for Next Mark
[2023-07-11T09:31:04.282+0000][gc,marking    ] GC(4) Concurrent Cleanup for Next Mark 11.770ms
[2023-07-11T09:31:04.282+0000][gc            ] GC(4) Concurrent Cycle 25.492ms
[2023-07-11T09:31:04.661+0000][gc,start      ] GC(5) Pause Young (Normal) (G1 Evacuation Pause)
[2023-07-11T09:31:04.661+0000][gc,task       ] GC(5) Using 8 workers of 8 for evacuation
[2023-07-11T09:31:04.668+0000][gc,phases     ] GC(5)   Pre Evacuate Collection Set: 0.1ms
[2023-07-11T09:31:04.668+0000][gc,phases     ] GC(5)   Evacuate Collection Set: 5.9ms
[2023-07-11T09:31:04.668+0000][gc,phases     ] GC(5)   Post Evacuate Collection Set: 0.6ms
[2023-07-11T09:31:04.668+0000][gc,phases     ] GC(5)   Other: 0.2ms
[2023-07-11T09:31:04.668+0000][gc,heap       ] GC(5) Eden regions: 47->0(44)
[2023-07-11T09:31:04.668+0000][gc,heap       ] GC(5) Survivor regions: 4->7(7)
[2023-07-11T09:31:04.668+0000][gc,heap       ] GC(5) Old regions: 9->9
[2023-07-11T09:31:04.668+0000][gc,heap       ] GC(5) Humongous regions: 129->129
[2023-07-11T09:31:04.668+0000][gc,metaspace  ] GC(5) Metaspace: 36462K(38144K)->36462K(38144K) NonClass: 32113K(33024K)->32113K(33024K) Class: 4349K(5120K)->4349K(5120K)
[2023-07-11T09:31:04.668+0000][gc            ] GC(5) Pause Young (Normal) (G1 Evacuation Pause) 186M->143M(1024M) 6.779ms
[2023-07-11T09:31:04.668+0000][gc,cpu        ] GC(5) User=0.04s Sys=0.00s Real=0.01s
[2023-07-11T09:33:49.084+0000][gc,start      ] GC(6) Pause Young (Normal) (G1 Evacuation Pause)
[2023-07-11T09:33:49.084+0000][gc,task       ] GC(6) Using 8 workers of 8 for evacuation
[2023-07-11T09:33:49.097+0000][gc,phases     ] GC(6)   Pre Evacuate Collection Set: 0.1ms
[2023-07-11T09:33:49.097+0000][gc,phases     ] GC(6)   Evacuate Collection Set: 12.0ms
[2023-07-11T09:33:49.097+0000][gc,phases     ] GC(6)   Post Evacuate Collection Set: 0.7ms
[2023-07-11T09:33:49.097+0000][gc,phases     ] GC(6)   Other: 0.2ms
[2023-07-11T09:33:49.097+0000][gc,heap       ] GC(6) Eden regions: 44->0(48)
[2023-07-11T09:33:49.097+0000][gc,heap       ] GC(6) Survivor regions: 7->3(7)
[2023-07-11T09:33:49.097+0000][gc,heap       ] GC(6) Old regions: 9->16
[2023-07-11T09:33:49.097+0000][gc,heap       ] GC(6) Humongous regions: 159->129
[2023-07-11T09:33:49.097+0000][gc,metaspace  ] GC(6) Metaspace: 42713K(45312K)->42713K(45312K) NonClass: 37144K(38400K)->37144K(38400K) Class: 5568K(6912K)->5568K(6912K)
[2023-07-11T09:33:49.097+0000][gc            ] GC(6) Pause Young (Normal) (G1 Evacuation Pause) 217M->145M(1024M) 13.002ms
[2023-07-11T09:33:49.097+0000][gc,cpu        ] GC(6) User=0.04s Sys=0.00s Real=0.01s
[2023-07-11T09:50:33.005+0000][gc,heap,exit  ] Heap
[2023-07-11T09:50:33.005+0000][gc,heap,exit  ]  garbage-first heap   total 1048576K, used 183753K [0x00000000c0000000, 0x0000000100000000)
[2023-07-11T09:50:33.005+0000][gc,heap,exit  ]   region size 1024K, 39 young (39936K), 3 survivors (3072K)
[2023-07-11T09:50:33.005+0000][gc,heap,exit  ]  Metaspace       used 44020K, capacity 46882K, committed 47104K, reserved 1089536K
[2023-07-11T09:50:33.005+0000][gc,heap,exit  ]   class space    used 5895K, capacity 7347K, committed 7424K, reserved 1048576K
