[2022-10-06T14:18:42.749+0000][gc,heap] Heap region size: 1M
[2022-10-06T14:18:42.757+0000][gc     ] Using G1
[2022-10-06T14:18:42.757+0000][gc,heap,coops] Heap address: 0x00000000c0000000, size: 1024 MB, Compressed Oops mode: 32-bit
[2022-10-06T14:18:42.758+0000][gc,cds       ] Mark closed archive regions in map: [0x00000000fff00000, 0x00000000fff6aff8]
[2022-10-06T14:18:42.758+0000][gc,cds       ] Mark open archive regions in map: [0x00000000ffe00000, 0x00000000ffe47ff8]
[2022-10-06T14:18:43.493+0000][gc,start     ] GC(0) Pause Young (Normal) (G1 Evacuation Pause)
[2022-10-06T14:18:43.494+0000][gc,task      ] GC(0) Using 8 workers of 8 for evacuation
[2022-10-06T14:18:43.501+0000][gc,phases    ] GC(0)   Pre Evacuate Collection Set: 0.2ms
[2022-10-06T14:18:43.501+0000][gc,phases    ] GC(0)   Evacuate Collection Set: 6.7ms
[2022-10-06T14:18:43.501+0000][gc,phases    ] GC(0)   Post Evacuate Collection Set: 0.4ms
[2022-10-06T14:18:43.501+0000][gc,phases    ] GC(0)   Other: 0.8ms
[2022-10-06T14:18:43.501+0000][gc,heap      ] GC(0) Eden regions: 51->0(44)
[2022-10-06T14:18:43.501+0000][gc,heap      ] GC(0) Survivor regions: 0->7(7)
[2022-10-06T14:18:43.501+0000][gc,heap      ] GC(0) Old regions: 2->2
[2022-10-06T14:18:43.501+0000][gc,heap      ] GC(0) Humongous regions: 0->0
[2022-10-06T14:18:43.501+0000][gc,metaspace ] GC(0) Metaspace: 14190K->14190K(1062912K)
[2022-10-06T14:18:43.501+0000][gc           ] GC(0) Pause Young (Normal) (G1 Evacuation Pause) 51M->7M(1024M) 8.207ms
[2022-10-06T14:18:43.501+0000][gc,cpu       ] GC(0) User=0.05s Sys=0.00s Real=0.00s
[2022-10-06T14:18:43.819+0000][gc,start     ] GC(1) Pause Young (Concurrent Start) (Metadata GC Threshold)
[2022-10-06T14:18:43.819+0000][gc,task      ] GC(1) Using 8 workers of 8 for evacuation
[2022-10-06T14:18:43.828+0000][gc,phases    ] GC(1)   Pre Evacuate Collection Set: 0.1ms
[2022-10-06T14:18:43.828+0000][gc,phases    ] GC(1)   Evacuate Collection Set: 9.0ms
[2022-10-06T14:18:43.828+0000][gc,phases    ] GC(1)   Post Evacuate Collection Set: 0.4ms
[2022-10-06T14:18:43.828+0000][gc,phases    ] GC(1)   Other: 0.2ms
[2022-10-06T14:18:43.828+0000][gc,heap      ] GC(1) Eden regions: 30->0(49)
[2022-10-06T14:18:43.828+0000][gc,heap      ] GC(1) Survivor regions: 7->2(7)
[2022-10-06T14:18:43.828+0000][gc,heap      ] GC(1) Old regions: 2->9
[2022-10-06T14:18:43.828+0000][gc,heap      ] GC(1) Humongous regions: 0->0
[2022-10-06T14:18:43.828+0000][gc,metaspace ] GC(1) Metaspace: 20627K->20627K(1067008K)
[2022-10-06T14:18:43.829+0000][gc           ] GC(1) Pause Young (Concurrent Start) (Metadata GC Threshold) 37M->8M(1024M) 9.730ms
[2022-10-06T14:18:43.829+0000][gc,cpu       ] GC(1) User=0.04s Sys=0.00s Real=0.01s
[2022-10-06T14:18:43.829+0000][gc           ] GC(2) Concurrent Cycle
[2022-10-06T14:18:43.829+0000][gc,marking   ] GC(2) Concurrent Clear Claimed Marks
[2022-10-06T14:18:43.829+0000][gc,marking   ] GC(2) Concurrent Clear Claimed Marks 0.021ms
[2022-10-06T14:18:43.829+0000][gc,marking   ] GC(2) Concurrent Scan Root Regions
[2022-10-06T14:18:43.829+0000][gc,marking   ] GC(2) Concurrent Scan Root Regions 0.871ms
[2022-10-06T14:18:43.829+0000][gc,marking   ] GC(2) Concurrent Mark (1.083s)
[2022-10-06T14:18:43.829+0000][gc,marking   ] GC(2) Concurrent Mark From Roots
[2022-10-06T14:18:43.829+0000][gc,task      ] GC(2) Using 2 workers of 2 for marking
[2022-10-06T14:18:43.834+0000][gc,marking   ] GC(2) Concurrent Mark From Roots 4.535ms
[2022-10-06T14:18:43.834+0000][gc,marking   ] GC(2) Concurrent Preclean
[2022-10-06T14:18:43.834+0000][gc,marking   ] GC(2) Concurrent Preclean 0.093ms
[2022-10-06T14:18:43.834+0000][gc,marking   ] GC(2) Concurrent Mark (1.083s, 1.088s) 4.653ms
[2022-10-06T14:18:43.834+0000][gc,start     ] GC(2) Pause Remark
[2022-10-06T14:18:43.837+0000][gc,stringtable] GC(2) Cleaned string and symbol table, strings: 5132 processed, 0 removed, symbols: 52334 processed, 42 removed
[2022-10-06T14:18:43.837+0000][gc            ] GC(2) Pause Remark 8M->8M(1024M) 2.757ms
[2022-10-06T14:18:43.837+0000][gc,cpu        ] GC(2) User=0.01s Sys=0.00s Real=0.00s
[2022-10-06T14:18:43.837+0000][gc,marking    ] GC(2) Concurrent Rebuild Remembered Sets
[2022-10-06T14:18:43.839+0000][gc,marking    ] GC(2) Concurrent Rebuild Remembered Sets 2.290ms
[2022-10-06T14:18:43.839+0000][gc,start      ] GC(2) Pause Cleanup
[2022-10-06T14:18:43.840+0000][gc            ] GC(2) Pause Cleanup 9M->9M(1024M) 0.178ms
[2022-10-06T14:18:43.840+0000][gc,cpu        ] GC(2) User=0.00s Sys=0.00s Real=0.00s
[2022-10-06T14:18:43.840+0000][gc,marking    ] GC(2) Concurrent Cleanup for Next Mark
[2022-10-06T14:18:43.845+0000][gc,marking    ] GC(2) Concurrent Cleanup for Next Mark 5.225ms
[2022-10-06T14:18:43.845+0000][gc            ] GC(2) Concurrent Cycle 16.375ms
[2022-10-06T14:18:44.443+0000][gc,start      ] GC(3) Pause Young (Normal) (G1 Evacuation Pause)
[2022-10-06T14:18:44.443+0000][gc,task       ] GC(3) Using 8 workers of 8 for evacuation
[2022-10-06T14:18:44.445+0000][gc,phases     ] GC(3)   Pre Evacuate Collection Set: 0.1ms
[2022-10-06T14:18:44.445+0000][gc,phases     ] GC(3)   Evacuate Collection Set: 2.0ms
[2022-10-06T14:18:44.445+0000][gc,phases     ] GC(3)   Post Evacuate Collection Set: 0.3ms
[2022-10-06T14:18:44.445+0000][gc,phases     ] GC(3)   Other: 0.2ms
[2022-10-06T14:18:44.445+0000][gc,heap       ] GC(3) Eden regions: 49->0(47)
[2022-10-06T14:18:44.445+0000][gc,heap       ] GC(3) Survivor regions: 2->4(7)
[2022-10-06T14:18:44.445+0000][gc,heap       ] GC(3) Old regions: 9->9
[2022-10-06T14:18:44.445+0000][gc,heap       ] GC(3) Humongous regions: 129->129
[2022-10-06T14:18:44.445+0000][gc,metaspace  ] GC(3) Metaspace: 28728K->28728K(1075200K)
[2022-10-06T14:18:44.445+0000][gc            ] GC(3) Pause Young (Normal) (G1 Evacuation Pause) 186M->139M(1024M) 2.643ms
[2022-10-06T14:18:44.445+0000][gc,cpu        ] GC(3) User=0.01s Sys=0.00s Real=0.01s
[2022-10-06T14:18:44.740+0000][gc,start      ] GC(4) Pause Young (Concurrent Start) (Metadata GC Threshold)
[2022-10-06T14:18:44.740+0000][gc,task       ] GC(4) Using 8 workers of 8 for evacuation
[2022-10-06T14:18:44.745+0000][gc,phases     ] GC(4)   Pre Evacuate Collection Set: 0.1ms
[2022-10-06T14:18:44.745+0000][gc,phases     ] GC(4)   Evacuate Collection Set: 4.5ms
[2022-10-06T14:18:44.745+0000][gc,phases     ] GC(4)   Post Evacuate Collection Set: 0.5ms
[2022-10-06T14:18:44.745+0000][gc,phases     ] GC(4)   Other: 0.2ms
[2022-10-06T14:18:44.745+0000][gc,heap       ] GC(4) Eden regions: 37->0(44)
[2022-10-06T14:18:44.745+0000][gc,heap       ] GC(4) Survivor regions: 4->7(7)
[2022-10-06T14:18:44.745+0000][gc,heap       ] GC(4) Old regions: 9->9
[2022-10-06T14:18:44.745+0000][gc,heap       ] GC(4) Humongous regions: 129->129
[2022-10-06T14:18:44.745+0000][gc,metaspace  ] GC(4) Metaspace: 34492K->34492K(1081344K)
[2022-10-06T14:18:44.745+0000][gc            ] GC(4) Pause Young (Concurrent Start) (Metadata GC Threshold) 175M->143M(1024M) 5.436ms
[2022-10-06T14:18:44.745+0000][gc,cpu        ] GC(4) User=0.02s Sys=0.00s Real=0.01s
[2022-10-06T14:18:44.745+0000][gc            ] GC(5) Concurrent Cycle
[2022-10-06T14:18:44.745+0000][gc,marking    ] GC(5) Concurrent Clear Claimed Marks
[2022-10-06T14:18:44.745+0000][gc,marking    ] GC(5) Concurrent Clear Claimed Marks 0.016ms
[2022-10-06T14:18:44.745+0000][gc,marking    ] GC(5) Concurrent Scan Root Regions
[2022-10-06T14:18:44.748+0000][gc,marking    ] GC(5) Concurrent Scan Root Regions 2.627ms
[2022-10-06T14:18:44.748+0000][gc,marking    ] GC(5) Concurrent Mark (2.002s)
[2022-10-06T14:18:44.748+0000][gc,marking    ] GC(5) Concurrent Mark From Roots
[2022-10-06T14:18:44.748+0000][gc,task       ] GC(5) Using 2 workers of 2 for marking
[2022-10-06T14:18:44.754+0000][gc,marking    ] GC(5) Concurrent Mark From Roots 5.726ms
[2022-10-06T14:18:44.754+0000][gc,marking    ] GC(5) Concurrent Preclean
[2022-10-06T14:18:44.754+0000][gc,marking    ] GC(5) Concurrent Preclean 0.100ms
[2022-10-06T14:18:44.754+0000][gc,marking    ] GC(5) Concurrent Mark (2.002s, 2.008s) 5.861ms
[2022-10-06T14:18:44.754+0000][gc,start      ] GC(5) Pause Remark
[2022-10-06T14:18:44.764+0000][gc,stringtable] GC(5) Cleaned string and symbol table, strings: 10492 processed, 12 removed, symbols: 82605 processed, 15 removed
[2022-10-06T14:18:44.764+0000][gc            ] GC(5) Pause Remark 144M->144M(1024M) 9.902ms
[2022-10-06T14:18:44.764+0000][gc,cpu        ] GC(5) User=0.05s Sys=0.00s Real=0.01s
[2022-10-06T14:18:44.764+0000][gc,marking    ] GC(5) Concurrent Rebuild Remembered Sets
[2022-10-06T14:18:44.766+0000][gc,marking    ] GC(5) Concurrent Rebuild Remembered Sets 2.204ms
[2022-10-06T14:18:44.766+0000][gc,start      ] GC(5) Pause Cleanup
[2022-10-06T14:18:44.766+0000][gc            ] GC(5) Pause Cleanup 144M->144M(1024M) 0.144ms
[2022-10-06T14:18:44.766+0000][gc,cpu        ] GC(5) User=0.00s Sys=0.00s Real=0.00s
[2022-10-06T14:18:44.766+0000][gc,marking    ] GC(5) Concurrent Cleanup for Next Mark
[2022-10-06T14:18:44.774+0000][gc,marking    ] GC(5) Concurrent Cleanup for Next Mark 7.079ms
[2022-10-06T14:18:44.774+0000][gc            ] GC(5) Concurrent Cycle 28.290ms
[2022-10-06T14:20:24.067+0000][gc,start      ] GC(6) Pause Young (Concurrent Start) (G1 Evacuation Pause)
[2022-10-06T14:20:24.067+0000][gc,task       ] GC(6) Using 8 workers of 8 for evacuation
[2022-10-06T14:20:24.080+0000][gc,phases     ] GC(6)   Pre Evacuate Collection Set: 0.2ms
[2022-10-06T14:20:24.080+0000][gc,phases     ] GC(6)   Evacuate Collection Set: 11.7ms
[2022-10-06T14:20:24.080+0000][gc,phases     ] GC(6)   Post Evacuate Collection Set: 0.6ms
[2022-10-06T14:20:24.080+0000][gc,phases     ] GC(6)   Other: 0.4ms
[2022-10-06T14:20:24.080+0000][gc,heap       ] GC(6) Eden regions: 44->0(45)
[2022-10-06T14:20:24.080+0000][gc,heap       ] GC(6) Survivor regions: 7->6(7)
[2022-10-06T14:20:24.080+0000][gc,heap       ] GC(6) Old regions: 9->12
[2022-10-06T14:20:24.080+0000][gc,heap       ] GC(6) Humongous regions: 201->129
[2022-10-06T14:20:24.080+0000][gc,metaspace  ] GC(6) Metaspace: 41271K->41271K(1087488K)
[2022-10-06T14:20:24.080+0000][gc            ] GC(6) Pause Young (Concurrent Start) (G1 Evacuation Pause) 259M->144M(1024M) 12.999ms
[2022-10-06T14:20:24.080+0000][gc,cpu        ] GC(6) User=0.03s Sys=0.00s Real=0.01s
[2022-10-06T14:20:24.080+0000][gc            ] GC(7) Concurrent Cycle
[2022-10-06T14:20:24.080+0000][gc,marking    ] GC(7) Concurrent Clear Claimed Marks
[2022-10-06T14:20:24.080+0000][gc,marking    ] GC(7) Concurrent Clear Claimed Marks 0.072ms
[2022-10-06T14:20:24.080+0000][gc,marking    ] GC(7) Concurrent Scan Root Regions
[2022-10-06T14:20:24.082+0000][gc,marking    ] GC(7) Concurrent Scan Root Regions 1.991ms
[2022-10-06T14:20:24.082+0000][gc,marking    ] GC(7) Concurrent Mark (101.336s)
[2022-10-06T14:20:24.082+0000][gc,marking    ] GC(7) Concurrent Mark From Roots
[2022-10-06T14:20:24.082+0000][gc,task       ] GC(7) Using 2 workers of 2 for marking
[2022-10-06T14:20:24.089+0000][gc,marking    ] GC(7) Concurrent Mark From Roots 6.672ms
[2022-10-06T14:20:24.089+0000][gc,marking    ] GC(7) Concurrent Preclean
[2022-10-06T14:20:24.089+0000][gc,marking    ] GC(7) Concurrent Preclean 0.113ms
[2022-10-06T14:20:24.089+0000][gc,marking    ] GC(7) Concurrent Mark (101.336s, 101.343s) 6.820ms
[2022-10-06T14:20:24.089+0000][gc,start      ] GC(7) Pause Remark
[2022-10-06T14:20:24.105+0000][gc,stringtable] GC(7) Cleaned string and symbol table, strings: 11652 processed, 0 removed, symbols: 91523 processed, 3 removed
[2022-10-06T14:20:24.105+0000][gc            ] GC(7) Pause Remark 145M->145M(1024M) 15.997ms
[2022-10-06T14:20:24.105+0000][gc,cpu        ] GC(7) User=0.06s Sys=0.01s Real=0.02s
[2022-10-06T14:20:24.105+0000][gc,marking    ] GC(7) Concurrent Rebuild Remembered Sets
[2022-10-06T14:20:24.109+0000][gc,marking    ] GC(7) Concurrent Rebuild Remembered Sets 3.806ms
[2022-10-06T14:20:24.109+0000][gc,start      ] GC(7) Pause Cleanup
[2022-10-06T14:20:24.109+0000][gc            ] GC(7) Pause Cleanup 145M->145M(1024M) 0.142ms
[2022-10-06T14:20:24.109+0000][gc,cpu        ] GC(7) User=0.00s Sys=0.00s Real=0.00s
[2022-10-06T14:20:24.109+0000][gc,marking    ] GC(7) Concurrent Cleanup for Next Mark
[2022-10-06T14:20:24.111+0000][gc,marking    ] GC(7) Concurrent Cleanup for Next Mark 1.828ms
[2022-10-06T14:20:24.111+0000][gc            ] GC(7) Concurrent Cycle 31.204ms
[2022-10-06T14:49:29.394+0000][gc,start      ] GC(8) Pause Young (Normal) (G1 Evacuation Pause)
[2022-10-06T14:49:29.395+0000][gc,task       ] GC(8) Using 8 workers of 8 for evacuation
[2022-10-06T14:49:29.416+0000][gc,mmu        ] GC(8) MMU target violated: 21.0ms (20.0ms/21.0ms)
[2022-10-06T14:49:29.416+0000][gc,phases     ] GC(8)   Pre Evacuate Collection Set: 0.5ms
[2022-10-06T14:49:29.416+0000][gc,phases     ] GC(8)   Evacuate Collection Set: 20.2ms
[2022-10-06T14:49:29.416+0000][gc,phases     ] GC(8)   Post Evacuate Collection Set: 0.5ms
[2022-10-06T14:49:29.416+0000][gc,phases     ] GC(8)   Other: 0.3ms
[2022-10-06T14:49:29.416+0000][gc,heap       ] GC(8) Eden regions: 45->0(48)
[2022-10-06T14:49:29.416+0000][gc,heap       ] GC(8) Survivor regions: 6->3(7)
[2022-10-06T14:49:29.416+0000][gc,heap       ] GC(8) Old regions: 12->15
[2022-10-06T14:49:29.416+0000][gc,heap       ] GC(8) Humongous regions: 129->129
[2022-10-06T14:49:29.416+0000][gc,metaspace  ] GC(8) Metaspace: 42514K->42514K(1087488K)
[2022-10-06T14:49:29.416+0000][gc            ] GC(8) Pause Young (Normal) (G1 Evacuation Pause) 189M->145M(1024M) 21.538ms
[2022-10-06T14:49:29.416+0000][gc,cpu        ] GC(8) User=0.05s Sys=0.00s Real=0.02s
[2022-10-06T14:50:14.830+0000][gc,heap,exit  ] Heap
[2022-10-06T14:50:14.830+0000][gc,heap,exit  ]  garbage-first heap   total 1048576K, used 161277K [0x00000000c0000000, 0x0000000100000000)
[2022-10-06T14:50:14.830+0000][gc,heap,exit  ]   region size 1024K, 16 young (16384K), 3 survivors (3072K)
[2022-10-06T14:50:14.830+0000][gc,heap,exit  ]  Metaspace       used 43306K, capacity 46000K, committed 46336K, reserved 1089536K
[2022-10-06T14:50:14.830+0000][gc,heap,exit  ]   class space    used 5746K, capacity 7083K, committed 7168K, reserved 1048576K
