[2023-08-18T07:44:26.164+0000][gc,heap] Heap region size: 1M
[2023-08-18T07:44:26.169+0000][gc     ] Using G1
[2023-08-18T07:44:26.169+0000][gc,heap,coops] Heap address: 0x00000000e0000000, size: 512 MB, Compressed Oops mode: 32-bit
[2023-08-18T07:44:26.169+0000][gc,cds       ] Mark closed archive regions in map: [0x00000000fff00000, 0x00000000fff6aff8]
[2023-08-18T07:44:26.169+0000][gc,cds       ] Mark open archive regions in map: [0x00000000ffe00000, 0x00000000ffe46ff8]
[2023-08-18T07:44:26.632+0000][gc,heap,exit ] Heap
[2023-08-18T07:44:26.632+0000][gc,heap,exit ]  garbage-first heap   total 524288K, used 24264K [0x00000000e0000000, 0x0000000100000000)
[2023-08-18T07:44:26.632+0000][gc,heap,exit ]   region size 1024K, 24 young (24576K), 0 survivors (0K)
[2023-08-18T07:44:26.632+0000][gc,heap,exit ]  Metaspace       used 7202K, capacity 7539K, committed 7680K, reserved 1056768K
[2023-08-18T07:44:26.632+0000][gc,heap,exit ]   class space    used 816K, capacity 924K, committed 1024K, reserved 1048576K
