[2023-06-26T11:58:04.473+0000][gc,heap] Heap region size: 1M
[2023-06-26T11:58:04.479+0000][gc     ] Using G1
[2023-06-26T11:58:04.479+0000][gc,heap,coops] Heap address: 0x00000000e0000000, size: 512 MB, Compressed Oops mode: 32-bit
[2023-06-26T11:58:04.479+0000][gc,cds       ] Mark closed archive regions in map: [0x00000000fff00000, 0x00000000fff6aff8]
[2023-06-26T11:58:04.479+0000][gc,cds       ] Mark open archive regions in map: [0x00000000ffe00000, 0x00000000ffe46ff8]
[2023-06-26T11:58:04.924+0000][gc,start     ] GC(0) Pause Young (Normal) (G1 Evacuation Pause)
[2023-06-26T11:58:04.925+0000][gc,task      ] GC(0) Using 8 workers of 8 for evacuation
[2023-06-26T11:58:04.930+0000][gc,phases    ] GC(0)   Pre Evacuate Collection Set: 0.0ms
[2023-06-26T11:58:04.930+0000][gc,phases    ] GC(0)   Evacuate Collection Set: 5.1ms
[2023-06-26T11:58:04.930+0000][gc,phases    ] GC(0)   Post Evacuate Collection Set: 0.3ms
[2023-06-26T11:58:04.930+0000][gc,phases    ] GC(0)   Other: 0.7ms
[2023-06-26T11:58:04.930+0000][gc,heap      ] GC(0) Eden regions: 25->0(21)
[2023-06-26T11:58:04.930+0000][gc,heap      ] GC(0) Survivor regions: 0->4(4)
[2023-06-26T11:58:04.930+0000][gc,heap      ] GC(0) Old regions: 2->5
[2023-06-26T11:58:04.930+0000][gc,heap      ] GC(0) Humongous regions: 0->0
[2023-06-26T11:58:04.930+0000][gc,metaspace ] GC(0) Metaspace: 7383K(7936K)->7383K(7936K) NonClass: 6555K(6912K)->6555K(6912K) Class: 827K(1024K)->827K(1024K)
[2023-06-26T11:58:04.930+0000][gc           ] GC(0) Pause Young (Normal) (G1 Evacuation Pause) 25M->7M(512M) 6.119ms
[2023-06-26T11:58:04.930+0000][gc,cpu       ] GC(0) User=0.02s Sys=0.02s Real=0.01s
[2023-06-27T08:10:49.262+0000][gc,start     ] GC(1) Pause Young (Normal) (G1 Evacuation Pause)
[2023-06-27T08:10:49.262+0000][gc,task      ] GC(1) Using 8 workers of 8 for evacuation
[2023-06-27T08:10:49.281+0000][gc,phases    ] GC(1)   Pre Evacuate Collection Set: 0.0ms
[2023-06-27T08:10:49.281+0000][gc,phases    ] GC(1)   Evacuate Collection Set: 18.3ms
[2023-06-27T08:10:49.281+0000][gc,phases    ] GC(1)   Post Evacuate Collection Set: 0.4ms
[2023-06-27T08:10:49.281+0000][gc,phases    ] GC(1)   Other: 0.2ms
[2023-06-27T08:10:49.281+0000][gc,heap      ] GC(1) Eden regions: 21->0(24)
[2023-06-27T08:10:49.281+0000][gc,heap      ] GC(1) Survivor regions: 4->1(4)
[2023-06-27T08:10:49.281+0000][gc,heap      ] GC(1) Old regions: 5->9
[2023-06-27T08:10:49.281+0000][gc,heap      ] GC(1) Humongous regions: 0->0
[2023-06-27T08:10:49.281+0000][gc,metaspace ] GC(1) Metaspace: 9326K(9856K)->9326K(9856K) NonClass: 8349K(8704K)->8349K(8704K) Class: 976K(1152K)->976K(1152K)
[2023-06-27T08:10:49.281+0000][gc           ] GC(1) Pause Young (Normal) (G1 Evacuation Pause) 28M->8M(512M) 18.886ms
[2023-06-27T08:10:49.281+0000][gc,cpu       ] GC(1) User=0.04s Sys=0.01s Real=0.01s
[2023-07-11T10:07:42.443+0000][gc,start     ] GC(2) Pause Young (Normal) (G1 Evacuation Pause)
[2023-07-11T10:07:42.443+0000][gc,task      ] GC(2) Using 8 workers of 8 for evacuation
[2023-07-11T10:07:42.452+0000][gc,phases    ] GC(2)   Pre Evacuate Collection Set: 0.0ms
[2023-07-11T10:07:42.452+0000][gc,phases    ] GC(2)   Evacuate Collection Set: 6.3ms
[2023-07-11T10:07:42.452+0000][gc,phases    ] GC(2)   Post Evacuate Collection Set: 3.0ms
[2023-07-11T10:07:42.452+0000][gc,phases    ] GC(2)   Other: 0.2ms
[2023-07-11T10:07:42.452+0000][gc,heap      ] GC(2) Eden regions: 24->0(24)
[2023-07-11T10:07:42.452+0000][gc,heap      ] GC(2) Survivor regions: 1->1(4)
[2023-07-11T10:07:42.452+0000][gc,heap      ] GC(2) Old regions: 9->9
[2023-07-11T10:07:42.452+0000][gc,heap      ] GC(2) Humongous regions: 0->0
[2023-07-11T10:07:42.453+0000][gc,metaspace ] GC(2) Metaspace: 9349K(9856K)->9349K(9856K) NonClass: 8372K(8704K)->8372K(8704K) Class: 976K(1152K)->976K(1152K)
[2023-07-11T10:07:42.453+0000][gc           ] GC(2) Pause Young (Normal) (G1 Evacuation Pause) 32M->8M(512M) 9.559ms
[2023-07-11T10:07:42.453+0000][gc,cpu       ] GC(2) User=0.02s Sys=0.00s Real=0.01s
[2023-07-29T04:24:53.415+0000][gc,start     ] GC(3) Pause Young (Normal) (G1 Evacuation Pause)
[2023-07-29T04:24:53.415+0000][gc,task      ] GC(3) Using 8 workers of 8 for evacuation
[2023-07-29T04:24:53.430+0000][gc,phases    ] GC(3)   Pre Evacuate Collection Set: 0.0ms
[2023-07-29T04:24:53.430+0000][gc,phases    ] GC(3)   Evacuate Collection Set: 8.0ms
[2023-07-29T04:24:53.430+0000][gc,phases    ] GC(3)   Post Evacuate Collection Set: 7.3ms
[2023-07-29T04:24:53.430+0000][gc,phases    ] GC(3)   Other: 0.2ms
[2023-07-29T04:24:53.430+0000][gc,heap      ] GC(3) Eden regions: 24->0(24)
[2023-07-29T04:24:53.430+0000][gc,heap      ] GC(3) Survivor regions: 1->1(4)
[2023-07-29T04:24:53.430+0000][gc,heap      ] GC(3) Old regions: 9->9
[2023-07-29T04:24:53.430+0000][gc,heap      ] GC(3) Humongous regions: 0->0
[2023-07-29T04:24:53.430+0000][gc,metaspace ] GC(3) Metaspace: 9356K(9856K)->9356K(9856K) NonClass: 8379K(8704K)->8379K(8704K) Class: 976K(1152K)->976K(1152K)
[2023-07-29T04:24:53.430+0000][gc           ] GC(3) Pause Young (Normal) (G1 Evacuation Pause) 32M->8M(512M) 15.557ms
[2023-07-29T04:24:53.430+0000][gc,cpu       ] GC(3) User=0.05s Sys=0.00s Real=0.02s
[2023-08-16T17:25:04.964+0000][gc,start     ] GC(4) Pause Young (Normal) (G1 Evacuation Pause)
[2023-08-16T17:25:04.964+0000][gc,task      ] GC(4) Using 8 workers of 8 for evacuation
[2023-08-16T17:25:04.985+0000][gc,mmu       ] GC(4) MMU target violated: 21.0ms (20.0ms/21.0ms)
[2023-08-16T17:25:04.985+0000][gc,phases    ] GC(4)   Pre Evacuate Collection Set: 0.0ms
[2023-08-16T17:25:04.985+0000][gc,phases    ] GC(4)   Evacuate Collection Set: 16.5ms
[2023-08-16T17:25:04.985+0000][gc,phases    ] GC(4)   Post Evacuate Collection Set: 4.4ms
[2023-08-16T17:25:04.985+0000][gc,phases    ] GC(4)   Other: 0.2ms
[2023-08-16T17:25:04.985+0000][gc,heap      ] GC(4) Eden regions: 24->0(24)
[2023-08-16T17:25:04.985+0000][gc,heap      ] GC(4) Survivor regions: 1->1(4)
[2023-08-16T17:25:04.985+0000][gc,heap      ] GC(4) Old regions: 9->9
[2023-08-16T17:25:04.985+0000][gc,heap      ] GC(4) Humongous regions: 0->0
[2023-08-16T17:25:04.985+0000][gc,metaspace ] GC(4) Metaspace: 9358K(9856K)->9358K(9856K) NonClass: 8381K(8704K)->8381K(8704K) Class: 976K(1152K)->976K(1152K)
[2023-08-16T17:25:04.985+0000][gc           ] GC(4) Pause Young (Normal) (G1 Evacuation Pause) 32M->8M(512M) 21.168ms
[2023-08-16T17:25:04.985+0000][gc,cpu       ] GC(4) User=0.05s Sys=0.00s Real=0.02s
[2023-08-28T13:21:24.414+0000][gc,start     ] GC(5) Pause Young (Normal) (G1 Evacuation Pause)
[2023-08-28T13:21:24.414+0000][gc,task      ] GC(5) Using 8 workers of 8 for evacuation
[2023-08-28T13:21:24.425+0000][gc,phases    ] GC(5)   Pre Evacuate Collection Set: 0.0ms
[2023-08-28T13:21:24.425+0000][gc,phases    ] GC(5)   Evacuate Collection Set: 3.0ms
[2023-08-28T13:21:24.425+0000][gc,phases    ] GC(5)   Post Evacuate Collection Set: 7.6ms
[2023-08-28T13:21:24.425+0000][gc,phases    ] GC(5)   Other: 0.2ms
[2023-08-28T13:21:24.425+0000][gc,heap      ] GC(5) Eden regions: 24->0(24)
[2023-08-28T13:21:24.425+0000][gc,heap      ] GC(5) Survivor regions: 1->1(4)
[2023-08-28T13:21:24.425+0000][gc,heap      ] GC(5) Old regions: 9->9
[2023-08-28T13:21:24.425+0000][gc,heap      ] GC(5) Humongous regions: 0->0
[2023-08-28T13:21:24.425+0000][gc,metaspace ] GC(5) Metaspace: 9366K(9856K)->9366K(9856K) NonClass: 8390K(8704K)->8390K(8704K) Class: 976K(1152K)->976K(1152K)
[2023-08-28T13:21:24.425+0000][gc           ] GC(5) Pause Young (Normal) (G1 Evacuation Pause) 32M->8M(512M) 10.885ms
[2023-08-28T13:21:24.425+0000][gc,cpu       ] GC(5) User=0.02s Sys=0.00s Real=0.01s
