[2022-10-27T10:35:05.494+0000][gc,heap] Heap region size: 1M
[2022-10-27T10:35:05.499+0000][gc     ] Using G1
[2022-10-27T10:35:05.499+0000][gc,heap,coops] Heap address: 0x00000000e0000000, size: 512 MB, Compressed Oops mode: 32-bit
[2022-10-27T10:35:05.499+0000][gc,cds       ] Mark closed archive regions in map: [0x00000000fff00000, 0x00000000fff6aff8]
[2022-10-27T10:35:05.499+0000][gc,cds       ] Mark open archive regions in map: [0x00000000ffe00000, 0x00000000ffe47ff8]
[2022-10-27T10:35:05.956+0000][gc,start     ] GC(0) Pause Young (Normal) (G1 Evacuation Pause)
[2022-10-27T10:35:05.956+0000][gc,task      ] GC(0) Using 8 workers of 8 for evacuation
[2022-10-27T10:35:05.966+0000][gc,phases    ] GC(0)   Pre Evacuate Collection Set: 0.0ms
[2022-10-27T10:35:05.966+0000][gc,phases    ] GC(0)   Evacuate Collection Set: 8.6ms
[2022-10-27T10:35:05.966+0000][gc,phases    ] GC(0)   Post Evacuate Collection Set: 0.3ms
[2022-10-27T10:35:05.966+0000][gc,phases    ] GC(0)   Other: 0.7ms
[2022-10-27T10:35:05.966+0000][gc,heap      ] GC(0) Eden regions: 25->0(21)
[2022-10-27T10:35:05.966+0000][gc,heap      ] GC(0) Survivor regions: 0->4(4)
[2022-10-27T10:35:05.966+0000][gc,heap      ] GC(0) Old regions: 2->5
[2022-10-27T10:35:05.966+0000][gc,heap      ] GC(0) Humongous regions: 0->0
[2022-10-27T10:35:05.966+0000][gc,metaspace ] GC(0) Metaspace: 7321K->7321K(1056768K)
[2022-10-27T10:35:05.966+0000][gc           ] GC(0) Pause Young (Normal) (G1 Evacuation Pause) 25M->7M(512M) 9.739ms
[2022-10-27T10:35:05.966+0000][gc,cpu       ] GC(0) User=0.05s Sys=0.00s Real=0.01s
[2022-11-01T21:10:29.446+0000][gc,start     ] GC(1) Pause Young (Normal) (G1 Evacuation Pause)
[2022-11-01T21:10:29.446+0000][gc,task      ] GC(1) Using 8 workers of 8 for evacuation
[2022-11-01T21:10:29.486+0000][gc,mmu       ] GC(1) MMU target violated: 21.0ms (20.0ms/21.0ms)
[2022-11-01T21:10:29.486+0000][gc,phases    ] GC(1)   Pre Evacuate Collection Set: 0.8ms
[2022-11-01T21:10:29.486+0000][gc,phases    ] GC(1)   Evacuate Collection Set: 38.7ms
[2022-11-01T21:10:29.486+0000][gc,phases    ] GC(1)   Post Evacuate Collection Set: 0.4ms
[2022-11-01T21:10:29.486+0000][gc,phases    ] GC(1)   Other: 0.4ms
[2022-11-01T21:10:29.486+0000][gc,heap      ] GC(1) Eden regions: 21->0(24)
[2022-11-01T21:10:29.486+0000][gc,heap      ] GC(1) Survivor regions: 4->1(4)
[2022-11-01T21:10:29.486+0000][gc,heap      ] GC(1) Old regions: 5->9
[2022-11-01T21:10:29.486+0000][gc,heap      ] GC(1) Humongous regions: 0->0
[2022-11-01T21:10:29.486+0000][gc,metaspace ] GC(1) Metaspace: 9179K->9179K(1058816K)
[2022-11-01T21:10:29.486+0000][gc           ] GC(1) Pause Young (Normal) (G1 Evacuation Pause) 28M->8M(512M) 40.314ms
[2022-11-01T21:10:29.486+0000][gc,cpu       ] GC(1) User=0.07s Sys=0.00s Real=0.04s
[2022-11-20T09:56:14.446+0000][gc,start     ] GC(2) Pause Young (Normal) (G1 Evacuation Pause)
[2022-11-20T09:56:14.446+0000][gc,task      ] GC(2) Using 8 workers of 8 for evacuation
[2022-11-20T09:56:14.476+0000][gc,mmu       ] GC(2) MMU target violated: 21.0ms (20.0ms/21.0ms)
[2022-11-20T09:56:14.476+0000][gc,phases    ] GC(2)   Pre Evacuate Collection Set: 0.9ms
[2022-11-20T09:56:14.476+0000][gc,phases    ] GC(2)   Evacuate Collection Set: 7.4ms
[2022-11-20T09:56:14.476+0000][gc,phases    ] GC(2)   Post Evacuate Collection Set: 21.5ms
[2022-11-20T09:56:14.476+0000][gc,phases    ] GC(2)   Other: 0.4ms
[2022-11-20T09:56:14.476+0000][gc,heap      ] GC(2) Eden regions: 24->0(24)
[2022-11-20T09:56:14.476+0000][gc,heap      ] GC(2) Survivor regions: 1->1(4)
[2022-11-20T09:56:14.476+0000][gc,heap      ] GC(2) Old regions: 9->9
[2022-11-20T09:56:14.476+0000][gc,heap      ] GC(2) Humongous regions: 0->0
[2022-11-20T09:56:14.476+0000][gc,metaspace ] GC(2) Metaspace: 9181K->9181K(1058816K)
[2022-11-20T09:56:14.476+0000][gc           ] GC(2) Pause Young (Normal) (G1 Evacuation Pause) 32M->7M(512M) 30.167ms
[2022-11-20T09:56:14.476+0000][gc,cpu       ] GC(2) User=0.08s Sys=0.00s Real=0.03s
[2022-12-02T13:10:56.446+0000][gc,start     ] GC(3) Pause Young (Normal) (G1 Evacuation Pause)
[2022-12-02T13:10:56.446+0000][gc,task      ] GC(3) Using 8 workers of 8 for evacuation
[2022-12-02T13:10:56.456+0000][gc,phases    ] GC(3)   Pre Evacuate Collection Set: 0.8ms
[2022-12-02T13:10:56.456+0000][gc,phases    ] GC(3)   Evacuate Collection Set: 4.0ms
[2022-12-02T13:10:56.456+0000][gc,phases    ] GC(3)   Post Evacuate Collection Set: 4.4ms
[2022-12-02T13:10:56.456+0000][gc,phases    ] GC(3)   Other: 0.4ms
[2022-12-02T13:10:56.456+0000][gc,heap      ] GC(3) Eden regions: 24->0(24)
[2022-12-02T13:10:56.456+0000][gc,heap      ] GC(3) Survivor regions: 1->1(4)
[2022-12-02T13:10:56.456+0000][gc,heap      ] GC(3) Old regions: 9->9
[2022-12-02T13:10:56.456+0000][gc,heap      ] GC(3) Humongous regions: 0->0
[2022-12-02T13:10:56.456+0000][gc,metaspace ] GC(3) Metaspace: 9206K->9206K(1058816K)
[2022-12-02T13:10:56.456+0000][gc           ] GC(3) Pause Young (Normal) (G1 Evacuation Pause) 31M->7M(512M) 9.667ms
[2022-12-02T13:10:56.456+0000][gc,cpu       ] GC(3) User=0.02s Sys=0.00s Real=0.01s
